- 176.31.15.134 - - [12/Apr/2014:08:42:18 +0200] "HEAD / HTTP/1.1" 200 244 "-" "check_http/v1.4.16 (nagios-plugins 1.4.16)"
- 88.198.233.245 - - [12/Apr/2014:08:42:21 +0200] "HEAD / HTTP/1.1" 200 244 "-" "check_http/v1.5 (nagios-plugins 1.5)"
- 46.248.163.70 - - [12/Apr/2014:08:42:49 +0200] "HEAD / HTTP/1.1" 200 244 "-" "check_http/v1.4.16 (nagios-plugins 1.4.16)"
- 176.31.15.134 - - [12/Apr/2014:08:43:18 +0200] "HEAD / HTTP/1.1" 200 244 "-" "check_http/v1.4.16 (nagios-plugins 1.4.16)"
- 88.198.233.245 - - [12/Apr/2014:08:43:21 +0200] "HEAD / HTTP/1.1" 200 244 "-" "check_http/v1.5 (nagios-plugins 1.5)"
- 46.248.163.70 - - [12/Apr/2014:08:43:49 +0200] "HEAD / HTTP/1.1" 200 244 "-" "check_http/v1.4.16 (nagios-plugins 1.4.16)"
- 176.31.15.134 - - [12/Apr/2014:08:44:18 +0200] "HEAD / HTTP/1.1" 200 244 "-" "check_http/v1.4.16 (nagios-plugins 1.4.16)"
- 88.198.233.245 - - [12/Apr/2014:08:44:21 +0200] "HEAD / HTTP/1.1" 200 244 "-" "check_http/v1.5 (nagios-plugins 1.5)"
- 46.248.163.70 - - [12/Apr/2014:08:44:49 +0200] "HEAD / HTTP/1.1" 200 244 "-" "check_http/v1.4.16 (nagios-plugins 1.4.16)"
- 176.31.15.134 - - [12/Apr/2014:08:45:18 +0200] "HEAD / HTTP/1.1" 200 244 "-" "check_http/v1.4.16 (nagios-plugins 1.4.16)"
- 88.198.233.245 - - [12/Apr/2014:08:45:21 +0200] "HEAD / HTTP/1.1" 200 244 "-" "check_http/v1.5 (nagios-plugins 1.5)"
- 46.248.163.70 - - [12/Apr/2014:08:45:49 +0200] "HEAD / HTTP/1.1" 200 244 "-" "check_http/v1.4.16 (nagios-plugins 1.4.16)"
- 176.31.15.134 - - [12/Apr/2014:08:46:18 +0200] "HEAD / HTTP/1.1" 200 244 "-" "check_http/v1.4.16 (nagios-plugins 1.4.16)"
- 88.198.233.245 - - [12/Apr/2014:08:46:21 +0200] "HEAD / HTTP/1.1" 200 244 "-" "check_http/v1.5 (nagios-plugins 1.5)"
- 46.248.163.70 - - [12/Apr/2014:08:46:49 +0200] "HEAD / HTTP/1.1" 200 244 "-" "check_http/v1.4.16 (nagios-plugins 1.4.16)"
- 176.31.15.134 - - [12/Apr/2014:08:47:18 +0200] "HEAD / HTTP/1.1" 200 244 "-" "check_http/v1.4.16 (nagios-plugins 1.4.16)"
- 88.198.233.245 - - [12/Apr/2014:08:47:21 +0200] "HEAD / HTTP/1.1" 200 244 "-" "check_http/v1.5 (nagios-plugins 1.5)"
- 46.248.163.70 - - [12/Apr/2014:08:47:49 +0200] "HEAD / HTTP/1.1" 200 244 "-" "check_http/v1.4.16 (nagios-plugins 1.4.16)"
- 176.31.15.134 - - [12/Apr/2014:08:48:18 +0200] "HEAD / HTTP/1.1" 200 244 "-" "check_http/v1.4.16 (nagios-plugins 1.4.16)"
- 88.198.233.245 - - [12/Apr/2014:08:48:21 +0200] "HEAD / HTTP/1.1" 200 244 "-" "check_http/v1.5 (nagios-plugins 1.5)"
- 46.248.163.70 - - [12/Apr/2014:08:48:49 +0200] "HEAD / HTTP/1.1" 200 244 "-" "check_http/v1.4.16 (nagios-plugins 1.4.16)"
- 176.31.15.134 - - [12/Apr/2014:08:49:18 +0200] "HEAD / HTTP/1.1" 200 244 "-" "check_http/v1.4.16 (nagios-plugins 1.4.16)"
- 88.198.233.245 - - [12/Apr/2014:08:49:21 +0200] "HEAD / HTTP/1.1" 200 244 "-" "check_http/v1.5 (nagios-plugins 1.5)"
- 46.248.163.70 - - [12/Apr/2014:08:49:49 +0200] "HEAD / HTTP/1.1" 200 244 "-" "check_http/v1.4.16 (nagios-plugins 1.4.16)"
- 176.31.15.134 - - [12/Apr/2014:08:50:18 +0200] "HEAD / HTTP/1.1" 200 244 "-" "check_http/v1.4.16 (nagios-plugins 1.4.16)"
- 88.198.233.245 - - [12/Apr/2014:08:50:21 +0200] "HEAD / HTTP/1.1" 200 244 "-" "check_http/v1.5 (nagios-plugins 1.5)"
- 46.248.163.70 - - [12/Apr/2014:08:50:49 +0200] "HEAD / HTTP/1.1" 200 244 "-" "check_http/v1.4.16 (nagios-plugins 1.4.16)"
- 176.31.15.134 - - [12/Apr/2014:08:51:18 +0200] "HEAD / HTTP/1.1" 200 244 "-" "check_http/v1.4.16 (nagios-plugins 1.4.16)"
- 88.198.233.245 - - [12/Apr/2014:08:51:21 +0200] "HEAD / HTTP/1.1" 200 244 "-" "check_http/v1.5 (nagios-plugins 1.5)"
- 46.248.163.70 - - [12/Apr/2014:08:51:49 +0200] "HEAD / HTTP/1.1" 200 244 "-" "check_http/v1.4.16 (nagios-plugins 1.4.16)"
- 176.31.15.134 - - [12/Apr/2014:08:52:18 +0200] "HEAD / HTTP/1.1" 200 244 "-" "check_http/v1.4.16 (nagios-plugins 1.4.16)"
- 88.198.233.245 - - [12/Apr/2014:08:52:21 +0200] "HEAD / HTTP/1.1" 200 244 "-" "check_http/v1.5 (nagios-plugins 1.5)"
- 46.248.163.70 - - [12/Apr/2014:08:52:49 +0200] "HEAD / HTTP/1.1" 200 244 "-" "check_http/v1.4.16 (nagios-plugins 1.4.16)"
- 176.31.15.134 - - [12/Apr/2014:08:53:18 +0200] "HEAD / HTTP/1.1" 200 244 "-" "check_http/v1.4.16 (nagios-plugins 1.4.16)"
- 88.198.233.245 - - [12/Apr/2014:08:53:21 +0200] "HEAD / HTTP/1.1" 200 244 "-" "check_http/v1.5 (nagios-plugins 1.5)"
- 46.248.163.70 - - [12/Apr/2014:08:53:49 +0200] "HEAD / HTTP/1.1" 200 244 "-" "check_http/v1.4.16 (nagios-plugins 1.4.16)"
- 176.31.15.134 - - [12/Apr/2014:08:54:18 +0200] "HEAD / HTTP/1.1" 200 244 "-" "check_http/v1.4.16 (nagios-plugins 1.4.16)"
- 88.198.233.245 - - [12/Apr/2014:08:54:21 +0200] "HEAD / HTTP/1.1" 200 244 "-" "check_http/v1.5 (nagios-plugins 1.5)"
- 46.248.163.70 - - [12/Apr/2014:08:54:49 +0200] "HEAD / HTTP/1.1" 200 244 "-" "check_http/v1.4.16 (nagios-plugins 1.4.16)"
- 176.31.15.134 - - [12/Apr/2014:08:55:18 +0200] "HEAD / HTTP/1.1" 200 244 "-" "check_http/v1.4.16 (nagios-plugins 1.4.16)"
- 88.198.233.245 - - [12/Apr/2014:08:55:21 +0200] "HEAD / HTTP/1.1" 200 244 "-" "check_http/v1.5 (nagios-plugins 1.5)"
- 46.248.163.70 - - [12/Apr/2014:08:55:49 +0200] "HEAD / HTTP/1.1" 200 244 "-" "check_http/v1.4.16 (nagios-plugins 1.4.16)"
- 180.76.5.154 - - [12/Apr/2014:08:55:50 +0200] "GET /website/mapbox HTTP/1.1" 200 3326 "-" "Mozilla/5.0 (compatible; Baiduspider/2.0; +http://www.baidu.com/search/spider.html)"
- 176.31.15.134 - - [12/Apr/2014:08:56:18 +0200] "HEAD / HTTP/1.1" 200 244 "-" "check_http/v1.4.16 (nagios-plugins 1.4.16)"
- 88.198.233.245 - - [12/Apr/2014:08:56:21 +0200] "HEAD / HTTP/1.1" 200 244 "-" "check_http/v1.5 (nagios-plugins 1.5)"
- 46.248.163.70 - - [12/Apr/2014:08:56:49 +0200] "HEAD / HTTP/1.1" 200 244 "-" "check_http/v1.4.16 (nagios-plugins 1.4.16)"
- 176.31.15.134 - - [12/Apr/2014:08:57:18 +0200] "HEAD / HTTP/1.1" 200 244 "-" "check_http/v1.4.16 (nagios-plugins 1.4.16)"
- 88.198.233.245 - - [12/Apr/2014:08:57:21 +0200] "HEAD / HTTP/1.1" 200 244 "-" "check_http/v1.5 (nagios-plugins 1.5)"
- 46.248.163.70 - - [12/Apr/2014:08:57:49 +0200] "HEAD / HTTP/1.1" 200 244 "-" "check_http/v1.4.16 (nagios-plugins 1.4.16)"
- 176.31.15.134 - - [12/Apr/2014:08:58:18 +0200] "HEAD / HTTP/1.1" 200 244 "-" "check_http/v1.4.16 (nagios-plugins 1.4.16)"
- 88.198.233.245 - - [12/Apr/2014:08:58:21 +0200] "HEAD / HTTP/1.1" 200 244 "-" "check_http/v1.5 (nagios-plugins 1.5)"
- 46.248.163.70 - - [12/Apr/2014:08:58:49 +0200] "HEAD / HTTP/1.1" 200 244 "-" "check_http/v1.4.16 (nagios-plugins 1.4.16)"
- 176.31.15.134 - - [12/Apr/2014:08:59:18 +0200] "HEAD / HTTP/1.1" 200 244 "-" "check_http/v1.4.16 (nagios-plugins 1.4.16)"
- 88.198.233.245 - - [12/Apr/2014:08:59:21 +0200] "HEAD / HTTP/1.1" 200 244 "-" "check_http/v1.5 (nagios-plugins 1.5)"
- 46.248.163.70 - - [12/Apr/2014:08:59:49 +0200] "HEAD / HTTP/1.1" 200 244 "-" "check_http/v1.4.16 (nagios-plugins 1.4.16)"
- 176.31.15.134 - - [12/Apr/2014:09:00:18 +0200] "HEAD / HTTP/1.1" 200 244 "-" "check_http/v1.4.16 (nagios-plugins 1.4.16)"
- 88.198.233.245 - - [12/Apr/2014:09:00:21 +0200] "HEAD / HTTP/1.1" 200 244 "-" "check_http/v1.5 (nagios-plugins 1.5)"
- 46.248.163.70 - - [12/Apr/2014:09:00:49 +0200] "HEAD / HTTP/1.1" 200 244 "-" "check_http/v1.4.16 (nagios-plugins 1.4.16)"
- 176.31.15.134 - - [12/Apr/2014:09:01:18 +0200] "HEAD / HTTP/1.1" 200 244 "-" "check_http/v1.4.16 (nagios-plugins 1.4.16)"
- 88.198.233.245 - - [12/Apr/2014:09:01:21 +0200] "HEAD / HTTP/1.1" 200 244 "-" "check_http/v1.5 (nagios-plugins 1.5)"
- 46.248.163.70 - - [12/Apr/2014:09:01:49 +0200] "HEAD / HTTP/1.1" 200 244 "-" "check_http/v1.4.16 (nagios-plugins 1.4.16)"
- 176.31.15.134 - - [12/Apr/2014:09:02:18 +0200] "HEAD / HTTP/1.1" 200 244 "-" "check_http/v1.4.16 (nagios-plugins 1.4.16)"
- 88.198.233.245 - - [12/Apr/2014:09:02:21 +0200] "HEAD / HTTP/1.1" 200 244 "-" "check_http/v1.5 (nagios-plugins 1.5)"
- 46.248.163.70 - - [12/Apr/2014:09:02:49 +0200] "HEAD / HTTP/1.1" 200 244 "-" "check_http/v1.4.16 (nagios-plugins 1.4.16)"
- 176.31.15.134 - - [12/Apr/2014:09:03:18 +0200] "HEAD / HTTP/1.1" 200 244 "-" "check_http/v1.4.16 (nagios-plugins 1.4.16)"
- 88.198.233.245 - - [12/Apr/2014:09:03:21 +0200] "HEAD / HTTP/1.1" 200 244 "-" "check_http/v1.5 (nagios-plugins 1.5)"
- 46.248.163.70 - - [12/Apr/2014:09:03:49 +0200] "HEAD / HTTP/1.1" 200 244 "-" "check_http/v1.4.16 (nagios-plugins 1.4.16)"
- 176.31.15.134 - - [12/Apr/2014:09:04:18 +0200] "HEAD / HTTP/1.1" 200 244 "-" "check_http/v1.4.16 (nagios-plugins 1.4.16)"
- 88.198.233.245 - - [12/Apr/2014:09:04:21 +0200] "HEAD / HTTP/1.1" 200 244 "-" "check_http/v1.5 (nagios-plugins 1.5)"
- 46.248.163.70 - - [12/Apr/2014:09:04:49 +0200] "HEAD / HTTP/1.1" 200 244 "-" "check_http/v1.4.16 (nagios-plugins 1.4.16)"
- 176.31.15.134 - - [12/Apr/2014:09:05:18 +0200] "HEAD / HTTP/1.1" 200 244 "-" "check_http/v1.4.16 (nagios-plugins 1.4.16)"
- 88.198.233.245 - - [12/Apr/2014:09:05:21 +0200] "HEAD / HTTP/1.1" 200 244 "-" "check_http/v1.5 (nagios-plugins 1.5)"
- 66.249.68.168 - - [12/Apr/2014:09:05:27 +0200] "GET /flashcache HTTP/1.1" 200 4907 "-" "Mozilla/5.0 (iPhone; CPU iPhone OS 6_0 like Mac OS X) AppleWebKit/536.26 (KHTML, like Gecko) Version/6.0 Mobile/10A5376e Safari/8536.25 (compatible; Googlebot/2.1; +http://www.google.com/bot.html)"
- 46.248.163.70 - - [12/Apr/2014:09:05:49 +0200] "HEAD / HTTP/1.1" 200 244 "-" "check_http/v1.4.16 (nagios-plugins 1.4.16)"
- 176.31.15.134 - - [12/Apr/2014:09:06:18 +0200] "HEAD / HTTP/1.1" 200 244 "-" "check_http/v1.4.16 (nagios-plugins 1.4.16)"
- 88.198.233.245 - - [12/Apr/2014:09:06:21 +0200] "HEAD / HTTP/1.1" 200 244 "-" "check_http/v1.5 (nagios-plugins 1.5)"
- 208.115.113.87 - - [12/Apr/2014:09:06:27 +0200] "GET /robots.txt HTTP/1.1" 200 355 "-" "Mozilla/5.0 (compatible; Ezooms/1.0; help@moz.com)"
- 46.248.163.70 - - [12/Apr/2014:09:06:49 +0200] "HEAD / HTTP/1.1" 200 244 "-" "check_http/v1.4.16 (nagios-plugins 1.4.16)"
- 176.31.15.134 - - [12/Apr/2014:09:07:18 +0200] "HEAD / HTTP/1.1" 200 244 "-" "check_http/v1.4.16 (nagios-plugins 1.4.16)"
- 88.198.233.245 - - [12/Apr/2014:09:07:21 +0200] "HEAD / HTTP/1.1" 200 244 "-" "check_http/v1.5 (nagios-plugins 1.5)"
- 46.248.163.70 - - [12/Apr/2014:09:07:49 +0200] "HEAD / HTTP/1.1" 200 244 "-" "check_http/v1.4.16 (nagios-plugins 1.4.16)"
- 176.31.15.134 - - [12/Apr/2014:09:08:18 +0200] "HEAD / HTTP/1.1" 200 244 "-" "check_http/v1.4.16 (nagios-plugins 1.4.16)"
- 88.198.233.245 - - [12/Apr/2014:09:08:21 +0200] "HEAD / HTTP/1.1" 200 244 "-" "check_http/v1.5 (nagios-plugins 1.5)"
- 46.248.163.70 - - [12/Apr/2014:09:08:49 +0200] "HEAD / HTTP/1.1" 200 244 "-" "check_http/v1.4.16 (nagios-plugins 1.4.16)"
- 5.10.83.17 - - [12/Apr/2014:09:09:13 +0200] "GET /website/etsy HTTP/1.1" 200 5914 "-" "Mozilla/5.0 (compatible; AhrefsBot/5.0; +http://ahrefs.com/robot/)"
- 176.31.15.134 - - [12/Apr/2014:09:09:18 +0200] "HEAD / HTTP/1.1" 200 244 "-" "check_http/v1.4.16 (nagios-plugins 1.4.16)"
- 88.198.233.245 - - [12/Apr/2014:09:09:21 +0200] "HEAD / HTTP/1.1" 200 244 "-" "check_http/v1.5 (nagios-plugins 1.5)"
- 46.248.163.70 - - [12/Apr/2014:09:09:49 +0200] "HEAD / HTTP/1.1" 200 244 "-" "check_http/v1.4.16 (nagios-plugins 1.4.16)"
- 176.31.15.134 - - [12/Apr/2014:09:10:18 +0200] "HEAD / HTTP/1.1" 200 244 "-" "check_http/v1.4.16 (nagios-plugins 1.4.16)"
- 88.198.233.245 - - [12/Apr/2014:09:10:21 +0200] "HEAD / HTTP/1.1" 200 244 "-" "check_http/v1.5 (nagios-plugins 1.5)"
- 46.248.163.70 - - [12/Apr/2014:09:10:49 +0200] "HEAD / HTTP/1.1" 200 244 "-" "check_http/v1.4.16 (nagios-plugins 1.4.16)"
- 176.31.15.134 - - [12/Apr/2014:09:11:18 +0200] "HEAD / HTTP/1.1" 200 244 "-" "check_http/v1.4.16 (nagios-plugins 1.4.16)"
- 88.198.233.245 - - [12/Apr/2014:09:11:21 +0200] "HEAD / HTTP/1.1" 200 244 "-" "check_http/v1.5 (nagios-plugins 1.5)"
- 46.248.163.70 - - [12/Apr/2014:09:11:49 +0200] "HEAD / HTTP/1.1" 200 244 "-" "check_http/v1.4.16 (nagios-plugins 1.4.16)"
- 176.31.15.134 - - [12/Apr/2014:09:12:18 +0200] "HEAD / HTTP/1.1" 200 244 "-" "check_http/v1.4.16 (nagios-plugins 1.4.16)"
- 88.198.233.245 - - [12/Apr/2014:09:12:21 +0200] "HEAD / HTTP/1.1" 200 244 "-" "check_http/v1.5 (nagios-plugins 1.5)"
- 46.248.163.70 - - [12/Apr/2014:09:12:49 +0200] "HEAD / HTTP/1.1" 200 244 "-" "check_http/v1.4.16 (nagios-plugins 1.4.16)"
- 176.31.15.134 - - [12/Apr/2014:09:13:18 +0200] "HEAD / HTTP/1.1" 200 244 "-" "check_http/v1.4.16 (nagios-plugins 1.4.16)"
- 88.198.233.245 - - [12/Apr/2014:09:13:21 +0200] "HEAD / HTTP/1.1" 200 244 "-" "check_http/v1.5 (nagios-plugins 1.5)"
- 46.248.163.70 - - [12/Apr/2014:09:13:49 +0200] "HEAD / HTTP/1.1" 200 244 "-" "check_http/v1.4.16 (nagios-plugins 1.4.16)"
- 176.31.15.134 - - [12/Apr/2014:09:14:18 +0200] "HEAD / HTTP/1.1" 200 244 "-" "check_http/v1.4.16 (nagios-plugins 1.4.16)"
- 88.198.233.245 - - [12/Apr/2014:09:14:21 +0200] "HEAD / HTTP/1.1" 200 244 "-" "check_http/v1.5 (nagios-plugins 1.5)"
- 46.248.163.70 - - [12/Apr/2014:09:14:49 +0200] "HEAD / HTTP/1.1" 200 244 "-" "check_http/v1.4.16 (nagios-plugins 1.4.16)"
- 176.31.15.134 - - [12/Apr/2014:09:15:18 +0200] "HEAD / HTTP/1.1" 200 244 "-" "check_http/v1.4.16 (nagios-plugins 1.4.16)"
- 88.198.233.245 - - [12/Apr/2014:09:15:21 +0200] "HEAD / HTTP/1.1" 200 244 "-" "check_http/v1.5 (nagios-plugins 1.5)"
- 46.248.163.70 - - [12/Apr/2014:09:15:49 +0200] "HEAD / HTTP/1.1" 200 244 "-" "check_http/v1.4.16 (nagios-plugins 1.4.16)"
- 176.31.15.134 - - [12/Apr/2014:09:16:18 +0200] "HEAD / HTTP/1.1" 200 244 "-" "check_http/v1.4.16 (nagios-plugins 1.4.16)"
- 88.198.233.245 - - [12/Apr/2014:09:16:21 +0200] "HEAD / HTTP/1.1" 200 244 "-" "check_http/v1.5 (nagios-plugins 1.5)"
- 46.248.163.70 - - [12/Apr/2014:09:16:49 +0200] "HEAD / HTTP/1.1" 200 244 "-" "check_http/v1.4.16 (nagios-plugins 1.4.16)"
- 176.31.15.134 - - [12/Apr/2014:09:17:18 +0200] "HEAD / HTTP/1.1" 200 244 "-" "check_http/v1.4.16 (nagios-plugins 1.4.16)"
- 88.198.233.245 - - [12/Apr/2014:09:17:21 +0200] "HEAD / HTTP/1.1" 200 244 "-" "check_http/v1.5 (nagios-plugins 1.5)"
- 46.248.163.70 - - [12/Apr/2014:09:17:49 +0200] "HEAD / HTTP/1.1" 200 244 "-" "check_http/v1.4.16 (nagios-plugins 1.4.16)"
- 176.31.15.134 - - [12/Apr/2014:09:18:18 +0200] "HEAD / HTTP/1.1" 200 244 "-" "check_http/v1.4.16 (nagios-plugins 1.4.16)"
- 88.198.233.245 - - [12/Apr/2014:09:18:21 +0200] "HEAD / HTTP/1.1" 200 244 "-" "check_http/v1.5 (nagios-plugins 1.5)"
- 46.248.163.70 - - [12/Apr/2014:09:18:49 +0200] "HEAD / HTTP/1.1" 200 244 "-" "check_http/v1.4.16 (nagios-plugins 1.4.16)"
- 176.31.15.134 - - [12/Apr/2014:09:19:18 +0200] "HEAD / HTTP/1.1" 200 244 "-" "check_http/v1.4.16 (nagios-plugins 1.4.16)"
- 88.198.233.245 - - [12/Apr/2014:09:19:21 +0200] "HEAD / HTTP/1.1" 200 244 "-" "check_http/v1.5 (nagios-plugins 1.5)"
- 46.248.163.70 - - [12/Apr/2014:09:19:49 +0200] "HEAD / HTTP/1.1" 200 244 "-" "check_http/v1.4.16 (nagios-plugins 1.4.16)"
- 176.31.15.134 - - [12/Apr/2014:09:20:18 +0200] "HEAD / HTTP/1.1" 200 244 "-" "check_http/v1.4.16 (nagios-plugins 1.4.16)"
- 88.198.233.245 - - [12/Apr/2014:09:20:21 +0200] "HEAD / HTTP/1.1" 200 244 "-" "check_http/v1.5 (nagios-plugins 1.5)"
- 46.248.163.70 - - [12/Apr/2014:09:20:49 +0200] "HEAD / HTTP/1.1" 200 244 "-" "check_http/v1.4.16 (nagios-plugins 1.4.16)"
- 176.31.15.134 - - [12/Apr/2014:09:21:18 +0200] "HEAD / HTTP/1.1" 200 244 "-" "check_http/v1.4.16 (nagios-plugins 1.4.16)"
- 88.198.233.245 - - [12/Apr/2014:09:21:21 +0200] "HEAD / HTTP/1.1" 200 244 "-" "check_http/v1.5 (nagios-plugins 1.5)"
- 46.248.163.70 - - [12/Apr/2014:09:21:49 +0200] "HEAD / HTTP/1.1" 200 244 "-" "check_http/v1.4.16 (nagios-plugins 1.4.16)"
- 176.31.15.134 - - [12/Apr/2014:09:22:18 +0200] "HEAD / HTTP/1.1" 200 244 "-" "check_http/v1.4.16 (nagios-plugins 1.4.16)"
- 88.198.233.245 - - [12/Apr/2014:09:22:21 +0200] "HEAD / HTTP/1.1" 200 244 "-" "check_http/v1.5 (nagios-plugins 1.5)"
- 5.10.83.53 - - [12/Apr/2014:09:22:41 +0200] "GET /thrift HTTP/1.1" 200 5867 "-" "Mozilla/5.0 (compatible; AhrefsBot/5.0; +http://ahrefs.com/robot/)"
- 46.248.163.70 - - [12/Apr/2014:09:22:49 +0200] "HEAD / HTTP/1.1" 200 244 "-" "check_http/v1.4.16 (nagios-plugins 1.4.16)"
- 176.31.15.134 - - [12/Apr/2014:09:23:18 +0200] "HEAD / HTTP/1.1" 200 244 "-" "check_http/v1.4.16 (nagios-plugins 1.4.16)"
- 88.198.233.245 - - [12/Apr/2014:09:23:21 +0200] "HEAD / HTTP/1.1" 200 244 "-" "check_http/v1.5 (nagios-plugins 1.5)"
- 46.248.163.70 - - [12/Apr/2014:09:23:49 +0200] "HEAD / HTTP/1.1" 200 244 "-" "check_http/v1.4.16 (nagios-plugins 1.4.16)"
- 176.31.15.134 - - [12/Apr/2014:09:24:18 +0200] "HEAD / HTTP/1.1" 200 244 "-" "check_http/v1.4.16 (nagios-plugins 1.4.16)"
- 88.198.233.245 - - [12/Apr/2014:09:24:21 +0200] "HEAD / HTTP/1.1" 200 244 "-" "check_http/v1.5 (nagios-plugins 1.5)"
- 46.248.163.70 - - [12/Apr/2014:09:24:49 +0200] "HEAD / HTTP/1.1" 200 244 "-" "check_http/v1.4.16 (nagios-plugins 1.4.16)"
- 176.31.15.134 - - [12/Apr/2014:09:25:18 +0200] "HEAD / HTTP/1.1" 200 244 "-" "check_http/v1.4.16 (nagios-plugins 1.4.16)"
- 88.198.233.245 - - [12/Apr/2014:09:25:21 +0200] "HEAD / HTTP/1.1" 200 244 "-" "check_http/v1.5 (nagios-plugins 1.5)"
- 46.248.163.70 - - [12/Apr/2014:09:25:49 +0200] "HEAD / HTTP/1.1" 200 244 "-" "check_http/v1.4.16 (nagios-plugins 1.4.16)"
- 176.31.15.134 - - [12/Apr/2014:09:26:18 +0200] "HEAD / HTTP/1.1" 200 244 "-" "check_http/v1.4.16 (nagios-plugins 1.4.16)"
- 88.198.233.245 - - [12/Apr/2014:09:26:21 +0200] "HEAD / HTTP/1.1" 200 244 "-" "check_http/v1.5 (nagios-plugins 1.5)"
- 46.248.163.70 - - [12/Apr/2014:09:26:49 +0200] "HEAD / HTTP/1.1" 200 244 "-" "check_http/v1.4.16 (nagios-plugins 1.4.16)"
- 176.31.15.134 - - [12/Apr/2014:09:27:18 +0200] "HEAD / HTTP/1.1" 200 244 "-" "check_http/v1.4.16 (nagios-plugins 1.4.16)"
- 88.198.233.245 - - [12/Apr/2014:09:27:21 +0200] "HEAD / HTTP/1.1" 200 244 "-" "check_http/v1.5 (nagios-plugins 1.5)"
- 46.248.163.70 - - [12/Apr/2014:09:27:49 +0200] "HEAD / HTTP/1.1" 200 244 "-" "check_http/v1.4.16 (nagios-plugins 1.4.16)"
- 176.31.15.134 - - [12/Apr/2014:09:28:18 +0200] "HEAD / HTTP/1.1" 200 244 "-" "check_http/v1.4.16 (nagios-plugins 1.4.16)"
- 88.198.233.245 - - [12/Apr/2014:09:28:21 +0200] "HEAD / HTTP/1.1" 200 244 "-" "check_http/v1.5 (nagios-plugins 1.5)"
- 46.248.163.70 - - [12/Apr/2014:09:28:49 +0200] "HEAD / HTTP/1.1" 200 244 "-" "check_http/v1.4.16 (nagios-plugins 1.4.16)"
- 5.10.83.25 - - [12/Apr/2014:09:28:51 +0200] "GET /haproxy HTTP/1.1" 200 5408 "-" "Mozilla/5.0 (compatible; AhrefsBot/5.0; +http://ahrefs.com/robot/)"
- 176.31.15.134 - - [12/Apr/2014:09:29:18 +0200] "HEAD / HTTP/1.1" 200 244 "-" "check_http/v1.4.16 (nagios-plugins 1.4.16)"
- 88.198.233.245 - - [12/Apr/2014:09:29:21 +0200] "HEAD / HTTP/1.1" 200 244 "-" "check_http/v1.5 (nagios-plugins 1.5)"
- 46.248.163.70 - - [12/Apr/2014:09:29:49 +0200] "HEAD / HTTP/1.1" 200 244 "-" "check_http/v1.4.16 (nagios-plugins 1.4.16)"
- 176.31.15.134 - - [12/Apr/2014:09:30:18 +0200] "HEAD / HTTP/1.1" 200 244 "-" "check_http/v1.4.16 (nagios-plugins 1.4.16)"
- 88.198.233.245 - - [12/Apr/2014:09:30:21 +0200] "HEAD / HTTP/1.1" 200 244 "-" "check_http/v1.5 (nagios-plugins 1.5)"
- 46.248.163.70 - - [12/Apr/2014:09:30:49 +0200] "HEAD / HTTP/1.1" 200 244 "-" "check_http/v1.4.16 (nagios-plugins 1.4.16)"
- 176.31.15.134 - - [12/Apr/2014:09:31:18 +0200] "HEAD / HTTP/1.1" 200 244 "-" "check_http/v1.4.16 (nagios-plugins 1.4.16)"
- 88.198.233.245 - - [12/Apr/2014:09:31:21 +0200] "HEAD / HTTP/1.1" 200 244 "-" "check_http/v1.5 (nagios-plugins 1.5)"
- 46.248.163.70 - - [12/Apr/2014:09:31:49 +0200] "HEAD / HTTP/1.1" 200 244 "-" "check_http/v1.4.16 (nagios-plugins 1.4.16)"
- 176.31.15.134 - - [12/Apr/2014:09:32:18 +0200] "HEAD / HTTP/1.1" 200 244 "-" "check_http/v1.4.16 (nagios-plugins 1.4.16)"
- 88.198.233.245 - - [12/Apr/2014:09:32:21 +0200] "HEAD / HTTP/1.1" 200 244 "-" "check_http/v1.5 (nagios-plugins 1.5)"
- 46.248.163.70 - - [12/Apr/2014:09:32:49 +0200] "HEAD / HTTP/1.1" 200 244 "-" "check_http/v1.4.16 (nagios-plugins 1.4.16)"
- 176.31.15.134 - - [12/Apr/2014:09:33:18 +0200] "HEAD / HTTP/1.1" 200 244 "-" "check_http/v1.4.16 (nagios-plugins 1.4.16)"
- 88.198.233.245 - - [12/Apr/2014:09:33:21 +0200] "HEAD / HTTP/1.1" 200 244 "-" "check_http/v1.5 (nagios-plugins 1.5)"
- 46.248.163.70 - - [12/Apr/2014:09:33:49 +0200] "HEAD / HTTP/1.1" 200 244 "-" "check_http/v1.4.16 (nagios-plugins 1.4.16)"
- 176.31.15.134 - - [12/Apr/2014:09:34:18 +0200] "HEAD / HTTP/1.1" 200 244 "-" "check_http/v1.4.16 (nagios-plugins 1.4.16)"
- 88.198.233.245 - - [12/Apr/2014:09:34:21 +0200] "HEAD / HTTP/1.1" 200 244 "-" "check_http/v1.5 (nagios-plugins 1.5)"
- 46.248.163.70 - - [12/Apr/2014:09:34:49 +0200] "HEAD / HTTP/1.1" 200 244 "-" "check_http/v1.4.16 (nagios-plugins 1.4.16)"
- 176.31.15.134 - - [12/Apr/2014:09:35:18 +0200] "HEAD / HTTP/1.1" 200 244 "-" "check_http/v1.4.16 (nagios-plugins 1.4.16)"
- 88.198.233.245 - - [12/Apr/2014:09:35:21 +0200] "HEAD / HTTP/1.1" 200 244 "-" "check_http/v1.5 (nagios-plugins 1.5)"
- 5.10.83.97 - - [12/Apr/2014:09:35:22 +0200] "GET /s/16 HTTP/1.1" 301 520 "-" "Mozilla/5.0 (compatible; AhrefsBot/5.0; +http://ahrefs.com/robot/)"
- 46.248.163.70 - - [12/Apr/2014:09:35:49 +0200] "HEAD / HTTP/1.1" 200 244 "-" "check_http/v1.4.16 (nagios-plugins 1.4.16)"
- 176.31.15.134 - - [12/Apr/2014:09:36:18 +0200] "HEAD / HTTP/1.1" 200 244 "-" "check_http/v1.4.16 (nagios-plugins 1.4.16)"
- 88.198.233.245 - - [12/Apr/2014:09:36:21 +0200] "HEAD / HTTP/1.1" 200 244 "-" "check_http/v1.5 (nagios-plugins 1.5)"
- 46.248.163.70 - - [12/Apr/2014:09:36:49 +0200] "HEAD / HTTP/1.1" 200 244 "-" "check_http/v1.4.16 (nagios-plugins 1.4.16)"
- 176.31.15.134 - - [12/Apr/2014:09:37:18 +0200] "HEAD / HTTP/1.1" 200 244 "-" "check_http/v1.4.16 (nagios-plugins 1.4.16)"
- 88.198.233.245 - - [12/Apr/2014:09:37:21 +0200] "HEAD / HTTP/1.1" 200 244 "-" "check_http/v1.5 (nagios-plugins 1.5)"
- 157.55.35.106 - - [12/Apr/2014:09:37:34 +0200] "GET /s/143 HTTP/1.1" 301 561 "-" "Mozilla/5.0 (compatible; bingbot/2.0; +http://www.bing.com/bingbot.htm)"
- 46.248.163.70 - - [12/Apr/2014:09:37:49 +0200] "HEAD / HTTP/1.1" 200 244 "-" "check_http/v1.4.16 (nagios-plugins 1.4.16)"
- 176.31.15.134 - - [12/Apr/2014:09:38:18 +0200] "HEAD / HTTP/1.1" 200 244 "-" "check_http/v1.4.16 (nagios-plugins 1.4.16)"
- 88.198.233.245 - - [12/Apr/2014:09:38:21 +0200] "HEAD / HTTP/1.1" 200 244 "-" "check_http/v1.5 (nagios-plugins 1.5)"
- 46.248.163.70 - - [12/Apr/2014:09:38:49 +0200] "HEAD / HTTP/1.1" 200 244 "-" "check_http/v1.4.16 (nagios-plugins 1.4.16)"
- 176.31.15.134 - - [12/Apr/2014:09:39:18 +0200] "HEAD / HTTP/1.1" 200 244 "-" "check_http/v1.4.16 (nagios-plugins 1.4.16)"
- 88.198.233.245 - - [12/Apr/2014:09:39:21 +0200] "HEAD / HTTP/1.1" 200 244 "-" "check_http/v1.5 (nagios-plugins 1.5)"
- 46.248.163.70 - - [12/Apr/2014:09:39:49 +0200] "HEAD / HTTP/1.1" 200 244 "-" "check_http/v1.4.16 (nagios-plugins 1.4.16)"
- 176.31.15.134 - - [12/Apr/2014:09:40:18 +0200] "HEAD / HTTP/1.1" 200 244 "-" "check_http/v1.4.16 (nagios-plugins 1.4.16)"
- 88.198.233.245 - - [12/Apr/2014:09:40:21 +0200] "HEAD / HTTP/1.1" 200 244 "-" "check_http/v1.5 (nagios-plugins 1.5)"
- 46.248.163.70 - - [12/Apr/2014:09:40:49 +0200] "HEAD / HTTP/1.1" 200 244 "-" "check_http/v1.4.16 (nagios-plugins 1.4.16)"
- 176.31.15.134 - - [12/Apr/2014:09:41:18 +0200] "HEAD / HTTP/1.1" 200 244 "-" "check_http/v1.4.16 (nagios-plugins 1.4.16)"
- 88.198.233.245 - - [12/Apr/2014:09:41:21 +0200] "HEAD / HTTP/1.1" 200 244 "-" "check_http/v1.5 (nagios-plugins 1.5)"
- 5.10.83.9 - - [12/Apr/2014:09:41:22 +0200] "GET /a10-load-balancer HTTP/1.1" 200 4149 "-" "Mozilla/5.0 (compatible; AhrefsBot/5.0; +http://ahrefs.com/robot/)"
- 46.248.163.70 - - [12/Apr/2014:09:41:49 +0200] "HEAD / HTTP/1.1" 200 244 "-" "check_http/v1.4.16 (nagios-plugins 1.4.16)"
- 157.55.35.42 - - [12/Apr/2014:09:42:15 +0200] "GET /s/120 HTTP/1.1" 301 569 "-" "Mozilla/5.0 (compatible; bingbot/2.0; +http://www.bing.com/bingbot.htm)"
- 176.31.15.134 - - [12/Apr/2014:09:42:18 +0200] "HEAD / HTTP/1.1" 200 244 "-" "check_http/v1.4.16 (nagios-plugins 1.4.16)"
- 88.198.233.245 - - [12/Apr/2014:09:42:21 +0200] "HEAD / HTTP/1.1" 200 244 "-" "check_http/v1.5 (nagios-plugins 1.5)"
- 46.248.163.70 - - [12/Apr/2014:09:42:49 +0200] "HEAD / HTTP/1.1" 200 244 "-" "check_http/v1.4.16 (nagios-plugins 1.4.16)"
- 176.31.15.134 - - [12/Apr/2014:09:43:18 +0200] "HEAD / HTTP/1.1" 200 244 "-" "check_http/v1.4.16 (nagios-plugins 1.4.16)"
- 88.198.233.245 - - [12/Apr/2014:09:43:21 +0200] "HEAD / HTTP/1.1" 200 244 "-" "check_http/v1.5 (nagios-plugins 1.5)"
- 46.248.163.70 - - [12/Apr/2014:09:43:49 +0200] "HEAD / HTTP/1.1" 200 244 "-" "check_http/v1.4.16 (nagios-plugins 1.4.16)"
- 176.31.15.134 - - [12/Apr/2014:09:44:18 +0200] "HEAD / HTTP/1.1" 200 244 "-" "check_http/v1.4.16 (nagios-plugins 1.4.16)"
- 88.198.233.245 - - [12/Apr/2014:09:44:21 +0200] "HEAD / HTTP/1.1" 200 244 "-" "check_http/v1.5 (nagios-plugins 1.5)"
- 46.248.163.70 - - [12/Apr/2014:09:44:49 +0200] "HEAD / HTTP/1.1" 200 244 "-" "check_http/v1.4.16 (nagios-plugins 1.4.16)"
- 176.31.15.134 - - [12/Apr/2014:09:45:18 +0200] "HEAD / HTTP/1.1" 200 244 "-" "check_http/v1.4.16 (nagios-plugins 1.4.16)"
- 88.198.233.245 - - [12/Apr/2014:09:45:21 +0200] "HEAD / HTTP/1.1" 200 244 "-" "check_http/v1.5 (nagios-plugins 1.5)"
- 46.248.163.70 - - [12/Apr/2014:09:45:49 +0200] "HEAD / HTTP/1.1" 200 244 "-" "check_http/v1.4.16 (nagios-plugins 1.4.16)"
- 176.31.15.134 - - [12/Apr/2014:09:46:18 +0200] "HEAD / HTTP/1.1" 200 244 "-" "check_http/v1.4.16 (nagios-plugins 1.4.16)"
- 88.198.233.245 - - [12/Apr/2014:09:46:21 +0200] "HEAD / HTTP/1.1" 200 244 "-" "check_http/v1.5 (nagios-plugins 1.5)"
- 46.248.163.70 - - [12/Apr/2014:09:46:49 +0200] "HEAD / HTTP/1.1" 200 244 "-" "check_http/v1.4.16 (nagios-plugins 1.4.16)"
- 176.31.15.134 - - [12/Apr/2014:09:47:18 +0200] "HEAD / HTTP/1.1" 200 244 "-" "check_http/v1.4.16 (nagios-plugins 1.4.16)"
- 88.198.233.245 - - [12/Apr/2014:09:47:21 +0200] "HEAD / HTTP/1.1" 200 244 "-" "check_http/v1.5 (nagios-plugins 1.5)"
- 46.248.163.70 - - [12/Apr/2014:09:47:49 +0200] "HEAD / HTTP/1.1" 200 244 "-" "check_http/v1.4.16 (nagios-plugins 1.4.16)"
- 176.31.15.134 - - [12/Apr/2014:09:48:18 +0200] "HEAD / HTTP/1.1" 200 244 "-" "check_http/v1.4.16 (nagios-plugins 1.4.16)"
- 88.198.233.245 - - [12/Apr/2014:09:48:21 +0200] "HEAD / HTTP/1.1" 200 244 "-" "check_http/v1.5 (nagios-plugins 1.5)"
- 46.248.163.70 - - [12/Apr/2014:09:48:49 +0200] "HEAD / HTTP/1.1" 200 244 "-" "check_http/v1.4.16 (nagios-plugins 1.4.16)"
- 176.31.15.134 - - [12/Apr/2014:09:49:18 +0200] "HEAD / HTTP/1.1" 200 244 "-" "check_http/v1.4.16 (nagios-plugins 1.4.16)"
- 88.198.233.245 - - [12/Apr/2014:09:49:21 +0200] "HEAD / HTTP/1.1" 200 244 "-" "check_http/v1.5 (nagios-plugins 1.5)"
- 46.248.163.70 - - [12/Apr/2014:09:49:49 +0200] "HEAD / HTTP/1.1" 200 244 "-" "check_http/v1.4.16 (nagios-plugins 1.4.16)"
- 176.31.15.134 - - [12/Apr/2014:09:50:18 +0200] "HEAD / HTTP/1.1" 200 244 "-" "check_http/v1.4.16 (nagios-plugins 1.4.16)"
- 88.198.233.245 - - [12/Apr/2014:09:50:21 +0200] "HEAD / HTTP/1.1" 200 244 "-" "check_http/v1.5 (nagios-plugins 1.5)"
- 46.248.163.70 - - [12/Apr/2014:09:50:49 +0200] "HEAD / HTTP/1.1" 200 244 "-" "check_http/v1.4.16 (nagios-plugins 1.4.16)"
- 176.31.15.134 - - [12/Apr/2014:09:51:18 +0200] "HEAD / HTTP/1.1" 200 244 "-" "check_http/v1.4.16 (nagios-plugins 1.4.16)"
- 88.198.233.245 - - [12/Apr/2014:09:51:21 +0200] "HEAD / HTTP/1.1" 200 244 "-" "check_http/v1.5 (nagios-plugins 1.5)"
- 46.248.163.70 - - [12/Apr/2014:09:51:49 +0200] "HEAD / HTTP/1.1" 200 244 "-" "check_http/v1.4.16 (nagios-plugins 1.4.16)"
- 176.31.15.134 - - [12/Apr/2014:09:52:18 +0200] "HEAD / HTTP/1.1" 200 244 "-" "check_http/v1.4.16 (nagios-plugins 1.4.16)"
- 88.198.233.245 - - [12/Apr/2014:09:52:21 +0200] "HEAD / HTTP/1.1" 200 244 "-" "check_http/v1.5 (nagios-plugins 1.5)"
- 46.248.163.70 - - [12/Apr/2014:09:52:49 +0200] "HEAD / HTTP/1.1" 200 244 "-" "check_http/v1.4.16 (nagios-plugins 1.4.16)"
- 176.31.15.134 - - [12/Apr/2014:09:53:18 +0200] "HEAD / HTTP/1.1" 200 244 "-" "check_http/v1.4.16 (nagios-plugins 1.4.16)"
- 88.198.233.245 - - [12/Apr/2014:09:53:21 +0200] "HEAD / HTTP/1.1" 200 244 "-" "check_http/v1.5 (nagios-plugins 1.5)"
- 46.248.163.70 - - [12/Apr/2014:09:53:49 +0200] "HEAD / HTTP/1.1" 200 244 "-" "check_http/v1.4.16 (nagios-plugins 1.4.16)"
- 176.31.15.134 - - [12/Apr/2014:09:54:18 +0200] "HEAD / HTTP/1.1" 200 244 "-" "check_http/v1.4.16 (nagios-plugins 1.4.16)"
- 88.198.233.245 - - [12/Apr/2014:09:54:21 +0200] "HEAD / HTTP/1.1" 200 244 "-" "check_http/v1.5 (nagios-plugins 1.5)"
- 46.248.163.70 - - [12/Apr/2014:09:54:49 +0200] "HEAD / HTTP/1.1" 200 244 "-" "check_http/v1.4.16 (nagios-plugins 1.4.16)"
- 176.31.15.134 - - [12/Apr/2014:09:55:18 +0200] "HEAD / HTTP/1.1" 200 244 "-" "check_http/v1.4.16 (nagios-plugins 1.4.16)"
- 88.198.233.245 - - [12/Apr/2014:09:55:21 +0200] "HEAD / HTTP/1.1" 200 244 "-" "check_http/v1.5 (nagios-plugins 1.5)"
- 46.248.163.70 - - [12/Apr/2014:09:55:49 +0200] "HEAD / HTTP/1.1" 200 244 "-" "check_http/v1.4.16 (nagios-plugins 1.4.16)"
- 176.31.15.134 - - [12/Apr/2014:09:56:18 +0200] "HEAD / HTTP/1.1" 200 244 "-" "check_http/v1.4.16 (nagios-plugins 1.4.16)"
- 88.198.233.245 - - [12/Apr/2014:09:56:21 +0200] "HEAD / HTTP/1.1" 200 244 "-" "check_http/v1.5 (nagios-plugins 1.5)"
- 46.248.163.70 - - [12/Apr/2014:09:56:49 +0200] "HEAD / HTTP/1.1" 200 244 "-" "check_http/v1.4.16 (nagios-plugins 1.4.16)"
- 176.31.15.134 - - [12/Apr/2014:09:57:18 +0200] "HEAD / HTTP/1.1" 200 244 "-" "check_http/v1.4.16 (nagios-plugins 1.4.16)"
- 88.198.233.245 - - [12/Apr/2014:09:57:21 +0200] "HEAD / HTTP/1.1" 200 244 "-" "check_http/v1.5 (nagios-plugins 1.5)"
- 46.248.163.70 - - [12/Apr/2014:09:57:49 +0200] "HEAD / HTTP/1.1" 200 244 "-" "check_http/v1.4.16 (nagios-plugins 1.4.16)"
- 176.31.15.134 - - [12/Apr/2014:09:58:18 +0200] "HEAD / HTTP/1.1" 200 244 "-" "check_http/v1.4.16 (nagios-plugins 1.4.16)"
- 88.198.233.245 - - [12/Apr/2014:09:58:21 +0200] "HEAD / HTTP/1.1" 200 244 "-" "check_http/v1.5 (nagios-plugins 1.5)"
- 46.248.163.70 - - [12/Apr/2014:09:58:49 +0200] "HEAD / HTTP/1.1" 200 244 "-" "check_http/v1.4.16 (nagios-plugins 1.4.16)"
- 176.31.15.134 - - [12/Apr/2014:09:59:18 +0200] "HEAD / HTTP/1.1" 200 244 "-" "check_http/v1.4.16 (nagios-plugins 1.4.16)"
- 88.198.233.245 - - [12/Apr/2014:09:59:21 +0200] "HEAD / HTTP/1.1" 200 244 "-" "check_http/v1.5 (nagios-plugins 1.5)"
- 46.248.163.70 - - [12/Apr/2014:09:59:49 +0200] "HEAD / HTTP/1.1" 200 244 "-" "check_http/v1.4.16 (nagios-plugins 1.4.16)"
- 176.31.15.134 - - [12/Apr/2014:10:00:18 +0200] "HEAD / HTTP/1.1" 200 244 "-" "check_http/v1.4.16 (nagios-plugins 1.4.16)"
- 88.198.233.245 - - [12/Apr/2014:10:00:21 +0200] "HEAD / HTTP/1.1" 200 244 "-" "check_http/v1.5 (nagios-plugins 1.5)"
- 46.248.163.70 - - [12/Apr/2014:10:00:49 +0200] "HEAD / HTTP/1.1" 200 244 "-" "check_http/v1.4.16 (nagios-plugins 1.4.16)"
- 176.31.15.134 - - [12/Apr/2014:10:01:18 +0200] "HEAD / HTTP/1.1" 200 244 "-" "check_http/v1.4.16 (nagios-plugins 1.4.16)"
- 88.198.233.245 - - [12/Apr/2014:10:01:21 +0200] "HEAD / HTTP/1.1" 200 244 "-" "check_http/v1.5 (nagios-plugins 1.5)"
- 46.248.163.70 - - [12/Apr/2014:10:01:49 +0200] "HEAD / HTTP/1.1" 200 244 "-" "check_http/v1.4.16 (nagios-plugins 1.4.16)"
- 176.31.15.134 - - [12/Apr/2014:10:02:18 +0200] "HEAD / HTTP/1.1" 200 244 "-" "check_http/v1.4.16 (nagios-plugins 1.4.16)"
- 88.198.233.245 - - [12/Apr/2014:10:02:21 +0200] "HEAD / HTTP/1.1" 200 244 "-" "check_http/v1.5 (nagios-plugins 1.5)"
- 46.248.163.70 - - [12/Apr/2014:10:02:49 +0200] "HEAD / HTTP/1.1" 200 244 "-" "check_http/v1.4.16 (nagios-plugins 1.4.16)"
- 176.31.15.134 - - [12/Apr/2014:10:03:18 +0200] "HEAD / HTTP/1.1" 200 244 "-" "check_http/v1.4.16 (nagios-plugins 1.4.16)"
- 88.198.233.245 - - [12/Apr/2014:10:03:21 +0200] "HEAD / HTTP/1.1" 200 244 "-" "check_http/v1.5 (nagios-plugins 1.5)"
- 46.248.163.70 - - [12/Apr/2014:10:03:49 +0200] "HEAD / HTTP/1.1" 200 244 "-" "check_http/v1.4.16 (nagios-plugins 1.4.16)"
- 176.31.15.134 - - [12/Apr/2014:10:04:18 +0200] "HEAD / HTTP/1.1" 200 244 "-" "check_http/v1.4.16 (nagios-plugins 1.4.16)"
- 88.198.233.245 - - [12/Apr/2014:10:04:21 +0200] "HEAD / HTTP/1.1" 200 244 "-" "check_http/v1.5 (nagios-plugins 1.5)"
- 46.248.163.70 - - [12/Apr/2014:10:04:49 +0200] "HEAD / HTTP/1.1" 200 244 "-" "check_http/v1.4.16 (nagios-plugins 1.4.16)"
- 176.31.15.134 - - [12/Apr/2014:10:05:18 +0200] "HEAD / HTTP/1.1" 200 244 "-" "check_http/v1.4.16 (nagios-plugins 1.4.16)"
- 88.198.233.245 - - [12/Apr/2014:10:05:21 +0200] "HEAD / HTTP/1.1" 200 244 "-" "check_http/v1.5 (nagios-plugins 1.5)"
- 46.248.163.70 - - [12/Apr/2014:10:05:49 +0200] "HEAD / HTTP/1.1" 200 244 "-" "check_http/v1.4.16 (nagios-plugins 1.4.16)"
- 176.31.15.134 - - [12/Apr/2014:10:06:18 +0200] "HEAD / HTTP/1.1" 200 244 "-" "check_http/v1.4.16 (nagios-plugins 1.4.16)"
- 88.198.233.245 - - [12/Apr/2014:10:06:21 +0200] "HEAD / HTTP/1.1" 200 244 "-" "check_http/v1.5 (nagios-plugins 1.5)"
- 46.248.163.70 - - [12/Apr/2014:10:06:49 +0200] "HEAD / HTTP/1.1" 200 244 "-" "check_http/v1.4.16 (nagios-plugins 1.4.16)"
- 176.31.15.134 - - [12/Apr/2014:10:07:18 +0200] "HEAD / HTTP/1.1" 200 244 "-" "check_http/v1.4.16 (nagios-plugins 1.4.16)"
- 88.198.233.245 - - [12/Apr/2014:10:07:21 +0200] "HEAD / HTTP/1.1" 200 244 "-" "check_http/v1.5 (nagios-plugins 1.5)"
- 46.248.163.70 - - [12/Apr/2014:10:07:49 +0200] "HEAD / HTTP/1.1" 200 244 "-" "check_http/v1.4.16 (nagios-plugins 1.4.16)"
- 176.31.15.134 - - [12/Apr/2014:10:08:18 +0200] "HEAD / HTTP/1.1" 200 244 "-" "check_http/v1.4.16 (nagios-plugins 1.4.16)"
- 88.198.233.245 - - [12/Apr/2014:10:08:21 +0200] "HEAD / HTTP/1.1" 200 244 "-" "check_http/v1.5 (nagios-plugins 1.5)"
- 46.248.163.70 - - [12/Apr/2014:10:08:49 +0200] "HEAD / HTTP/1.1" 200 244 "-" "check_http/v1.4.16 (nagios-plugins 1.4.16)"
- 176.31.15.134 - - [12/Apr/2014:10:09:18 +0200] "HEAD / HTTP/1.1" 200 244 "-" "check_http/v1.4.16 (nagios-plugins 1.4.16)"
- 88.198.233.245 - - [12/Apr/2014:10:09:21 +0200] "HEAD / HTTP/1.1" 200 244 "-" "check_http/v1.5 (nagios-plugins 1.5)"
- 46.248.163.70 - - [12/Apr/2014:10:09:49 +0200] "HEAD / HTTP/1.1" 200 244 "-" "check_http/v1.4.16 (nagios-plugins 1.4.16)"
- 5.10.83.28 - - [12/Apr/2014:10:10:08 +0200] "GET /source/new/pinterest HTTP/1.1" 200 3956 "-" "Mozilla/5.0 (compatible; AhrefsBot/5.0; +http://ahrefs.com/robot/)"
- 176.31.15.134 - - [12/Apr/2014:10:10:18 +0200] "HEAD / HTTP/1.1" 200 244 "-" "check_http/v1.4.16 (nagios-plugins 1.4.16)"
- 88.198.233.245 - - [12/Apr/2014:10:10:21 +0200] "HEAD / HTTP/1.1" 200 244 "-" "check_http/v1.5 (nagios-plugins 1.5)"
- 46.248.163.70 - - [12/Apr/2014:10:10:49 +0200] "HEAD / HTTP/1.1" 200 244 "-" "check_http/v1.4.16 (nagios-plugins 1.4.16)"
- 176.31.15.134 - - [12/Apr/2014:10:11:18 +0200] "HEAD / HTTP/1.1" 200 244 "-" "check_http/v1.4.16 (nagios-plugins 1.4.16)"
- 88.198.233.245 - - [12/Apr/2014:10:11:21 +0200] "HEAD / HTTP/1.1" 200 244 "-" "check_http/v1.5 (nagios-plugins 1.5)"
- 46.248.163.70 - - [12/Apr/2014:10:11:49 +0200] "HEAD / HTTP/1.1" 200 244 "-" "check_http/v1.4.16 (nagios-plugins 1.4.16)"
- 176.31.15.134 - - [12/Apr/2014:10:12:18 +0200] "HEAD / HTTP/1.1" 200 244 "-" "check_http/v1.4.16 (nagios-plugins 1.4.16)"
- 88.198.233.245 - - [12/Apr/2014:10:12:21 +0200] "HEAD / HTTP/1.1" 200 244 "-" "check_http/v1.5 (nagios-plugins 1.5)"
- 46.248.163.70 - - [12/Apr/2014:10:12:49 +0200] "HEAD / HTTP/1.1" 200 244 "-" "check_http/v1.4.16 (nagios-plugins 1.4.16)"
- 176.31.15.134 - - [12/Apr/2014:10:13:18 +0200] "HEAD / HTTP/1.1" 200 244 "-" "check_http/v1.4.16 (nagios-plugins 1.4.16)"
- 88.198.233.245 - - [12/Apr/2014:10:13:21 +0200] "HEAD / HTTP/1.1" 200 244 "-" "check_http/v1.5 (nagios-plugins 1.5)"
- 46.248.163.70 - - [12/Apr/2014:10:13:49 +0200] "HEAD / HTTP/1.1" 200 244 "-" "check_http/v1.4.16 (nagios-plugins 1.4.16)"
- 176.31.15.134 - - [12/Apr/2014:10:14:18 +0200] "HEAD / HTTP/1.1" 200 244 "-" "check_http/v1.4.16 (nagios-plugins 1.4.16)"
- 88.198.233.245 - - [12/Apr/2014:10:14:21 +0200] "HEAD / HTTP/1.1" 200 244 "-" "check_http/v1.5 (nagios-plugins 1.5)"
- 46.248.163.70 - - [12/Apr/2014:10:14:49 +0200] "HEAD / HTTP/1.1" 200 244 "-" "check_http/v1.4.16 (nagios-plugins 1.4.16)"
- 176.31.15.134 - - [12/Apr/2014:10:15:18 +0200] "HEAD / HTTP/1.1" 200 244 "-" "check_http/v1.4.16 (nagios-plugins 1.4.16)"
- 88.198.233.245 - - [12/Apr/2014:10:15:21 +0200] "HEAD / HTTP/1.1" 200 244 "-" "check_http/v1.5 (nagios-plugins 1.5)"
- 46.248.163.70 - - [12/Apr/2014:10:15:49 +0200] "HEAD / HTTP/1.1" 200 244 "-" "check_http/v1.4.16 (nagios-plugins 1.4.16)"
- 176.31.15.134 - - [12/Apr/2014:10:16:18 +0200] "HEAD / HTTP/1.1" 200 244 "-" "check_http/v1.4.16 (nagios-plugins 1.4.16)"
- 88.198.233.245 - - [12/Apr/2014:10:16:21 +0200] "HEAD / HTTP/1.1" 200 244 "-" "check_http/v1.5 (nagios-plugins 1.5)"
- 46.248.163.70 - - [12/Apr/2014:10:16:49 +0200] "HEAD / HTTP/1.1" 200 244 "-" "check_http/v1.4.16 (nagios-plugins 1.4.16)"
- 176.31.15.134 - - [12/Apr/2014:10:17:18 +0200] "HEAD / HTTP/1.1" 200 244 "-" "check_http/v1.4.16 (nagios-plugins 1.4.16)"
- 88.198.233.245 - - [12/Apr/2014:10:17:21 +0200] "HEAD / HTTP/1.1" 200 244 "-" "check_http/v1.5 (nagios-plugins 1.5)"
- 46.248.163.70 - - [12/Apr/2014:10:17:49 +0200] "HEAD / HTTP/1.1" 200 244 "-" "check_http/v1.4.16 (nagios-plugins 1.4.16)"
- 176.31.15.134 - - [12/Apr/2014:10:18:18 +0200] "HEAD / HTTP/1.1" 200 244 "-" "check_http/v1.4.16 (nagios-plugins 1.4.16)"
- 88.198.233.245 - - [12/Apr/2014:10:18:21 +0200] "HEAD / HTTP/1.1" 200 244 "-" "check_http/v1.5 (nagios-plugins 1.5)"
- 46.248.163.70 - - [12/Apr/2014:10:18:49 +0200] "HEAD / HTTP/1.1" 200 244 "-" "check_http/v1.4.16 (nagios-plugins 1.4.16)"
- 5.10.83.65 - - [12/Apr/2014:10:18:57 +0200] "GET /website/logicmonitor HTTP/1.1" 200 3050 "-" "Mozilla/5.0 (compatible; AhrefsBot/5.0; +http://ahrefs.com/robot/)"
- 176.31.15.134 - - [12/Apr/2014:10:19:18 +0200] "HEAD / HTTP/1.1" 200 244 "-" "check_http/v1.4.16 (nagios-plugins 1.4.16)"
- 88.198.233.245 - - [12/Apr/2014:10:19:21 +0200] "HEAD / HTTP/1.1" 200 244 "-" "check_http/v1.5 (nagios-plugins 1.5)"
- 46.248.163.70 - - [12/Apr/2014:10:19:49 +0200] "HEAD / HTTP/1.1" 200 244 "-" "check_http/v1.4.16 (nagios-plugins 1.4.16)"
- 146.0.74.205 - - [12/Apr/2014:10:20:12 +0200] "GET /website/new HTTP/1.1" 200 12084 "-" "Mozilla/5.0 (compatible; MSIE 10.0; Windows NT 6.1; Trident/6.0)"
- 146.0.74.205 - - [12/Apr/2014:10:20:12 +0200] "POST /website/create HTTP/1.1" 200 12318 "http://whoisusing.it/website/new" "Mozilla/5.0 (compatible; MSIE 10.0; Windows NT 6.1; Trident/6.0)"
- 146.0.74.205 - - [12/Apr/2014:10:20:12 +0200] "GET /website/create HTTP/1.1" 404 5986 "-" "Mozilla/5.0 (compatible; MSIE 10.0; Windows NT 6.1; Trident/6.0)"
- 146.0.74.205 - - [12/Apr/2014:10:20:12 +0200] "GET /website/new HTTP/1.1" 200 12026 "-" "Mozilla/5.0 (compatible; MSIE 10.0; Windows NT 6.1; Trident/6.0)"
- 146.0.74.205 - - [12/Apr/2014:10:20:13 +0200] "GET /website/37signals HTTP/1.1" 200 9053 "-" "Mozilla/5.0 (compatible; MSIE 10.0; Windows NT 6.1; Trident/6.0)"
- 176.31.15.134 - - [12/Apr/2014:10:20:18 +0200] "HEAD / HTTP/1.1" 200 244 "-" "check_http/v1.4.16 (nagios-plugins 1.4.16)"
- 88.198.233.245 - - [12/Apr/2014:10:20:21 +0200] "HEAD / HTTP/1.1" 200 244 "-" "check_http/v1.5 (nagios-plugins 1.5)"
- 46.248.163.70 - - [12/Apr/2014:10:20:49 +0200] "HEAD / HTTP/1.1" 200 244 "-" "check_http/v1.4.16 (nagios-plugins 1.4.16)"
- 176.31.15.134 - - [12/Apr/2014:10:21:18 +0200] "HEAD / HTTP/1.1" 200 244 "-" "check_http/v1.4.16 (nagios-plugins 1.4.16)"
- 88.198.233.245 - - [12/Apr/2014:10:21:21 +0200] "HEAD / HTTP/1.1" 200 244 "-" "check_http/v1.5 (nagios-plugins 1.5)"
- 46.248.163.70 - - [12/Apr/2014:10:21:49 +0200] "HEAD / HTTP/1.1" 200 244 "-" "check_http/v1.4.16 (nagios-plugins 1.4.16)"
- 176.31.15.134 - - [12/Apr/2014:10:22:18 +0200] "HEAD / HTTP/1.1" 200 244 "-" "check_http/v1.4.16 (nagios-plugins 1.4.16)"
- 88.198.233.245 - - [12/Apr/2014:10:22:21 +0200] "HEAD / HTTP/1.1" 200 244 "-" "check_http/v1.5 (nagios-plugins 1.5)"
- 46.248.163.70 - - [12/Apr/2014:10:22:49 +0200] "HEAD / HTTP/1.1" 200 244 "-" "check_http/v1.4.16 (nagios-plugins 1.4.16)"
- 176.31.15.134 - - [12/Apr/2014:10:23:18 +0200] "HEAD / HTTP/1.1" 200 244 "-" "check_http/v1.4.16 (nagios-plugins 1.4.16)"
- 88.198.233.245 - - [12/Apr/2014:10:23:21 +0200] "HEAD / HTTP/1.1" 200 244 "-" "check_http/v1.5 (nagios-plugins 1.5)"
- 46.248.163.70 - - [12/Apr/2014:10:23:49 +0200] "HEAD / HTTP/1.1" 200 244 "-" "check_http/v1.4.16 (nagios-plugins 1.4.16)"
- 176.31.15.134 - - [12/Apr/2014:10:24:18 +0200] "HEAD / HTTP/1.1" 200 244 "-" "check_http/v1.4.16 (nagios-plugins 1.4.16)"
- 88.198.233.245 - - [12/Apr/2014:10:24:21 +0200] "HEAD / HTTP/1.1" 200 244 "-" "check_http/v1.5 (nagios-plugins 1.5)"
- 46.248.163.70 - - [12/Apr/2014:10:24:49 +0200] "HEAD / HTTP/1.1" 200 244 "-" "check_http/v1.4.16 (nagios-plugins 1.4.16)"
- 157.55.35.106 - - [12/Apr/2014:10:24:57 +0200] "GET /hiphop HTTP/1.1" 200 5160 "-" "Mozilla/5.0 (compatible; bingbot/2.0; +http://www.bing.com/bingbot.htm)"
- 176.31.15.134 - - [12/Apr/2014:10:25:18 +0200] "HEAD / HTTP/1.1" 200 244 "-" "check_http/v1.4.16 (nagios-plugins 1.4.16)"
- 88.198.233.245 - - [12/Apr/2014:10:25:21 +0200] "HEAD / HTTP/1.1" 200 244 "-" "check_http/v1.5 (nagios-plugins 1.5)"
- 46.248.163.70 - - [12/Apr/2014:10:25:49 +0200] "HEAD / HTTP/1.1" 200 244 "-" "check_http/v1.4.16 (nagios-plugins 1.4.16)"
- 176.31.15.134 - - [12/Apr/2014:10:26:18 +0200] "HEAD / HTTP/1.1" 200 244 "-" "check_http/v1.4.16 (nagios-plugins 1.4.16)"
- 88.198.233.245 - - [12/Apr/2014:10:26:21 +0200] "HEAD / HTTP/1.1" 200 244 "-" "check_http/v1.5 (nagios-plugins 1.5)"
- 5.10.83.53 - - [12/Apr/2014:10:26:40 +0200] "GET /website/airbnb HTTP/1.1" 200 3644 "-" "Mozilla/5.0 (compatible; AhrefsBot/5.0; +http://ahrefs.com/robot/)"
- 46.248.163.70 - - [12/Apr/2014:10:26:49 +0200] "HEAD / HTTP/1.1" 200 244 "-" "check_http/v1.4.16 (nagios-plugins 1.4.16)"
- 176.31.15.134 - - [12/Apr/2014:10:27:18 +0200] "HEAD / HTTP/1.1" 200 244 "-" "check_http/v1.4.16 (nagios-plugins 1.4.16)"
- 88.198.233.245 - - [12/Apr/2014:10:27:21 +0200] "HEAD / HTTP/1.1" 200 244 "-" "check_http/v1.5 (nagios-plugins 1.5)"
- 46.248.163.70 - - [12/Apr/2014:10:27:49 +0200] "HEAD / HTTP/1.1" 200 244 "-" "check_http/v1.4.16 (nagios-plugins 1.4.16)"
- 176.31.15.134 - - [12/Apr/2014:10:28:18 +0200] "HEAD / HTTP/1.1" 200 244 "-" "check_http/v1.4.16 (nagios-plugins 1.4.16)"
- 88.198.233.245 - - [12/Apr/2014:10:28:21 +0200] "HEAD / HTTP/1.1" 200 244 "-" "check_http/v1.5 (nagios-plugins 1.5)"
- 46.248.163.70 - - [12/Apr/2014:10:28:49 +0200] "HEAD / HTTP/1.1" 200 244 "-" "check_http/v1.4.16 (nagios-plugins 1.4.16)"
- 176.31.15.134 - - [12/Apr/2014:10:29:18 +0200] "HEAD / HTTP/1.1" 200 244 "-" "check_http/v1.4.16 (nagios-plugins 1.4.16)"
- 88.198.233.245 - - [12/Apr/2014:10:29:21 +0200] "HEAD / HTTP/1.1" 200 244 "-" "check_http/v1.5 (nagios-plugins 1.5)"
- 46.248.163.70 - - [12/Apr/2014:10:29:49 +0200] "HEAD / HTTP/1.1" 200 244 "-" "check_http/v1.4.16 (nagios-plugins 1.4.16)"
- 176.31.15.134 - - [12/Apr/2014:10:30:18 +0200] "HEAD / HTTP/1.1" 200 244 "-" "check_http/v1.4.16 (nagios-plugins 1.4.16)"
- 88.198.233.245 - - [12/Apr/2014:10:30:21 +0200] "HEAD / HTTP/1.1" 200 244 "-" "check_http/v1.5 (nagios-plugins 1.5)"
- 46.248.163.70 - - [12/Apr/2014:10:30:49 +0200] "HEAD / HTTP/1.1" 200 244 "-" "check_http/v1.4.16 (nagios-plugins 1.4.16)"
- 176.31.15.134 - - [12/Apr/2014:10:31:18 +0200] "HEAD / HTTP/1.1" 200 244 "-" "check_http/v1.4.16 (nagios-plugins 1.4.16)"
- 88.198.233.245 - - [12/Apr/2014:10:31:21 +0200] "HEAD / HTTP/1.1" 200 244 "-" "check_http/v1.5 (nagios-plugins 1.5)"
- 46.248.163.70 - - [12/Apr/2014:10:31:49 +0200] "HEAD / HTTP/1.1" 200 244 "-" "check_http/v1.4.16 (nagios-plugins 1.4.16)"
- 176.31.15.134 - - [12/Apr/2014:10:32:18 +0200] "HEAD / HTTP/1.1" 200 244 "-" "check_http/v1.4.16 (nagios-plugins 1.4.16)"
- 88.198.233.245 - - [12/Apr/2014:10:32:21 +0200] "HEAD / HTTP/1.1" 200 244 "-" "check_http/v1.5 (nagios-plugins 1.5)"
- 46.248.163.70 - - [12/Apr/2014:10:32:49 +0200] "HEAD / HTTP/1.1" 200 244 "-" "check_http/v1.4.16 (nagios-plugins 1.4.16)"
- 176.31.15.134 - - [12/Apr/2014:10:33:18 +0200] "HEAD / HTTP/1.1" 200 244 "-" "check_http/v1.4.16 (nagios-plugins 1.4.16)"
- 88.198.233.245 - - [12/Apr/2014:10:33:21 +0200] "HEAD / HTTP/1.1" 200 244 "-" "check_http/v1.5 (nagios-plugins 1.5)"
- 46.248.163.70 - - [12/Apr/2014:10:33:49 +0200] "HEAD / HTTP/1.1" 200 244 "-" "check_http/v1.4.16 (nagios-plugins 1.4.16)"
- 176.31.15.134 - - [12/Apr/2014:10:34:18 +0200] "HEAD / HTTP/1.1" 200 244 "-" "check_http/v1.4.16 (nagios-plugins 1.4.16)"
- 88.198.233.245 - - [12/Apr/2014:10:34:21 +0200] "HEAD / HTTP/1.1" 200 244 "-" "check_http/v1.5 (nagios-plugins 1.5)"
- 46.248.163.70 - - [12/Apr/2014:10:34:49 +0200] "HEAD / HTTP/1.1" 200 244 "-" "check_http/v1.4.16 (nagios-plugins 1.4.16)"
- 176.31.15.134 - - [12/Apr/2014:10:35:18 +0200] "HEAD / HTTP/1.1" 200 244 "-" "check_http/v1.4.16 (nagios-plugins 1.4.16)"
- 88.198.233.245 - - [12/Apr/2014:10:35:21 +0200] "HEAD / HTTP/1.1" 200 244 "-" "check_http/v1.5 (nagios-plugins 1.5)"
- 46.248.163.70 - - [12/Apr/2014:10:35:49 +0200] "HEAD / HTTP/1.1" 200 244 "-" "check_http/v1.4.16 (nagios-plugins 1.4.16)"
- 176.31.15.134 - - [12/Apr/2014:10:36:18 +0200] "HEAD / HTTP/1.1" 200 244 "-" "check_http/v1.4.16 (nagios-plugins 1.4.16)"
- 88.198.233.245 - - [12/Apr/2014:10:36:21 +0200] "HEAD / HTTP/1.1" 200 244 "-" "check_http/v1.5 (nagios-plugins 1.5)"
- 46.248.163.70 - - [12/Apr/2014:10:36:49 +0200] "HEAD / HTTP/1.1" 200 244 "-" "check_http/v1.4.16 (nagios-plugins 1.4.16)"
- 176.31.15.134 - - [12/Apr/2014:10:37:18 +0200] "HEAD / HTTP/1.1" 200 244 "-" "check_http/v1.4.16 (nagios-plugins 1.4.16)"
- 88.198.233.245 - - [12/Apr/2014:10:37:21 +0200] "HEAD / HTTP/1.1" 200 244 "-" "check_http/v1.5 (nagios-plugins 1.5)"
- 46.248.163.70 - - [12/Apr/2014:10:37:49 +0200] "HEAD / HTTP/1.1" 200 244 "-" "check_http/v1.4.16 (nagios-plugins 1.4.16)"
- 5.10.83.96 - - [12/Apr/2014:10:38:00 +0200] "GET /nagios HTTP/1.1" 200 6104 "-" "Mozilla/5.0 (compatible; AhrefsBot/5.0; +http://ahrefs.com/robot/)"
- 176.31.15.134 - - [12/Apr/2014:10:38:18 +0200] "HEAD / HTTP/1.1" 200 244 "-" "check_http/v1.4.16 (nagios-plugins 1.4.16)"
- 88.198.233.245 - - [12/Apr/2014:10:38:21 +0200] "HEAD / HTTP/1.1" 200 244 "-" "check_http/v1.5 (nagios-plugins 1.5)"
- 46.248.163.70 - - [12/Apr/2014:10:38:49 +0200] "HEAD / HTTP/1.1" 200 244 "-" "check_http/v1.4.16 (nagios-plugins 1.4.16)"
- 176.31.15.134 - - [12/Apr/2014:10:39:18 +0200] "HEAD / HTTP/1.1" 200 244 "-" "check_http/v1.4.16 (nagios-plugins 1.4.16)"
- 88.198.233.245 - - [12/Apr/2014:10:39:21 +0200] "HEAD / HTTP/1.1" 200 244 "-" "check_http/v1.5 (nagios-plugins 1.5)"
- 46.248.163.70 - - [12/Apr/2014:10:39:49 +0200] "HEAD / HTTP/1.1" 200 244 "-" "check_http/v1.4.16 (nagios-plugins 1.4.16)"
- 176.31.15.134 - - [12/Apr/2014:10:40:18 +0200] "HEAD / HTTP/1.1" 200 244 "-" "check_http/v1.4.16 (nagios-plugins 1.4.16)"
- 88.198.233.245 - - [12/Apr/2014:10:40:21 +0200] "HEAD / HTTP/1.1" 200 244 "-" "check_http/v1.5 (nagios-plugins 1.5)"
- 46.248.163.70 - - [12/Apr/2014:10:40:49 +0200] "HEAD / HTTP/1.1" 200 244 "-" "check_http/v1.4.16 (nagios-plugins 1.4.16)"
- 176.31.15.134 - - [12/Apr/2014:10:41:18 +0200] "HEAD / HTTP/1.1" 200 244 "-" "check_http/v1.4.16 (nagios-plugins 1.4.16)"
- 88.198.233.245 - - [12/Apr/2014:10:41:21 +0200] "HEAD / HTTP/1.1" 200 244 "-" "check_http/v1.5 (nagios-plugins 1.5)"
- 46.248.163.70 - - [12/Apr/2014:10:41:49 +0200] "HEAD / HTTP/1.1" 200 244 "-" "check_http/v1.4.16 (nagios-plugins 1.4.16)"
- 176.31.15.134 - - [12/Apr/2014:10:42:18 +0200] "HEAD / HTTP/1.1" 200 244 "-" "check_http/v1.4.16 (nagios-plugins 1.4.16)"
- 88.198.233.245 - - [12/Apr/2014:10:42:21 +0200] "HEAD / HTTP/1.1" 200 244 "-" "check_http/v1.5 (nagios-plugins 1.5)"
- 46.248.163.70 - - [12/Apr/2014:10:42:49 +0200] "HEAD / HTTP/1.1" 200 244 "-" "check_http/v1.4.16 (nagios-plugins 1.4.16)"
- 176.31.15.134 - - [12/Apr/2014:10:43:18 +0200] "HEAD / HTTP/1.1" 200 244 "-" "check_http/v1.4.16 (nagios-plugins 1.4.16)"
- 88.198.233.245 - - [12/Apr/2014:10:43:21 +0200] "HEAD / HTTP/1.1" 200 244 "-" "check_http/v1.5 (nagios-plugins 1.5)"
- 46.248.163.70 - - [12/Apr/2014:10:43:49 +0200] "HEAD / HTTP/1.1" 200 244 "-" "check_http/v1.4.16 (nagios-plugins 1.4.16)"
- 176.31.15.134 - - [12/Apr/2014:10:44:18 +0200] "HEAD / HTTP/1.1" 200 244 "-" "check_http/v1.4.16 (nagios-plugins 1.4.16)"
- 88.198.233.245 - - [12/Apr/2014:10:44:21 +0200] "HEAD / HTTP/1.1" 200 244 "-" "check_http/v1.5 (nagios-plugins 1.5)"
- 46.248.163.70 - - [12/Apr/2014:10:44:49 +0200] "HEAD / HTTP/1.1" 200 244 "-" "check_http/v1.4.16 (nagios-plugins 1.4.16)"
- 176.31.15.134 - - [12/Apr/2014:10:45:18 +0200] "HEAD / HTTP/1.1" 200 244 "-" "check_http/v1.4.16 (nagios-plugins 1.4.16)"
- 88.198.233.245 - - [12/Apr/2014:10:45:21 +0200] "HEAD / HTTP/1.1" 200 244 "-" "check_http/v1.5 (nagios-plugins 1.5)"
- 46.248.163.70 - - [12/Apr/2014:10:45:49 +0200] "HEAD / HTTP/1.1" 200 244 "-" "check_http/v1.4.16 (nagios-plugins 1.4.16)"
- 176.31.15.134 - - [12/Apr/2014:10:46:18 +0200] "HEAD / HTTP/1.1" 200 244 "-" "check_http/v1.4.16 (nagios-plugins 1.4.16)"
- 88.198.233.245 - - [12/Apr/2014:10:46:21 +0200] "HEAD / HTTP/1.1" 200 244 "-" "check_http/v1.5 (nagios-plugins 1.5)"
- 46.248.163.70 - - [12/Apr/2014:10:46:49 +0200] "HEAD / HTTP/1.1" 200 244 "-" "check_http/v1.4.16 (nagios-plugins 1.4.16)"
- 176.31.15.134 - - [12/Apr/2014:10:47:18 +0200] "HEAD / HTTP/1.1" 200 244 "-" "check_http/v1.4.16 (nagios-plugins 1.4.16)"
- 88.198.233.245 - - [12/Apr/2014:10:47:21 +0200] "HEAD / HTTP/1.1" 200 244 "-" "check_http/v1.5 (nagios-plugins 1.5)"
- 46.248.163.70 - - [12/Apr/2014:10:47:49 +0200] "HEAD / HTTP/1.1" 200 244 "-" "check_http/v1.4.16 (nagios-plugins 1.4.16)"
- 176.31.15.134 - - [12/Apr/2014:10:48:18 +0200] "HEAD / HTTP/1.1" 200 244 "-" "check_http/v1.4.16 (nagios-plugins 1.4.16)"
- 88.198.233.245 - - [12/Apr/2014:10:48:21 +0200] "HEAD / HTTP/1.1" 200 244 "-" "check_http/v1.5 (nagios-plugins 1.5)"
- 46.248.163.70 - - [12/Apr/2014:10:48:49 +0200] "HEAD / HTTP/1.1" 200 244 "-" "check_http/v1.4.16 (nagios-plugins 1.4.16)"
