- 176.31.15.134 - - [12/Apr/2014:10:49:18 +0200] "HEAD / HTTP/1.1" 200 244 "-" "check_http/v1.4.16 (nagios-plugins 1.4.16)"
- 88.198.233.245 - - [12/Apr/2014:10:49:21 +0200] "HEAD / HTTP/1.1" 200 244 "-" "check_http/v1.5 (nagios-plugins 1.5)"
- 46.248.163.70 - - [12/Apr/2014:10:49:49 +0200] "HEAD / HTTP/1.1" 200 244 "-" "check_http/v1.4.16 (nagios-plugins 1.4.16)"
- 176.31.15.134 - - [12/Apr/2014:10:50:18 +0200] "HEAD / HTTP/1.1" 200 244 "-" "check_http/v1.4.16 (nagios-plugins 1.4.16)"
- 88.198.233.245 - - [12/Apr/2014:10:50:21 +0200] "HEAD / HTTP/1.1" 200 244 "-" "check_http/v1.5 (nagios-plugins 1.5)"
- 46.248.163.70 - - [12/Apr/2014:10:50:49 +0200] "HEAD / HTTP/1.1" 200 244 "-" "check_http/v1.4.16 (nagios-plugins 1.4.16)"
- 176.31.15.134 - - [12/Apr/2014:10:51:18 +0200] "HEAD / HTTP/1.1" 200 244 "-" "check_http/v1.4.16 (nagios-plugins 1.4.16)"
- 88.198.233.245 - - [12/Apr/2014:10:51:21 +0200] "HEAD / HTTP/1.1" 200 244 "-" "check_http/v1.5 (nagios-plugins 1.5)"
- 46.248.163.70 - - [12/Apr/2014:10:51:49 +0200] "HEAD / HTTP/1.1" 200 244 "-" "check_http/v1.4.16 (nagios-plugins 1.4.16)"
- 176.31.15.134 - - [12/Apr/2014:10:52:18 +0200] "HEAD / HTTP/1.1" 200 244 "-" "check_http/v1.4.16 (nagios-plugins 1.4.16)"
- 88.198.233.245 - - [12/Apr/2014:10:52:21 +0200] "HEAD / HTTP/1.1" 200 244 "-" "check_http/v1.5 (nagios-plugins 1.5)"
- 46.248.163.70 - - [12/Apr/2014:10:52:49 +0200] "HEAD / HTTP/1.1" 200 244 "-" "check_http/v1.4.16 (nagios-plugins 1.4.16)"
- 176.31.15.134 - - [12/Apr/2014:10:53:18 +0200] "HEAD / HTTP/1.1" 200 244 "-" "check_http/v1.4.16 (nagios-plugins 1.4.16)"
- 88.198.233.245 - - [12/Apr/2014:10:53:21 +0200] "HEAD / HTTP/1.1" 200 244 "-" "check_http/v1.5 (nagios-plugins 1.5)"
- 46.248.163.70 - - [12/Apr/2014:10:53:49 +0200] "HEAD / HTTP/1.1" 200 244 "-" "check_http/v1.4.16 (nagios-plugins 1.4.16)"
- 176.31.15.134 - - [12/Apr/2014:10:54:18 +0200] "HEAD / HTTP/1.1" 200 244 "-" "check_http/v1.4.16 (nagios-plugins 1.4.16)"
- 88.198.233.245 - - [12/Apr/2014:10:54:21 +0200] "HEAD / HTTP/1.1" 200 244 "-" "check_http/v1.5 (nagios-plugins 1.5)"
- 46.248.163.70 - - [12/Apr/2014:10:54:49 +0200] "HEAD / HTTP/1.1" 200 244 "-" "check_http/v1.4.16 (nagios-plugins 1.4.16)"
- 176.31.15.134 - - [12/Apr/2014:10:55:18 +0200] "HEAD / HTTP/1.1" 200 244 "-" "check_http/v1.4.16 (nagios-plugins 1.4.16)"
- 88.198.233.245 - - [12/Apr/2014:10:55:21 +0200] "HEAD / HTTP/1.1" 200 244 "-" "check_http/v1.5 (nagios-plugins 1.5)"
- 46.248.163.70 - - [12/Apr/2014:10:55:49 +0200] "HEAD / HTTP/1.1" 200 244 "-" "check_http/v1.4.16 (nagios-plugins 1.4.16)"
- 176.31.15.134 - - [12/Apr/2014:10:56:18 +0200] "HEAD / HTTP/1.1" 200 244 "-" "check_http/v1.4.16 (nagios-plugins 1.4.16)"
- 88.198.233.245 - - [12/Apr/2014:10:56:21 +0200] "HEAD / HTTP/1.1" 200 244 "-" "check_http/v1.5 (nagios-plugins 1.5)"
- 46.248.163.70 - - [12/Apr/2014:10:56:49 +0200] "HEAD / HTTP/1.1" 200 244 "-" "check_http/v1.4.16 (nagios-plugins 1.4.16)"
- 176.31.15.134 - - [12/Apr/2014:10:57:18 +0200] "HEAD / HTTP/1.1" 200 244 "-" "check_http/v1.4.16 (nagios-plugins 1.4.16)"
- 88.198.233.245 - - [12/Apr/2014:10:57:21 +0200] "HEAD / HTTP/1.1" 200 244 "-" "check_http/v1.5 (nagios-plugins 1.5)"
- 46.248.163.70 - - [12/Apr/2014:10:57:49 +0200] "HEAD / HTTP/1.1" 200 244 "-" "check_http/v1.4.16 (nagios-plugins 1.4.16)"
- 176.31.15.134 - - [12/Apr/2014:10:58:18 +0200] "HEAD / HTTP/1.1" 200 244 "-" "check_http/v1.4.16 (nagios-plugins 1.4.16)"
- 88.198.233.245 - - [12/Apr/2014:10:58:21 +0200] "HEAD / HTTP/1.1" 200 244 "-" "check_http/v1.5 (nagios-plugins 1.5)"
- 46.248.163.70 - - [12/Apr/2014:10:58:49 +0200] "HEAD / HTTP/1.1" 200 244 "-" "check_http/v1.4.16 (nagios-plugins 1.4.16)"
- 176.31.15.134 - - [12/Apr/2014:10:59:18 +0200] "HEAD / HTTP/1.1" 200 244 "-" "check_http/v1.4.16 (nagios-plugins 1.4.16)"
- 88.198.233.245 - - [12/Apr/2014:10:59:21 +0200] "HEAD / HTTP/1.1" 200 244 "-" "check_http/v1.5 (nagios-plugins 1.5)"
- 46.248.163.70 - - [12/Apr/2014:10:59:49 +0200] "HEAD / HTTP/1.1" 200 244 "-" "check_http/v1.4.16 (nagios-plugins 1.4.16)"
- 176.31.15.134 - - [12/Apr/2014:11:00:18 +0200] "HEAD / HTTP/1.1" 200 244 "-" "check_http/v1.4.16 (nagios-plugins 1.4.16)"
- 88.198.233.245 - - [12/Apr/2014:11:00:21 +0200] "HEAD / HTTP/1.1" 200 244 "-" "check_http/v1.5 (nagios-plugins 1.5)"
- 46.248.163.70 - - [12/Apr/2014:11:00:49 +0200] "HEAD / HTTP/1.1" 200 244 "-" "check_http/v1.4.16 (nagios-plugins 1.4.16)"
- 176.31.15.134 - - [12/Apr/2014:11:01:18 +0200] "HEAD / HTTP/1.1" 200 244 "-" "check_http/v1.4.16 (nagios-plugins 1.4.16)"
- 88.198.233.245 - - [12/Apr/2014:11:01:21 +0200] "HEAD / HTTP/1.1" 200 244 "-" "check_http/v1.5 (nagios-plugins 1.5)"
- 46.248.163.70 - - [12/Apr/2014:11:01:49 +0200] "HEAD / HTTP/1.1" 200 244 "-" "check_http/v1.4.16 (nagios-plugins 1.4.16)"
- 208.115.113.87 - - [12/Apr/2014:11:02:07 +0200] "GET /schemanator HTTP/1.1" 200 16553 "-" "Mozilla/5.0 (compatible; Ezooms/1.0; help@moz.com)"
- 176.31.15.134 - - [12/Apr/2014:11:02:18 +0200] "HEAD / HTTP/1.1" 200 244 "-" "check_http/v1.4.16 (nagios-plugins 1.4.16)"
- 88.198.233.245 - - [12/Apr/2014:11:02:21 +0200] "HEAD / HTTP/1.1" 200 244 "-" "check_http/v1.5 (nagios-plugins 1.5)"
- 46.248.163.70 - - [12/Apr/2014:11:02:49 +0200] "HEAD / HTTP/1.1" 200 244 "-" "check_http/v1.4.16 (nagios-plugins 1.4.16)"
- 176.31.15.134 - - [12/Apr/2014:11:03:18 +0200] "HEAD / HTTP/1.1" 200 244 "-" "check_http/v1.4.16 (nagios-plugins 1.4.16)"
- 88.198.233.245 - - [12/Apr/2014:11:03:21 +0200] "HEAD / HTTP/1.1" 200 244 "-" "check_http/v1.5 (nagios-plugins 1.5)"
- 46.248.163.70 - - [12/Apr/2014:11:03:49 +0200] "HEAD / HTTP/1.1" 200 244 "-" "check_http/v1.4.16 (nagios-plugins 1.4.16)"
- 176.31.15.134 - - [12/Apr/2014:11:04:18 +0200] "HEAD / HTTP/1.1" 200 244 "-" "check_http/v1.4.16 (nagios-plugins 1.4.16)"
- 88.198.233.245 - - [12/Apr/2014:11:04:21 +0200] "HEAD / HTTP/1.1" 200 244 "-" "check_http/v1.5 (nagios-plugins 1.5)"
- 46.248.163.70 - - [12/Apr/2014:11:04:49 +0200] "HEAD / HTTP/1.1" 200 244 "-" "check_http/v1.4.16 (nagios-plugins 1.4.16)"
- 176.31.15.134 - - [12/Apr/2014:11:05:18 +0200] "HEAD / HTTP/1.1" 200 244 "-" "check_http/v1.4.16 (nagios-plugins 1.4.16)"
- 88.198.233.245 - - [12/Apr/2014:11:05:21 +0200] "HEAD / HTTP/1.1" 200 244 "-" "check_http/v1.5 (nagios-plugins 1.5)"
- 46.248.163.70 - - [12/Apr/2014:11:05:49 +0200] "HEAD / HTTP/1.1" 200 244 "-" "check_http/v1.4.16 (nagios-plugins 1.4.16)"
- 176.31.15.134 - - [12/Apr/2014:11:06:18 +0200] "HEAD / HTTP/1.1" 200 244 "-" "check_http/v1.4.16 (nagios-plugins 1.4.16)"
- 88.198.233.245 - - [12/Apr/2014:11:06:21 +0200] "HEAD / HTTP/1.1" 200 244 "-" "check_http/v1.5 (nagios-plugins 1.5)"
- 46.248.163.70 - - [12/Apr/2014:11:06:49 +0200] "HEAD / HTTP/1.1" 200 244 "-" "check_http/v1.4.16 (nagios-plugins 1.4.16)"
- 176.31.15.134 - - [12/Apr/2014:11:07:18 +0200] "HEAD / HTTP/1.1" 200 244 "-" "check_http/v1.4.16 (nagios-plugins 1.4.16)"
- 88.198.233.245 - - [12/Apr/2014:11:07:21 +0200] "HEAD / HTTP/1.1" 200 244 "-" "check_http/v1.5 (nagios-plugins 1.5)"
- 46.248.163.70 - - [12/Apr/2014:11:07:49 +0200] "HEAD / HTTP/1.1" 200 244 "-" "check_http/v1.4.16 (nagios-plugins 1.4.16)"
- 176.31.15.134 - - [12/Apr/2014:11:08:18 +0200] "HEAD / HTTP/1.1" 200 244 "-" "check_http/v1.4.16 (nagios-plugins 1.4.16)"
- 88.198.233.245 - - [12/Apr/2014:11:08:21 +0200] "HEAD / HTTP/1.1" 200 244 "-" "check_http/v1.5 (nagios-plugins 1.5)"
- 208.115.111.71 - - [12/Apr/2014:11:08:37 +0200] "GET /robots.txt HTTP/1.1" 200 355 "-" "Mozilla/5.0 (compatible; Ezooms/1.0; help@moz.com)"
- 46.248.163.70 - - [12/Apr/2014:11:08:49 +0200] "HEAD / HTTP/1.1" 200 244 "-" "check_http/v1.4.16 (nagios-plugins 1.4.16)"
- 176.31.15.134 - - [12/Apr/2014:11:09:18 +0200] "HEAD / HTTP/1.1" 200 244 "-" "check_http/v1.4.16 (nagios-plugins 1.4.16)"
- 88.198.233.245 - - [12/Apr/2014:11:09:21 +0200] "HEAD / HTTP/1.1" 200 244 "-" "check_http/v1.5 (nagios-plugins 1.5)"
- 46.248.163.70 - - [12/Apr/2014:11:09:49 +0200] "HEAD / HTTP/1.1" 200 244 "-" "check_http/v1.4.16 (nagios-plugins 1.4.16)"
- 176.31.15.134 - - [12/Apr/2014:11:10:18 +0200] "HEAD / HTTP/1.1" 200 244 "-" "check_http/v1.4.16 (nagios-plugins 1.4.16)"
- 88.198.233.245 - - [12/Apr/2014:11:10:21 +0200] "HEAD / HTTP/1.1" 200 244 "-" "check_http/v1.5 (nagios-plugins 1.5)"
- 46.248.163.70 - - [12/Apr/2014:11:10:49 +0200] "HEAD / HTTP/1.1" 200 244 "-" "check_http/v1.4.16 (nagios-plugins 1.4.16)"
- 176.31.15.134 - - [12/Apr/2014:11:11:18 +0200] "HEAD / HTTP/1.1" 200 244 "-" "check_http/v1.4.16 (nagios-plugins 1.4.16)"
- 88.198.233.245 - - [12/Apr/2014:11:11:21 +0200] "HEAD / HTTP/1.1" 200 244 "-" "check_http/v1.5 (nagios-plugins 1.5)"
- 46.248.163.70 - - [12/Apr/2014:11:11:49 +0200] "HEAD / HTTP/1.1" 200 244 "-" "check_http/v1.4.16 (nagios-plugins 1.4.16)"
- 176.31.15.134 - - [12/Apr/2014:11:12:18 +0200] "HEAD / HTTP/1.1" 200 244 "-" "check_http/v1.4.16 (nagios-plugins 1.4.16)"
- 88.198.233.245 - - [12/Apr/2014:11:12:21 +0200] "HEAD / HTTP/1.1" 200 244 "-" "check_http/v1.5 (nagios-plugins 1.5)"
- 46.248.163.70 - - [12/Apr/2014:11:12:49 +0200] "HEAD / HTTP/1.1" 200 244 "-" "check_http/v1.4.16 (nagios-plugins 1.4.16)"
- 176.31.15.134 - - [12/Apr/2014:11:13:18 +0200] "HEAD / HTTP/1.1" 200 244 "-" "check_http/v1.4.16 (nagios-plugins 1.4.16)"
- 88.198.233.245 - - [12/Apr/2014:11:13:21 +0200] "HEAD / HTTP/1.1" 200 244 "-" "check_http/v1.5 (nagios-plugins 1.5)"
- 46.248.163.70 - - [12/Apr/2014:11:13:49 +0200] "HEAD / HTTP/1.1" 200 244 "-" "check_http/v1.4.16 (nagios-plugins 1.4.16)"
- 176.31.15.134 - - [12/Apr/2014:11:14:18 +0200] "HEAD / HTTP/1.1" 200 244 "-" "check_http/v1.4.16 (nagios-plugins 1.4.16)"
- 88.198.233.245 - - [12/Apr/2014:11:14:21 +0200] "HEAD / HTTP/1.1" 200 244 "-" "check_http/v1.5 (nagios-plugins 1.5)"
- 46.248.163.70 - - [12/Apr/2014:11:14:49 +0200] "HEAD / HTTP/1.1" 200 244 "-" "check_http/v1.4.16 (nagios-plugins 1.4.16)"
- 176.31.15.134 - - [12/Apr/2014:11:15:18 +0200] "HEAD / HTTP/1.1" 200 244 "-" "check_http/v1.4.16 (nagios-plugins 1.4.16)"
- 88.198.233.245 - - [12/Apr/2014:11:15:21 +0200] "HEAD / HTTP/1.1" 200 244 "-" "check_http/v1.5 (nagios-plugins 1.5)"
- 46.248.163.70 - - [12/Apr/2014:11:15:49 +0200] "HEAD / HTTP/1.1" 200 244 "-" "check_http/v1.4.16 (nagios-plugins 1.4.16)"
- 176.31.15.134 - - [12/Apr/2014:11:16:18 +0200] "HEAD / HTTP/1.1" 200 244 "-" "check_http/v1.4.16 (nagios-plugins 1.4.16)"
- 88.198.233.245 - - [12/Apr/2014:11:16:21 +0200] "HEAD / HTTP/1.1" 200 244 "-" "check_http/v1.5 (nagios-plugins 1.5)"
- 46.248.163.70 - - [12/Apr/2014:11:16:49 +0200] "HEAD / HTTP/1.1" 200 244 "-" "check_http/v1.4.16 (nagios-plugins 1.4.16)"
- 176.31.15.134 - - [12/Apr/2014:11:17:18 +0200] "HEAD / HTTP/1.1" 200 244 "-" "check_http/v1.4.16 (nagios-plugins 1.4.16)"
- 88.198.233.245 - - [12/Apr/2014:11:17:21 +0200] "HEAD / HTTP/1.1" 200 244 "-" "check_http/v1.5 (nagios-plugins 1.5)"
- 46.248.163.70 - - [12/Apr/2014:11:17:49 +0200] "HEAD / HTTP/1.1" 200 244 "-" "check_http/v1.4.16 (nagios-plugins 1.4.16)"
- 176.31.15.134 - - [12/Apr/2014:11:18:18 +0200] "HEAD / HTTP/1.1" 200 244 "-" "check_http/v1.4.16 (nagios-plugins 1.4.16)"
- 88.198.233.245 - - [12/Apr/2014:11:18:21 +0200] "HEAD / HTTP/1.1" 200 244 "-" "check_http/v1.5 (nagios-plugins 1.5)"
- 157.55.34.166 - - [12/Apr/2014:11:18:34 +0200] "GET /lucene HTTP/1.1" 200 5231 "-" "Mozilla/5.0 (compatible; bingbot/2.0; +http://www.bing.com/bingbot.htm)"
- 46.248.163.70 - - [12/Apr/2014:11:18:49 +0200] "HEAD / HTTP/1.1" 200 244 "-" "check_http/v1.4.16 (nagios-plugins 1.4.16)"
- 176.31.15.134 - - [12/Apr/2014:11:19:18 +0200] "HEAD / HTTP/1.1" 200 244 "-" "check_http/v1.4.16 (nagios-plugins 1.4.16)"
- 88.198.233.245 - - [12/Apr/2014:11:19:21 +0200] "HEAD / HTTP/1.1" 200 244 "-" "check_http/v1.5 (nagios-plugins 1.5)"
- 46.248.163.70 - - [12/Apr/2014:11:19:49 +0200] "HEAD / HTTP/1.1" 200 244 "-" "check_http/v1.4.16 (nagios-plugins 1.4.16)"
- 176.31.15.134 - - [12/Apr/2014:11:20:18 +0200] "HEAD / HTTP/1.1" 200 244 "-" "check_http/v1.4.16 (nagios-plugins 1.4.16)"
- 88.198.233.245 - - [12/Apr/2014:11:20:21 +0200] "HEAD / HTTP/1.1" 200 244 "-" "check_http/v1.5 (nagios-plugins 1.5)"
- 46.248.163.70 - - [12/Apr/2014:11:20:49 +0200] "HEAD / HTTP/1.1" 200 244 "-" "check_http/v1.4.16 (nagios-plugins 1.4.16)"
- 176.31.15.134 - - [12/Apr/2014:11:21:18 +0200] "HEAD / HTTP/1.1" 200 244 "-" "check_http/v1.4.16 (nagios-plugins 1.4.16)"
- 88.198.233.245 - - [12/Apr/2014:11:21:21 +0200] "HEAD / HTTP/1.1" 200 244 "-" "check_http/v1.5 (nagios-plugins 1.5)"
- 46.248.163.70 - - [12/Apr/2014:11:21:49 +0200] "HEAD / HTTP/1.1" 200 244 "-" "check_http/v1.4.16 (nagios-plugins 1.4.16)"
- 176.31.15.134 - - [12/Apr/2014:11:22:18 +0200] "HEAD / HTTP/1.1" 200 244 "-" "check_http/v1.4.16 (nagios-plugins 1.4.16)"
- 88.198.233.245 - - [12/Apr/2014:11:22:21 +0200] "HEAD / HTTP/1.1" 200 244 "-" "check_http/v1.5 (nagios-plugins 1.5)"
- 46.248.163.70 - - [12/Apr/2014:11:22:49 +0200] "HEAD / HTTP/1.1" 200 244 "-" "check_http/v1.4.16 (nagios-plugins 1.4.16)"
- 176.31.15.134 - - [12/Apr/2014:11:23:18 +0200] "HEAD / HTTP/1.1" 200 244 "-" "check_http/v1.4.16 (nagios-plugins 1.4.16)"
- 88.198.233.245 - - [12/Apr/2014:11:23:21 +0200] "HEAD / HTTP/1.1" 200 244 "-" "check_http/v1.5 (nagios-plugins 1.5)"
- 46.248.163.70 - - [12/Apr/2014:11:23:49 +0200] "HEAD / HTTP/1.1" 200 244 "-" "check_http/v1.4.16 (nagios-plugins 1.4.16)"
- 176.31.15.134 - - [12/Apr/2014:11:24:18 +0200] "HEAD / HTTP/1.1" 200 244 "-" "check_http/v1.4.16 (nagios-plugins 1.4.16)"
- 88.198.233.245 - - [12/Apr/2014:11:24:21 +0200] "HEAD / HTTP/1.1" 200 244 "-" "check_http/v1.5 (nagios-plugins 1.5)"
- 46.248.163.70 - - [12/Apr/2014:11:24:49 +0200] "HEAD / HTTP/1.1" 200 244 "-" "check_http/v1.4.16 (nagios-plugins 1.4.16)"
- 176.31.15.134 - - [12/Apr/2014:11:25:18 +0200] "HEAD / HTTP/1.1" 200 244 "-" "check_http/v1.4.16 (nagios-plugins 1.4.16)"
- 88.198.233.245 - - [12/Apr/2014:11:25:21 +0200] "HEAD / HTTP/1.1" 200 244 "-" "check_http/v1.5 (nagios-plugins 1.5)"
- 46.248.163.70 - - [12/Apr/2014:11:25:49 +0200] "HEAD / HTTP/1.1" 200 244 "-" "check_http/v1.4.16 (nagios-plugins 1.4.16)"
- 176.31.15.134 - - [12/Apr/2014:11:26:18 +0200] "HEAD / HTTP/1.1" 200 244 "-" "check_http/v1.4.16 (nagios-plugins 1.4.16)"
- 88.198.233.245 - - [12/Apr/2014:11:26:21 +0200] "HEAD / HTTP/1.1" 200 244 "-" "check_http/v1.5 (nagios-plugins 1.5)"
- 46.248.163.70 - - [12/Apr/2014:11:26:49 +0200] "HEAD / HTTP/1.1" 200 244 "-" "check_http/v1.4.16 (nagios-plugins 1.4.16)"
- 176.31.15.134 - - [12/Apr/2014:11:27:18 +0200] "HEAD / HTTP/1.1" 200 244 "-" "check_http/v1.4.16 (nagios-plugins 1.4.16)"
- 88.198.233.245 - - [12/Apr/2014:11:27:21 +0200] "HEAD / HTTP/1.1" 200 244 "-" "check_http/v1.5 (nagios-plugins 1.5)"
- 46.248.163.70 - - [12/Apr/2014:11:27:49 +0200] "HEAD / HTTP/1.1" 200 244 "-" "check_http/v1.4.16 (nagios-plugins 1.4.16)"
- 176.31.15.134 - - [12/Apr/2014:11:28:18 +0200] "HEAD / HTTP/1.1" 200 244 "-" "check_http/v1.4.16 (nagios-plugins 1.4.16)"
- 88.198.233.245 - - [12/Apr/2014:11:28:21 +0200] "HEAD / HTTP/1.1" 200 244 "-" "check_http/v1.5 (nagios-plugins 1.5)"
- 46.248.163.70 - - [12/Apr/2014:11:28:49 +0200] "HEAD / HTTP/1.1" 200 244 "-" "check_http/v1.4.16 (nagios-plugins 1.4.16)"
- 176.31.15.134 - - [12/Apr/2014:11:29:18 +0200] "HEAD / HTTP/1.1" 200 244 "-" "check_http/v1.4.16 (nagios-plugins 1.4.16)"
- 88.198.233.245 - - [12/Apr/2014:11:29:21 +0200] "HEAD / HTTP/1.1" 200 244 "-" "check_http/v1.5 (nagios-plugins 1.5)"
- 46.248.163.70 - - [12/Apr/2014:11:29:49 +0200] "HEAD / HTTP/1.1" 200 244 "-" "check_http/v1.4.16 (nagios-plugins 1.4.16)"
- 176.31.15.134 - - [12/Apr/2014:11:30:18 +0200] "HEAD / HTTP/1.1" 200 244 "-" "check_http/v1.4.16 (nagios-plugins 1.4.16)"
- 88.198.233.245 - - [12/Apr/2014:11:30:21 +0200] "HEAD / HTTP/1.1" 200 244 "-" "check_http/v1.5 (nagios-plugins 1.5)"
- 46.248.163.70 - - [12/Apr/2014:11:30:49 +0200] "HEAD / HTTP/1.1" 200 244 "-" "check_http/v1.4.16 (nagios-plugins 1.4.16)"
- 176.31.15.134 - - [12/Apr/2014:11:31:18 +0200] "HEAD / HTTP/1.1" 200 244 "-" "check_http/v1.4.16 (nagios-plugins 1.4.16)"
- 88.198.233.245 - - [12/Apr/2014:11:31:21 +0200] "HEAD / HTTP/1.1" 200 244 "-" "check_http/v1.5 (nagios-plugins 1.5)"
- 46.248.163.70 - - [12/Apr/2014:11:31:49 +0200] "HEAD / HTTP/1.1" 200 244 "-" "check_http/v1.4.16 (nagios-plugins 1.4.16)"
- 5.10.83.75 - - [12/Apr/2014:11:32:01 +0200] "GET /robots.txt HTTP/1.1" 200 390 "-" "Mozilla/5.0 (compatible; AhrefsBot/5.0; +http://ahrefs.com/robot/)"
- 176.31.15.134 - - [12/Apr/2014:11:32:18 +0200] "HEAD / HTTP/1.1" 200 244 "-" "check_http/v1.4.16 (nagios-plugins 1.4.16)"
- 88.198.233.245 - - [12/Apr/2014:11:32:21 +0200] "HEAD / HTTP/1.1" 200 244 "-" "check_http/v1.5 (nagios-plugins 1.5)"
- 46.248.163.70 - - [12/Apr/2014:11:32:49 +0200] "HEAD / HTTP/1.1" 200 244 "-" "check_http/v1.4.16 (nagios-plugins 1.4.16)"
- 176.31.15.134 - - [12/Apr/2014:11:33:18 +0200] "HEAD / HTTP/1.1" 200 244 "-" "check_http/v1.4.16 (nagios-plugins 1.4.16)"
- 88.198.233.245 - - [12/Apr/2014:11:33:21 +0200] "HEAD / HTTP/1.1" 200 244 "-" "check_http/v1.5 (nagios-plugins 1.5)"
- 46.248.163.70 - - [12/Apr/2014:11:33:49 +0200] "HEAD / HTTP/1.1" 200 244 "-" "check_http/v1.4.16 (nagios-plugins 1.4.16)"
- 176.31.15.134 - - [12/Apr/2014:11:34:18 +0200] "HEAD / HTTP/1.1" 200 244 "-" "check_http/v1.4.16 (nagios-plugins 1.4.16)"
- 88.198.233.245 - - [12/Apr/2014:11:34:21 +0200] "HEAD / HTTP/1.1" 200 244 "-" "check_http/v1.5 (nagios-plugins 1.5)"
- 46.248.163.70 - - [12/Apr/2014:11:34:49 +0200] "HEAD / HTTP/1.1" 200 244 "-" "check_http/v1.4.16 (nagios-plugins 1.4.16)"
- 176.31.15.134 - - [12/Apr/2014:11:35:18 +0200] "HEAD / HTTP/1.1" 200 244 "-" "check_http/v1.4.16 (nagios-plugins 1.4.16)"
- 88.198.233.245 - - [12/Apr/2014:11:35:21 +0200] "HEAD / HTTP/1.1" 200 244 "-" "check_http/v1.5 (nagios-plugins 1.5)"
- 46.248.163.70 - - [12/Apr/2014:11:35:49 +0200] "HEAD / HTTP/1.1" 200 244 "-" "check_http/v1.4.16 (nagios-plugins 1.4.16)"
- 176.31.15.134 - - [12/Apr/2014:11:36:18 +0200] "HEAD / HTTP/1.1" 200 244 "-" "check_http/v1.4.16 (nagios-plugins 1.4.16)"
- 88.198.233.245 - - [12/Apr/2014:11:36:21 +0200] "HEAD / HTTP/1.1" 200 244 "-" "check_http/v1.5 (nagios-plugins 1.5)"
- 46.248.163.70 - - [12/Apr/2014:11:36:49 +0200] "HEAD / HTTP/1.1" 200 244 "-" "check_http/v1.4.16 (nagios-plugins 1.4.16)"
- 176.31.15.134 - - [12/Apr/2014:11:37:18 +0200] "HEAD / HTTP/1.1" 200 244 "-" "check_http/v1.4.16 (nagios-plugins 1.4.16)"
- 88.198.233.245 - - [12/Apr/2014:11:37:21 +0200] "HEAD / HTTP/1.1" 200 244 "-" "check_http/v1.5 (nagios-plugins 1.5)"
- 46.248.163.70 - - [12/Apr/2014:11:37:49 +0200] "HEAD / HTTP/1.1" 200 244 "-" "check_http/v1.4.16 (nagios-plugins 1.4.16)"
- 176.31.15.134 - - [12/Apr/2014:11:38:18 +0200] "HEAD / HTTP/1.1" 200 244 "-" "check_http/v1.4.16 (nagios-plugins 1.4.16)"
- 88.198.233.245 - - [12/Apr/2014:11:38:21 +0200] "HEAD / HTTP/1.1" 200 244 "-" "check_http/v1.5 (nagios-plugins 1.5)"
- 46.248.163.70 - - [12/Apr/2014:11:38:49 +0200] "HEAD / HTTP/1.1" 200 244 "-" "check_http/v1.4.16 (nagios-plugins 1.4.16)"
- 176.31.15.134 - - [12/Apr/2014:11:39:18 +0200] "HEAD / HTTP/1.1" 200 244 "-" "check_http/v1.4.16 (nagios-plugins 1.4.16)"
- 88.198.233.245 - - [12/Apr/2014:11:39:21 +0200] "HEAD / HTTP/1.1" 200 244 "-" "check_http/v1.5 (nagios-plugins 1.5)"
- 46.248.163.70 - - [12/Apr/2014:11:39:49 +0200] "HEAD / HTTP/1.1" 200 244 "-" "check_http/v1.4.16 (nagios-plugins 1.4.16)"
- 176.31.15.134 - - [12/Apr/2014:11:40:18 +0200] "HEAD / HTTP/1.1" 200 244 "-" "check_http/v1.4.16 (nagios-plugins 1.4.16)"
- 88.198.233.245 - - [12/Apr/2014:11:40:21 +0200] "HEAD / HTTP/1.1" 200 244 "-" "check_http/v1.5 (nagios-plugins 1.5)"
- 46.248.163.70 - - [12/Apr/2014:11:40:49 +0200] "HEAD / HTTP/1.1" 200 244 "-" "check_http/v1.4.16 (nagios-plugins 1.4.16)"
- 176.31.15.134 - - [12/Apr/2014:11:41:18 +0200] "HEAD / HTTP/1.1" 200 244 "-" "check_http/v1.4.16 (nagios-plugins 1.4.16)"
- 88.198.233.245 - - [12/Apr/2014:11:41:21 +0200] "HEAD / HTTP/1.1" 200 244 "-" "check_http/v1.5 (nagios-plugins 1.5)"
- 46.248.163.70 - - [12/Apr/2014:11:41:49 +0200] "HEAD / HTTP/1.1" 200 244 "-" "check_http/v1.4.16 (nagios-plugins 1.4.16)"
- 180.76.5.172 - - [12/Apr/2014:11:42:02 +0200] "GET /website/justin-tv HTTP/1.1" 200 3431 "-" "Mozilla/5.0 (compatible; Baiduspider/2.0; +http://www.baidu.com/search/spider.html)"
- 176.31.15.134 - - [12/Apr/2014:11:42:18 +0200] "HEAD / HTTP/1.1" 200 244 "-" "check_http/v1.4.16 (nagios-plugins 1.4.16)"
- 88.198.233.245 - - [12/Apr/2014:11:42:21 +0200] "HEAD / HTTP/1.1" 200 244 "-" "check_http/v1.5 (nagios-plugins 1.5)"
- 46.248.163.70 - - [12/Apr/2014:11:42:49 +0200] "HEAD / HTTP/1.1" 200 244 "-" "check_http/v1.4.16 (nagios-plugins 1.4.16)"
- 176.31.15.134 - - [12/Apr/2014:11:43:18 +0200] "HEAD / HTTP/1.1" 200 244 "-" "check_http/v1.4.16 (nagios-plugins 1.4.16)"
- 88.198.233.245 - - [12/Apr/2014:11:43:21 +0200] "HEAD / HTTP/1.1" 200 244 "-" "check_http/v1.5 (nagios-plugins 1.5)"
- 46.248.163.70 - - [12/Apr/2014:11:43:49 +0200] "HEAD / HTTP/1.1" 200 244 "-" "check_http/v1.4.16 (nagios-plugins 1.4.16)"
- 176.31.15.134 - - [12/Apr/2014:11:44:18 +0200] "HEAD / HTTP/1.1" 200 244 "-" "check_http/v1.4.16 (nagios-plugins 1.4.16)"
- 88.198.233.245 - - [12/Apr/2014:11:44:21 +0200] "HEAD / HTTP/1.1" 200 244 "-" "check_http/v1.5 (nagios-plugins 1.5)"
- 46.248.163.70 - - [12/Apr/2014:11:44:49 +0200] "HEAD / HTTP/1.1" 200 244 "-" "check_http/v1.4.16 (nagios-plugins 1.4.16)"
- 176.31.15.134 - - [12/Apr/2014:11:45:18 +0200] "HEAD / HTTP/1.1" 200 244 "-" "check_http/v1.4.16 (nagios-plugins 1.4.16)"
- 88.198.233.245 - - [12/Apr/2014:11:45:21 +0200] "HEAD / HTTP/1.1" 200 244 "-" "check_http/v1.5 (nagios-plugins 1.5)"
- 46.248.163.70 - - [12/Apr/2014:11:45:49 +0200] "HEAD / HTTP/1.1" 200 244 "-" "check_http/v1.4.16 (nagios-plugins 1.4.16)"
- 176.31.15.134 - - [12/Apr/2014:11:46:18 +0200] "HEAD / HTTP/1.1" 200 244 "-" "check_http/v1.4.16 (nagios-plugins 1.4.16)"
- 88.198.233.245 - - [12/Apr/2014:11:46:21 +0200] "HEAD / HTTP/1.1" 200 244 "-" "check_http/v1.5 (nagios-plugins 1.5)"
- 46.248.163.70 - - [12/Apr/2014:11:46:49 +0200] "HEAD / HTTP/1.1" 200 244 "-" "check_http/v1.4.16 (nagios-plugins 1.4.16)"
- 176.31.15.134 - - [12/Apr/2014:11:47:18 +0200] "HEAD / HTTP/1.1" 200 244 "-" "check_http/v1.4.16 (nagios-plugins 1.4.16)"
- 88.198.233.245 - - [12/Apr/2014:11:47:21 +0200] "HEAD / HTTP/1.1" 200 244 "-" "check_http/v1.5 (nagios-plugins 1.5)"
- 46.248.163.70 - - [12/Apr/2014:11:47:49 +0200] "HEAD / HTTP/1.1" 200 244 "-" "check_http/v1.4.16 (nagios-plugins 1.4.16)"
- 176.31.15.134 - - [12/Apr/2014:11:48:18 +0200] "HEAD / HTTP/1.1" 200 244 "-" "check_http/v1.4.16 (nagios-plugins 1.4.16)"
- 88.198.233.245 - - [12/Apr/2014:11:48:21 +0200] "HEAD / HTTP/1.1" 200 244 "-" "check_http/v1.5 (nagios-plugins 1.5)"
- 46.248.163.70 - - [12/Apr/2014:11:48:49 +0200] "HEAD / HTTP/1.1" 200 244 "-" "check_http/v1.4.16 (nagios-plugins 1.4.16)"
- 176.31.15.134 - - [12/Apr/2014:11:49:18 +0200] "HEAD / HTTP/1.1" 200 244 "-" "check_http/v1.4.16 (nagios-plugins 1.4.16)"
- 88.198.233.245 - - [12/Apr/2014:11:49:21 +0200] "HEAD / HTTP/1.1" 200 244 "-" "check_http/v1.5 (nagios-plugins 1.5)"
- 46.248.163.70 - - [12/Apr/2014:11:49:49 +0200] "HEAD / HTTP/1.1" 200 244 "-" "check_http/v1.4.16 (nagios-plugins 1.4.16)"
- 176.31.15.134 - - [12/Apr/2014:11:50:18 +0200] "HEAD / HTTP/1.1" 200 244 "-" "check_http/v1.4.16 (nagios-plugins 1.4.16)"
- 88.198.233.245 - - [12/Apr/2014:11:50:21 +0200] "HEAD / HTTP/1.1" 200 244 "-" "check_http/v1.5 (nagios-plugins 1.5)"
- 46.248.163.70 - - [12/Apr/2014:11:50:49 +0200] "HEAD / HTTP/1.1" 200 244 "-" "check_http/v1.4.16 (nagios-plugins 1.4.16)"
- 176.31.15.134 - - [12/Apr/2014:11:51:18 +0200] "HEAD / HTTP/1.1" 200 244 "-" "check_http/v1.4.16 (nagios-plugins 1.4.16)"
- 88.198.233.245 - - [12/Apr/2014:11:51:21 +0200] "HEAD / HTTP/1.1" 200 244 "-" "check_http/v1.5 (nagios-plugins 1.5)"
- 46.248.163.70 - - [12/Apr/2014:11:51:49 +0200] "HEAD / HTTP/1.1" 200 244 "-" "check_http/v1.4.16 (nagios-plugins 1.4.16)"
- 176.31.15.134 - - [12/Apr/2014:11:52:18 +0200] "HEAD / HTTP/1.1" 200 244 "-" "check_http/v1.4.16 (nagios-plugins 1.4.16)"
- 88.198.233.245 - - [12/Apr/2014:11:52:21 +0200] "HEAD / HTTP/1.1" 200 244 "-" "check_http/v1.5 (nagios-plugins 1.5)"
- 46.248.163.70 - - [12/Apr/2014:11:52:49 +0200] "HEAD / HTTP/1.1" 200 244 "-" "check_http/v1.4.16 (nagios-plugins 1.4.16)"
- 176.31.15.134 - - [12/Apr/2014:11:53:18 +0200] "HEAD / HTTP/1.1" 200 244 "-" "check_http/v1.4.16 (nagios-plugins 1.4.16)"
- 88.198.233.245 - - [12/Apr/2014:11:53:21 +0200] "HEAD / HTTP/1.1" 200 244 "-" "check_http/v1.5 (nagios-plugins 1.5)"
- 46.248.163.70 - - [12/Apr/2014:11:53:49 +0200] "HEAD / HTTP/1.1" 200 244 "-" "check_http/v1.4.16 (nagios-plugins 1.4.16)"
- 184.22.231.18 - - [12/Apr/2014:11:53:52 +0200] "GET / HTTP/1.1" 200 12763 "http://whoisusing.it" "Mozilla/4.0 (compatible; MSIE 7.0; Windows NT 5.1; Trident/4.0; .NET CLR 2.0.50727; .NET CLR 3.0.4506.2152; .NET CLR 3.5.30729)"
- 184.22.231.18 - - [12/Apr/2014:11:53:52 +0200] "GET /hiphop-virtual-machine HTTP/1.1" 200 5105 "http://whoisusing.it/" "Mozilla/4.0 (compatible; MSIE 7.0; Windows NT 5.1; Trident/4.0; .NET CLR 2.0.50727; .NET CLR 3.0.4506.2152; .NET CLR 3.5.30729)"
- 176.31.15.134 - - [12/Apr/2014:11:54:18 +0200] "HEAD / HTTP/1.1" 200 244 "-" "check_http/v1.4.16 (nagios-plugins 1.4.16)"
- 88.198.233.245 - - [12/Apr/2014:11:54:21 +0200] "HEAD / HTTP/1.1" 200 244 "-" "check_http/v1.5 (nagios-plugins 1.5)"
- 46.248.163.70 - - [12/Apr/2014:11:54:49 +0200] "HEAD / HTTP/1.1" 200 244 "-" "check_http/v1.4.16 (nagios-plugins 1.4.16)"
- 176.31.15.134 - - [12/Apr/2014:11:55:18 +0200] "HEAD / HTTP/1.1" 200 244 "-" "check_http/v1.4.16 (nagios-plugins 1.4.16)"
- 88.198.233.245 - - [12/Apr/2014:11:55:21 +0200] "HEAD / HTTP/1.1" 200 244 "-" "check_http/v1.5 (nagios-plugins 1.5)"
- 46.248.163.70 - - [12/Apr/2014:11:55:49 +0200] "HEAD / HTTP/1.1" 200 244 "-" "check_http/v1.4.16 (nagios-plugins 1.4.16)"
- 176.31.15.134 - - [12/Apr/2014:11:56:18 +0200] "HEAD / HTTP/1.1" 200 244 "-" "check_http/v1.4.16 (nagios-plugins 1.4.16)"
- 88.198.233.245 - - [12/Apr/2014:11:56:21 +0200] "HEAD / HTTP/1.1" 200 244 "-" "check_http/v1.5 (nagios-plugins 1.5)"
- 46.248.163.70 - - [12/Apr/2014:11:56:49 +0200] "HEAD / HTTP/1.1" 200 244 "-" "check_http/v1.4.16 (nagios-plugins 1.4.16)"
- 176.31.15.134 - - [12/Apr/2014:11:57:18 +0200] "HEAD / HTTP/1.1" 200 244 "-" "check_http/v1.4.16 (nagios-plugins 1.4.16)"
- 88.198.233.245 - - [12/Apr/2014:11:57:21 +0200] "HEAD / HTTP/1.1" 200 244 "-" "check_http/v1.5 (nagios-plugins 1.5)"
- 46.248.163.70 - - [12/Apr/2014:11:57:49 +0200] "HEAD / HTTP/1.1" 200 244 "-" "check_http/v1.4.16 (nagios-plugins 1.4.16)"
- 176.31.15.134 - - [12/Apr/2014:11:58:18 +0200] "HEAD / HTTP/1.1" 200 244 "-" "check_http/v1.4.16 (nagios-plugins 1.4.16)"
- 88.198.233.245 - - [12/Apr/2014:11:58:21 +0200] "HEAD / HTTP/1.1" 200 244 "-" "check_http/v1.5 (nagios-plugins 1.5)"
- 46.248.163.70 - - [12/Apr/2014:11:58:49 +0200] "HEAD / HTTP/1.1" 200 244 "-" "check_http/v1.4.16 (nagios-plugins 1.4.16)"
- 176.31.15.134 - - [12/Apr/2014:11:59:18 +0200] "HEAD / HTTP/1.1" 200 244 "-" "check_http/v1.4.16 (nagios-plugins 1.4.16)"
- 88.198.233.245 - - [12/Apr/2014:11:59:21 +0200] "HEAD / HTTP/1.1" 200 244 "-" "check_http/v1.5 (nagios-plugins 1.5)"
- 46.248.163.70 - - [12/Apr/2014:11:59:49 +0200] "HEAD / HTTP/1.1" 200 244 "-" "check_http/v1.4.16 (nagios-plugins 1.4.16)"
- 176.31.15.134 - - [12/Apr/2014:12:00:18 +0200] "HEAD / HTTP/1.1" 200 244 "-" "check_http/v1.4.16 (nagios-plugins 1.4.16)"
- 88.198.233.245 - - [12/Apr/2014:12:00:21 +0200] "HEAD / HTTP/1.1" 200 244 "-" "check_http/v1.5 (nagios-plugins 1.5)"
- 46.248.163.70 - - [12/Apr/2014:12:00:49 +0200] "HEAD / HTTP/1.1" 200 244 "-" "check_http/v1.4.16 (nagios-plugins 1.4.16)"
- 176.31.15.134 - - [12/Apr/2014:12:01:18 +0200] "HEAD / HTTP/1.1" 200 244 "-" "check_http/v1.4.16 (nagios-plugins 1.4.16)"
- 88.198.233.245 - - [12/Apr/2014:12:01:21 +0200] "HEAD / HTTP/1.1" 200 244 "-" "check_http/v1.5 (nagios-plugins 1.5)"
- 46.248.163.70 - - [12/Apr/2014:12:01:49 +0200] "HEAD / HTTP/1.1" 200 244 "-" "check_http/v1.4.16 (nagios-plugins 1.4.16)"
- 176.31.15.134 - - [12/Apr/2014:12:02:18 +0200] "HEAD / HTTP/1.1" 200 244 "-" "check_http/v1.4.16 (nagios-plugins 1.4.16)"
- 88.198.233.245 - - [12/Apr/2014:12:02:21 +0200] "HEAD / HTTP/1.1" 200 244 "-" "check_http/v1.5 (nagios-plugins 1.5)"
- 46.248.163.70 - - [12/Apr/2014:12:02:49 +0200] "HEAD / HTTP/1.1" 200 244 "-" "check_http/v1.4.16 (nagios-plugins 1.4.16)"
- 176.31.15.134 - - [12/Apr/2014:12:03:18 +0200] "HEAD / HTTP/1.1" 200 244 "-" "check_http/v1.4.16 (nagios-plugins 1.4.16)"
- 88.198.233.245 - - [12/Apr/2014:12:03:21 +0200] "HEAD / HTTP/1.1" 200 244 "-" "check_http/v1.5 (nagios-plugins 1.5)"
- 46.248.163.70 - - [12/Apr/2014:12:03:49 +0200] "HEAD / HTTP/1.1" 200 244 "-" "check_http/v1.4.16 (nagios-plugins 1.4.16)"
- 176.31.15.134 - - [12/Apr/2014:12:04:18 +0200] "HEAD / HTTP/1.1" 200 244 "-" "check_http/v1.4.16 (nagios-plugins 1.4.16)"
- 88.198.233.245 - - [12/Apr/2014:12:04:21 +0200] "HEAD / HTTP/1.1" 200 244 "-" "check_http/v1.5 (nagios-plugins 1.5)"
- 46.248.163.70 - - [12/Apr/2014:12:04:49 +0200] "HEAD / HTTP/1.1" 200 244 "-" "check_http/v1.4.16 (nagios-plugins 1.4.16)"
- 176.31.15.134 - - [12/Apr/2014:12:05:18 +0200] "HEAD / HTTP/1.1" 200 244 "-" "check_http/v1.4.16 (nagios-plugins 1.4.16)"
- 88.198.233.245 - - [12/Apr/2014:12:05:21 +0200] "HEAD / HTTP/1.1" 200 244 "-" "check_http/v1.5 (nagios-plugins 1.5)"
- 46.248.163.70 - - [12/Apr/2014:12:05:49 +0200] "HEAD / HTTP/1.1" 200 244 "-" "check_http/v1.4.16 (nagios-plugins 1.4.16)"
- 176.31.15.134 - - [12/Apr/2014:12:06:18 +0200] "HEAD / HTTP/1.1" 200 244 "-" "check_http/v1.4.16 (nagios-plugins 1.4.16)"
- 88.198.233.245 - - [12/Apr/2014:12:06:21 +0200] "HEAD / HTTP/1.1" 200 244 "-" "check_http/v1.5 (nagios-plugins 1.5)"
- 46.248.163.70 - - [12/Apr/2014:12:06:49 +0200] "HEAD / HTTP/1.1" 200 244 "-" "check_http/v1.4.16 (nagios-plugins 1.4.16)"
- 176.31.15.134 - - [12/Apr/2014:12:07:18 +0200] "HEAD / HTTP/1.1" 200 244 "-" "check_http/v1.4.16 (nagios-plugins 1.4.16)"
- 88.198.233.245 - - [12/Apr/2014:12:07:21 +0200] "HEAD / HTTP/1.1" 200 244 "-" "check_http/v1.5 (nagios-plugins 1.5)"
- 46.248.163.70 - - [12/Apr/2014:12:07:49 +0200] "HEAD / HTTP/1.1" 200 244 "-" "check_http/v1.4.16 (nagios-plugins 1.4.16)"
- 176.31.15.134 - - [12/Apr/2014:12:08:18 +0200] "HEAD / HTTP/1.1" 200 244 "-" "check_http/v1.4.16 (nagios-plugins 1.4.16)"
- 88.198.233.245 - - [12/Apr/2014:12:08:21 +0200] "HEAD / HTTP/1.1" 200 244 "-" "check_http/v1.5 (nagios-plugins 1.5)"
- 46.248.163.70 - - [12/Apr/2014:12:08:49 +0200] "HEAD / HTTP/1.1" 200 244 "-" "check_http/v1.4.16 (nagios-plugins 1.4.16)"
- 176.31.15.134 - - [12/Apr/2014:12:09:18 +0200] "HEAD / HTTP/1.1" 200 244 "-" "check_http/v1.4.16 (nagios-plugins 1.4.16)"
- 88.198.233.245 - - [12/Apr/2014:12:09:21 +0200] "HEAD / HTTP/1.1" 200 244 "-" "check_http/v1.5 (nagios-plugins 1.5)"
- 46.248.163.70 - - [12/Apr/2014:12:09:49 +0200] "HEAD / HTTP/1.1" 200 244 "-" "check_http/v1.4.16 (nagios-plugins 1.4.16)"
- 176.31.15.134 - - [12/Apr/2014:12:10:18 +0200] "HEAD / HTTP/1.1" 200 244 "-" "check_http/v1.4.16 (nagios-plugins 1.4.16)"
- 88.198.233.245 - - [12/Apr/2014:12:10:21 +0200] "HEAD / HTTP/1.1" 200 244 "-" "check_http/v1.5 (nagios-plugins 1.5)"
- 46.248.163.70 - - [12/Apr/2014:12:10:49 +0200] "HEAD / HTTP/1.1" 200 244 "-" "check_http/v1.4.16 (nagios-plugins 1.4.16)"
- 176.31.15.134 - - [12/Apr/2014:12:11:18 +0200] "HEAD / HTTP/1.1" 200 244 "-" "check_http/v1.4.16 (nagios-plugins 1.4.16)"
- 88.198.233.245 - - [12/Apr/2014:12:11:21 +0200] "HEAD / HTTP/1.1" 200 244 "-" "check_http/v1.5 (nagios-plugins 1.5)"
- 46.248.163.70 - - [12/Apr/2014:12:11:49 +0200] "HEAD / HTTP/1.1" 200 244 "-" "check_http/v1.4.16 (nagios-plugins 1.4.16)"
- 176.31.15.134 - - [12/Apr/2014:12:12:18 +0200] "HEAD / HTTP/1.1" 200 244 "-" "check_http/v1.4.16 (nagios-plugins 1.4.16)"
- 88.198.233.245 - - [12/Apr/2014:12:12:21 +0200] "HEAD / HTTP/1.1" 200 244 "-" "check_http/v1.5 (nagios-plugins 1.5)"
- 46.248.163.70 - - [12/Apr/2014:12:12:49 +0200] "HEAD / HTTP/1.1" 200 244 "-" "check_http/v1.4.16 (nagios-plugins 1.4.16)"
- 176.31.15.134 - - [12/Apr/2014:12:13:18 +0200] "HEAD / HTTP/1.1" 200 244 "-" "check_http/v1.4.16 (nagios-plugins 1.4.16)"
- 88.198.233.245 - - [12/Apr/2014:12:13:21 +0200] "HEAD / HTTP/1.1" 200 244 "-" "check_http/v1.5 (nagios-plugins 1.5)"
- 46.248.163.70 - - [12/Apr/2014:12:13:49 +0200] "HEAD / HTTP/1.1" 200 244 "-" "check_http/v1.4.16 (nagios-plugins 1.4.16)"
- 176.31.15.134 - - [12/Apr/2014:12:14:18 +0200] "HEAD / HTTP/1.1" 200 244 "-" "check_http/v1.4.16 (nagios-plugins 1.4.16)"
- 88.198.233.245 - - [12/Apr/2014:12:14:21 +0200] "HEAD / HTTP/1.1" 200 244 "-" "check_http/v1.5 (nagios-plugins 1.5)"
- 46.248.163.70 - - [12/Apr/2014:12:14:49 +0200] "HEAD / HTTP/1.1" 200 244 "-" "check_http/v1.4.16 (nagios-plugins 1.4.16)"
- 176.31.15.134 - - [12/Apr/2014:12:15:18 +0200] "HEAD / HTTP/1.1" 200 244 "-" "check_http/v1.4.16 (nagios-plugins 1.4.16)"
- 88.198.233.245 - - [12/Apr/2014:12:15:21 +0200] "HEAD / HTTP/1.1" 200 244 "-" "check_http/v1.5 (nagios-plugins 1.5)"
- 46.248.163.70 - - [12/Apr/2014:12:15:49 +0200] "HEAD / HTTP/1.1" 200 244 "-" "check_http/v1.4.16 (nagios-plugins 1.4.16)"
- 176.31.15.134 - - [12/Apr/2014:12:16:18 +0200] "HEAD / HTTP/1.1" 200 244 "-" "check_http/v1.4.16 (nagios-plugins 1.4.16)"
- 88.198.233.245 - - [12/Apr/2014:12:16:21 +0200] "HEAD / HTTP/1.1" 200 244 "-" "check_http/v1.5 (nagios-plugins 1.5)"
- 46.248.163.70 - - [12/Apr/2014:12:16:49 +0200] "HEAD / HTTP/1.1" 200 244 "-" "check_http/v1.4.16 (nagios-plugins 1.4.16)"
- 176.31.15.134 - - [12/Apr/2014:12:17:18 +0200] "HEAD / HTTP/1.1" 200 244 "-" "check_http/v1.4.16 (nagios-plugins 1.4.16)"
- 88.198.233.245 - - [12/Apr/2014:12:17:21 +0200] "HEAD / HTTP/1.1" 200 244 "-" "check_http/v1.5 (nagios-plugins 1.5)"
- 46.248.163.70 - - [12/Apr/2014:12:17:49 +0200] "HEAD / HTTP/1.1" 200 244 "-" "check_http/v1.4.16 (nagios-plugins 1.4.16)"
- 176.31.15.134 - - [12/Apr/2014:12:18:18 +0200] "HEAD / HTTP/1.1" 200 244 "-" "check_http/v1.4.16 (nagios-plugins 1.4.16)"
- 88.198.233.245 - - [12/Apr/2014:12:18:21 +0200] "HEAD / HTTP/1.1" 200 244 "-" "check_http/v1.5 (nagios-plugins 1.5)"
- 46.248.163.70 - - [12/Apr/2014:12:18:49 +0200] "HEAD / HTTP/1.1" 200 244 "-" "check_http/v1.4.16 (nagios-plugins 1.4.16)"
- 176.31.15.134 - - [12/Apr/2014:12:19:18 +0200] "HEAD / HTTP/1.1" 200 244 "-" "check_http/v1.4.16 (nagios-plugins 1.4.16)"
- 88.198.233.245 - - [12/Apr/2014:12:19:21 +0200] "HEAD / HTTP/1.1" 200 244 "-" "check_http/v1.5 (nagios-plugins 1.5)"
- 46.248.163.70 - - [12/Apr/2014:12:19:49 +0200] "HEAD / HTTP/1.1" 200 244 "-" "check_http/v1.4.16 (nagios-plugins 1.4.16)"
- 176.31.15.134 - - [12/Apr/2014:12:20:18 +0200] "HEAD / HTTP/1.1" 200 244 "-" "check_http/v1.4.16 (nagios-plugins 1.4.16)"
- 88.198.233.245 - - [12/Apr/2014:12:20:21 +0200] "HEAD / HTTP/1.1" 200 244 "-" "check_http/v1.5 (nagios-plugins 1.5)"
- 46.248.163.70 - - [12/Apr/2014:12:20:49 +0200] "HEAD / HTTP/1.1" 200 244 "-" "check_http/v1.4.16 (nagios-plugins 1.4.16)"
- 176.31.15.134 - - [12/Apr/2014:12:21:18 +0200] "HEAD / HTTP/1.1" 200 244 "-" "check_http/v1.4.16 (nagios-plugins 1.4.16)"
- 88.198.233.245 - - [12/Apr/2014:12:21:21 +0200] "HEAD / HTTP/1.1" 200 244 "-" "check_http/v1.5 (nagios-plugins 1.5)"
- 46.248.163.70 - - [12/Apr/2014:12:21:49 +0200] "HEAD / HTTP/1.1" 200 244 "-" "check_http/v1.4.16 (nagios-plugins 1.4.16)"
- 176.31.15.134 - - [12/Apr/2014:12:22:18 +0200] "HEAD / HTTP/1.1" 200 244 "-" "check_http/v1.4.16 (nagios-plugins 1.4.16)"
- 88.198.233.245 - - [12/Apr/2014:12:22:21 +0200] "HEAD / HTTP/1.1" 200 244 "-" "check_http/v1.5 (nagios-plugins 1.5)"
- 46.248.163.70 - - [12/Apr/2014:12:22:49 +0200] "HEAD / HTTP/1.1" 200 244 "-" "check_http/v1.4.16 (nagios-plugins 1.4.16)"
- 176.31.15.134 - - [12/Apr/2014:12:23:18 +0200] "HEAD / HTTP/1.1" 200 244 "-" "check_http/v1.4.16 (nagios-plugins 1.4.16)"
- 88.198.233.245 - - [12/Apr/2014:12:23:21 +0200] "HEAD / HTTP/1.1" 200 244 "-" "check_http/v1.5 (nagios-plugins 1.5)"
- 46.248.163.70 - - [12/Apr/2014:12:23:49 +0200] "HEAD / HTTP/1.1" 200 244 "-" "check_http/v1.4.16 (nagios-plugins 1.4.16)"
- 176.31.15.134 - - [12/Apr/2014:12:24:18 +0200] "HEAD / HTTP/1.1" 200 244 "-" "check_http/v1.4.16 (nagios-plugins 1.4.16)"
- 88.198.233.245 - - [12/Apr/2014:12:24:21 +0200] "HEAD / HTTP/1.1" 200 244 "-" "check_http/v1.5 (nagios-plugins 1.5)"
- 46.248.163.70 - - [12/Apr/2014:12:24:49 +0200] "HEAD / HTTP/1.1" 200 244 "-" "check_http/v1.4.16 (nagios-plugins 1.4.16)"
- 176.31.15.134 - - [12/Apr/2014:12:25:18 +0200] "HEAD / HTTP/1.1" 200 244 "-" "check_http/v1.4.16 (nagios-plugins 1.4.16)"
- 88.198.233.245 - - [12/Apr/2014:12:25:21 +0200] "HEAD / HTTP/1.1" 200 244 "-" "check_http/v1.5 (nagios-plugins 1.5)"
- 46.248.163.70 - - [12/Apr/2014:12:25:49 +0200] "HEAD / HTTP/1.1" 200 244 "-" "check_http/v1.4.16 (nagios-plugins 1.4.16)"
- 176.31.15.134 - - [12/Apr/2014:12:26:18 +0200] "HEAD / HTTP/1.1" 200 244 "-" "check_http/v1.4.16 (nagios-plugins 1.4.16)"
- 88.198.233.245 - - [12/Apr/2014:12:26:21 +0200] "HEAD / HTTP/1.1" 200 244 "-" "check_http/v1.5 (nagios-plugins 1.5)"
- 46.248.163.70 - - [12/Apr/2014:12:26:49 +0200] "HEAD / HTTP/1.1" 200 244 "-" "check_http/v1.4.16 (nagios-plugins 1.4.16)"
- 176.31.15.134 - - [12/Apr/2014:12:27:18 +0200] "HEAD / HTTP/1.1" 200 244 "-" "check_http/v1.4.16 (nagios-plugins 1.4.16)"
- 88.198.233.245 - - [12/Apr/2014:12:27:21 +0200] "HEAD / HTTP/1.1" 200 244 "-" "check_http/v1.5 (nagios-plugins 1.5)"
- 46.248.163.70 - - [12/Apr/2014:12:27:49 +0200] "HEAD / HTTP/1.1" 200 244 "-" "check_http/v1.4.16 (nagios-plugins 1.4.16)"
- 176.31.15.134 - - [12/Apr/2014:12:28:18 +0200] "HEAD / HTTP/1.1" 200 244 "-" "check_http/v1.4.16 (nagios-plugins 1.4.16)"
- 88.198.233.245 - - [12/Apr/2014:12:28:21 +0200] "HEAD / HTTP/1.1" 200 244 "-" "check_http/v1.5 (nagios-plugins 1.5)"
- 46.248.163.70 - - [12/Apr/2014:12:28:49 +0200] "HEAD / HTTP/1.1" 200 244 "-" "check_http/v1.4.16 (nagios-plugins 1.4.16)"
- 157.55.34.166 - - [12/Apr/2014:12:28:59 +0200] "GET /tomcat HTTP/1.1" 200 4930 "-" "Mozilla/5.0 (compatible; bingbot/2.0; +http://www.bing.com/bingbot.htm)"
- 142.4.30.90 - - [12/Apr/2014:12:29:09 +0200] "GET /components/com_community/index.html HTTP/1.1" 404 5967 "-" "curl/7.15.5 (i386-redhat-linux-gnu) libcurl/7.15.5 OpenSSL/0.9.8b zlib/1.2.3 libidn/0.6.5"
- 142.4.30.90 - - [12/Apr/2014:12:29:09 +0200] "GET /co/components/com_community/index.html HTTP/1.1" 404 5967 "-" "curl/7.15.5 (i386-redhat-linux-gnu) libcurl/7.15.5 OpenSSL/0.9.8b zlib/1.2.3 libidn/0.6.5"
- 176.31.15.134 - - [12/Apr/2014:12:29:18 +0200] "HEAD / HTTP/1.1" 200 244 "-" "check_http/v1.4.16 (nagios-plugins 1.4.16)"
- 88.198.233.245 - - [12/Apr/2014:12:29:21 +0200] "HEAD / HTTP/1.1" 200 244 "-" "check_http/v1.5 (nagios-plugins 1.5)"
- 46.248.163.70 - - [12/Apr/2014:12:29:49 +0200] "HEAD / HTTP/1.1" 200 244 "-" "check_http/v1.4.16 (nagios-plugins 1.4.16)"
- 176.31.15.134 - - [12/Apr/2014:12:30:18 +0200] "HEAD / HTTP/1.1" 200 244 "-" "check_http/v1.4.16 (nagios-plugins 1.4.16)"
- 88.198.233.245 - - [12/Apr/2014:12:30:21 +0200] "HEAD / HTTP/1.1" 200 244 "-" "check_http/v1.5 (nagios-plugins 1.5)"
- 46.248.163.70 - - [12/Apr/2014:12:30:49 +0200] "HEAD / HTTP/1.1" 200 244 "-" "check_http/v1.4.16 (nagios-plugins 1.4.16)"
- 176.31.15.134 - - [12/Apr/2014:12:31:18 +0200] "HEAD / HTTP/1.1" 200 244 "-" "check_http/v1.4.16 (nagios-plugins 1.4.16)"
- 88.198.233.245 - - [12/Apr/2014:12:31:21 +0200] "HEAD / HTTP/1.1" 200 244 "-" "check_http/v1.5 (nagios-plugins 1.5)"
- 46.248.163.70 - - [12/Apr/2014:12:31:49 +0200] "HEAD / HTTP/1.1" 200 244 "-" "check_http/v1.4.16 (nagios-plugins 1.4.16)"
- 176.31.15.134 - - [12/Apr/2014:12:32:18 +0200] "HEAD / HTTP/1.1" 200 244 "-" "check_http/v1.4.16 (nagios-plugins 1.4.16)"
- 88.198.233.245 - - [12/Apr/2014:12:32:21 +0200] "HEAD / HTTP/1.1" 200 244 "-" "check_http/v1.5 (nagios-plugins 1.5)"
- 46.248.163.70 - - [12/Apr/2014:12:32:49 +0200] "HEAD / HTTP/1.1" 200 244 "-" "check_http/v1.4.16 (nagios-plugins 1.4.16)"
- 176.31.15.134 - - [12/Apr/2014:12:33:18 +0200] "HEAD / HTTP/1.1" 200 244 "-" "check_http/v1.4.16 (nagios-plugins 1.4.16)"
- 88.198.233.245 - - [12/Apr/2014:12:33:21 +0200] "HEAD / HTTP/1.1" 200 244 "-" "check_http/v1.5 (nagios-plugins 1.5)"
- 46.248.163.70 - - [12/Apr/2014:12:33:49 +0200] "HEAD / HTTP/1.1" 200 244 "-" "check_http/v1.4.16 (nagios-plugins 1.4.16)"
- 176.31.15.134 - - [12/Apr/2014:12:34:18 +0200] "HEAD / HTTP/1.1" 200 244 "-" "check_http/v1.4.16 (nagios-plugins 1.4.16)"
- 88.198.233.245 - - [12/Apr/2014:12:34:21 +0200] "HEAD / HTTP/1.1" 200 244 "-" "check_http/v1.5 (nagios-plugins 1.5)"
- 46.248.163.70 - - [12/Apr/2014:12:34:49 +0200] "HEAD / HTTP/1.1" 200 244 "-" "check_http/v1.4.16 (nagios-plugins 1.4.16)"
- 176.31.15.134 - - [12/Apr/2014:12:35:18 +0200] "HEAD / HTTP/1.1" 200 244 "-" "check_http/v1.4.16 (nagios-plugins 1.4.16)"
- 88.198.233.245 - - [12/Apr/2014:12:35:21 +0200] "HEAD / HTTP/1.1" 200 244 "-" "check_http/v1.5 (nagios-plugins 1.5)"
- 46.248.163.70 - - [12/Apr/2014:12:35:49 +0200] "HEAD / HTTP/1.1" 200 244 "-" "check_http/v1.4.16 (nagios-plugins 1.4.16)"
- 176.31.15.134 - - [12/Apr/2014:12:36:18 +0200] "HEAD / HTTP/1.1" 200 244 "-" "check_http/v1.4.16 (nagios-plugins 1.4.16)"
- 88.198.233.245 - - [12/Apr/2014:12:36:21 +0200] "HEAD / HTTP/1.1" 200 244 "-" "check_http/v1.5 (nagios-plugins 1.5)"
- 46.248.163.70 - - [12/Apr/2014:12:36:49 +0200] "HEAD / HTTP/1.1" 200 244 "-" "check_http/v1.4.16 (nagios-plugins 1.4.16)"
- 176.31.15.134 - - [12/Apr/2014:12:37:18 +0200] "HEAD / HTTP/1.1" 200 244 "-" "check_http/v1.4.16 (nagios-plugins 1.4.16)"
- 88.198.233.245 - - [12/Apr/2014:12:37:21 +0200] "HEAD / HTTP/1.1" 200 244 "-" "check_http/v1.5 (nagios-plugins 1.5)"
- 46.248.163.70 - - [12/Apr/2014:12:37:49 +0200] "HEAD / HTTP/1.1" 200 244 "-" "check_http/v1.4.16 (nagios-plugins 1.4.16)"
- 176.31.15.134 - - [12/Apr/2014:12:38:18 +0200] "HEAD / HTTP/1.1" 200 244 "-" "check_http/v1.4.16 (nagios-plugins 1.4.16)"
- 88.198.233.245 - - [12/Apr/2014:12:38:21 +0200] "HEAD / HTTP/1.1" 200 244 "-" "check_http/v1.5 (nagios-plugins 1.5)"
- 46.248.163.70 - - [12/Apr/2014:12:38:49 +0200] "HEAD / HTTP/1.1" 200 244 "-" "check_http/v1.4.16 (nagios-plugins 1.4.16)"
- 176.31.15.134 - - [12/Apr/2014:12:39:18 +0200] "HEAD / HTTP/1.1" 200 244 "-" "check_http/v1.4.16 (nagios-plugins 1.4.16)"
- 88.198.233.245 - - [12/Apr/2014:12:39:21 +0200] "HEAD / HTTP/1.1" 200 244 "-" "check_http/v1.5 (nagios-plugins 1.5)"
- 46.248.163.70 - - [12/Apr/2014:12:39:49 +0200] "HEAD / HTTP/1.1" 200 244 "-" "check_http/v1.4.16 (nagios-plugins 1.4.16)"
- 176.31.15.134 - - [12/Apr/2014:12:40:18 +0200] "HEAD / HTTP/1.1" 200 244 "-" "check_http/v1.4.16 (nagios-plugins 1.4.16)"
- 88.198.233.245 - - [12/Apr/2014:12:40:21 +0200] "HEAD / HTTP/1.1" 200 244 "-" "check_http/v1.5 (nagios-plugins 1.5)"
- 46.248.163.70 - - [12/Apr/2014:12:40:49 +0200] "HEAD / HTTP/1.1" 200 244 "-" "check_http/v1.4.16 (nagios-plugins 1.4.16)"
- 176.31.15.134 - - [12/Apr/2014:12:41:18 +0200] "HEAD / HTTP/1.1" 200 244 "-" "check_http/v1.4.16 (nagios-plugins 1.4.16)"
- 88.198.233.245 - - [12/Apr/2014:12:41:21 +0200] "HEAD / HTTP/1.1" 200 244 "-" "check_http/v1.5 (nagios-plugins 1.5)"
- 46.248.163.70 - - [12/Apr/2014:12:41:49 +0200] "HEAD / HTTP/1.1" 200 244 "-" "check_http/v1.4.16 (nagios-plugins 1.4.16)"
- 176.31.15.134 - - [12/Apr/2014:12:42:18 +0200] "HEAD / HTTP/1.1" 200 244 "-" "check_http/v1.4.16 (nagios-plugins 1.4.16)"
- 88.198.233.245 - - [12/Apr/2014:12:42:21 +0200] "HEAD / HTTP/1.1" 200 244 "-" "check_http/v1.5 (nagios-plugins 1.5)"
- 46.248.163.70 - - [12/Apr/2014:12:42:49 +0200] "HEAD / HTTP/1.1" 200 244 "-" "check_http/v1.4.16 (nagios-plugins 1.4.16)"
- 176.31.15.134 - - [12/Apr/2014:12:43:18 +0200] "HEAD / HTTP/1.1" 200 244 "-" "check_http/v1.4.16 (nagios-plugins 1.4.16)"
- 88.198.233.245 - - [12/Apr/2014:12:43:21 +0200] "HEAD / HTTP/1.1" 200 244 "-" "check_http/v1.5 (nagios-plugins 1.5)"
- 46.248.163.70 - - [12/Apr/2014:12:43:49 +0200] "HEAD / HTTP/1.1" 200 244 "-" "check_http/v1.4.16 (nagios-plugins 1.4.16)"
- 176.31.15.134 - - [12/Apr/2014:12:44:18 +0200] "HEAD / HTTP/1.1" 200 244 "-" "check_http/v1.4.16 (nagios-plugins 1.4.16)"
- 88.198.233.245 - - [12/Apr/2014:12:44:21 +0200] "HEAD / HTTP/1.1" 200 244 "-" "check_http/v1.5 (nagios-plugins 1.5)"
- 46.248.163.70 - - [12/Apr/2014:12:44:49 +0200] "HEAD / HTTP/1.1" 200 244 "-" "check_http/v1.4.16 (nagios-plugins 1.4.16)"
- 176.31.15.134 - - [12/Apr/2014:12:45:18 +0200] "HEAD / HTTP/1.1" 200 244 "-" "check_http/v1.4.16 (nagios-plugins 1.4.16)"
- 88.198.233.245 - - [12/Apr/2014:12:45:21 +0200] "HEAD / HTTP/1.1" 200 244 "-" "check_http/v1.5 (nagios-plugins 1.5)"
- 46.248.163.70 - - [12/Apr/2014:12:45:49 +0200] "HEAD / HTTP/1.1" 200 244 "-" "check_http/v1.4.16 (nagios-plugins 1.4.16)"
- 176.31.15.134 - - [12/Apr/2014:12:46:18 +0200] "HEAD / HTTP/1.1" 200 244 "-" "check_http/v1.4.16 (nagios-plugins 1.4.16)"
- 88.198.233.245 - - [12/Apr/2014:12:46:21 +0200] "HEAD / HTTP/1.1" 200 244 "-" "check_http/v1.5 (nagios-plugins 1.5)"
- 46.248.163.70 - - [12/Apr/2014:12:46:49 +0200] "HEAD / HTTP/1.1" 200 244 "-" "check_http/v1.4.16 (nagios-plugins 1.4.16)"
- 176.31.15.134 - - [12/Apr/2014:12:47:18 +0200] "HEAD / HTTP/1.1" 200 244 "-" "check_http/v1.4.16 (nagios-plugins 1.4.16)"
- 88.198.233.245 - - [12/Apr/2014:12:47:21 +0200] "HEAD / HTTP/1.1" 200 244 "-" "check_http/v1.5 (nagios-plugins 1.5)"
- 46.248.163.70 - - [12/Apr/2014:12:47:49 +0200] "HEAD / HTTP/1.1" 200 244 "-" "check_http/v1.4.16 (nagios-plugins 1.4.16)"
- 176.31.15.134 - - [12/Apr/2014:12:48:18 +0200] "HEAD / HTTP/1.1" 200 244 "-" "check_http/v1.4.16 (nagios-plugins 1.4.16)"
- 88.198.233.245 - - [12/Apr/2014:12:48:21 +0200] "HEAD / HTTP/1.1" 200 244 "-" "check_http/v1.5 (nagios-plugins 1.5)"
- 46.248.163.70 - - [12/Apr/2014:12:48:49 +0200] "HEAD / HTTP/1.1" 200 244 "-" "check_http/v1.4.16 (nagios-plugins 1.4.16)"
- 176.31.15.134 - - [12/Apr/2014:12:49:18 +0200] "HEAD / HTTP/1.1" 200 244 "-" "check_http/v1.4.16 (nagios-plugins 1.4.16)"
- 88.198.233.245 - - [12/Apr/2014:12:49:21 +0200] "HEAD / HTTP/1.1" 200 244 "-" "check_http/v1.5 (nagios-plugins 1.5)"
- 46.248.163.70 - - [12/Apr/2014:12:49:49 +0200] "HEAD / HTTP/1.1" 200 244 "-" "check_http/v1.4.16 (nagios-plugins 1.4.16)"
- 176.31.15.134 - - [12/Apr/2014:12:50:18 +0200] "HEAD / HTTP/1.1" 200 244 "-" "check_http/v1.4.16 (nagios-plugins 1.4.16)"
- 88.198.233.245 - - [12/Apr/2014:12:50:21 +0200] "HEAD / HTTP/1.1" 200 244 "-" "check_http/v1.5 (nagios-plugins 1.5)"
- 46.248.163.70 - - [12/Apr/2014:12:50:49 +0200] "HEAD / HTTP/1.1" 200 244 "-" "check_http/v1.4.16 (nagios-plugins 1.4.16)"
- 176.31.15.134 - - [12/Apr/2014:12:51:18 +0200] "HEAD / HTTP/1.1" 200 244 "-" "check_http/v1.4.16 (nagios-plugins 1.4.16)"
- 88.198.233.245 - - [12/Apr/2014:12:51:21 +0200] "HEAD / HTTP/1.1" 200 244 "-" "check_http/v1.5 (nagios-plugins 1.5)"
- 46.248.163.70 - - [12/Apr/2014:12:51:49 +0200] "HEAD / HTTP/1.1" 200 244 "-" "check_http/v1.4.16 (nagios-plugins 1.4.16)"
- 176.31.15.134 - - [12/Apr/2014:12:52:18 +0200] "HEAD / HTTP/1.1" 200 244 "-" "check_http/v1.4.16 (nagios-plugins 1.4.16)"
- 88.198.233.245 - - [12/Apr/2014:12:52:21 +0200] "HEAD / HTTP/1.1" 200 244 "-" "check_http/v1.5 (nagios-plugins 1.5)"
- 46.248.163.70 - - [12/Apr/2014:12:52:49 +0200] "HEAD / HTTP/1.1" 200 244 "-" "check_http/v1.4.16 (nagios-plugins 1.4.16)"
- 176.31.15.134 - - [12/Apr/2014:12:53:18 +0200] "HEAD / HTTP/1.1" 200 244 "-" "check_http/v1.4.16 (nagios-plugins 1.4.16)"
- 88.198.233.245 - - [12/Apr/2014:12:53:21 +0200] "HEAD / HTTP/1.1" 200 244 "-" "check_http/v1.5 (nagios-plugins 1.5)"
- 46.248.163.70 - - [12/Apr/2014:12:53:49 +0200] "HEAD / HTTP/1.1" 200 244 "-" "check_http/v1.4.16 (nagios-plugins 1.4.16)"
- 176.31.15.134 - - [12/Apr/2014:12:54:18 +0200] "HEAD / HTTP/1.1" 200 244 "-" "check_http/v1.4.16 (nagios-plugins 1.4.16)"
- 88.198.233.245 - - [12/Apr/2014:12:54:21 +0200] "HEAD / HTTP/1.1" 200 244 "-" "check_http/v1.5 (nagios-plugins 1.5)"
- 46.248.163.70 - - [12/Apr/2014:12:54:49 +0200] "HEAD / HTTP/1.1" 200 244 "-" "check_http/v1.4.16 (nagios-plugins 1.4.16)"
- 176.31.15.134 - - [12/Apr/2014:12:55:18 +0200] "HEAD / HTTP/1.1" 200 244 "-" "check_http/v1.4.16 (nagios-plugins 1.4.16)"
- 208.115.111.71 - - [12/Apr/2014:12:55:20 +0200] "GET /django HTTP/1.1" 200 24716 "-" "Mozilla/5.0 (compatible; Ezooms/1.0; help@moz.com)"
- 88.198.233.245 - - [12/Apr/2014:12:55:21 +0200] "HEAD / HTTP/1.1" 200 244 "-" "check_http/v1.5 (nagios-plugins 1.5)"
- 46.248.163.70 - - [12/Apr/2014:12:55:49 +0200] "HEAD / HTTP/1.1" 200 244 "-" "check_http/v1.4.16 (nagios-plugins 1.4.16)"
- 176.31.15.134 - - [12/Apr/2014:12:56:18 +0200] "HEAD / HTTP/1.1" 200 244 "-" "check_http/v1.4.16 (nagios-plugins 1.4.16)"
- 88.198.233.245 - - [12/Apr/2014:12:56:21 +0200] "HEAD / HTTP/1.1" 200 244 "-" "check_http/v1.5 (nagios-plugins 1.5)"
- 46.248.163.70 - - [12/Apr/2014:12:56:49 +0200] "HEAD / HTTP/1.1" 200 244 "-" "check_http/v1.4.16 (nagios-plugins 1.4.16)"
- 176.31.15.134 - - [12/Apr/2014:12:57:18 +0200] "HEAD / HTTP/1.1" 200 244 "-" "check_http/v1.4.16 (nagios-plugins 1.4.16)"
- 88.198.233.245 - - [12/Apr/2014:12:57:21 +0200] "HEAD / HTTP/1.1" 200 244 "-" "check_http/v1.5 (nagios-plugins 1.5)"
- 46.248.163.70 - - [12/Apr/2014:12:57:49 +0200] "HEAD / HTTP/1.1" 200 244 "-" "check_http/v1.4.16 (nagios-plugins 1.4.16)"
- 176.31.15.134 - - [12/Apr/2014:12:58:18 +0200] "HEAD / HTTP/1.1" 200 244 "-" "check_http/v1.4.16 (nagios-plugins 1.4.16)"
- 88.198.233.245 - - [12/Apr/2014:12:58:21 +0200] "HEAD / HTTP/1.1" 200 244 "-" "check_http/v1.5 (nagios-plugins 1.5)"
- 46.248.163.70 - - [12/Apr/2014:12:58:49 +0200] "HEAD / HTTP/1.1" 200 244 "-" "check_http/v1.4.16 (nagios-plugins 1.4.16)"
- 176.31.15.134 - - [12/Apr/2014:12:59:18 +0200] "HEAD / HTTP/1.1" 200 244 "-" "check_http/v1.4.16 (nagios-plugins 1.4.16)"
- 88.198.233.245 - - [12/Apr/2014:12:59:21 +0200] "HEAD / HTTP/1.1" 200 244 "-" "check_http/v1.5 (nagios-plugins 1.5)"
