- 176.31.15.134 - - [12/Apr/2014:06:35:18 +0200] "HEAD / HTTP/1.1" 200 244 "-" "check_http/v1.4.16 (nagios-plugins 1.4.16)"
- 88.198.233.245 - - [12/Apr/2014:06:35:21 +0200] "HEAD / HTTP/1.1" 200 244 "-" "check_http/v1.5 (nagios-plugins 1.5)"
- 46.248.163.70 - - [12/Apr/2014:06:35:49 +0200] "HEAD / HTTP/1.1" 200 244 "-" "check_http/v1.4.16 (nagios-plugins 1.4.16)"
- 176.31.15.134 - - [12/Apr/2014:06:36:18 +0200] "HEAD / HTTP/1.1" 200 244 "-" "check_http/v1.4.16 (nagios-plugins 1.4.16)"
- 88.198.233.245 - - [12/Apr/2014:06:36:21 +0200] "HEAD / HTTP/1.1" 200 244 "-" "check_http/v1.5 (nagios-plugins 1.5)"
2014-04-13 06:36:25 H=(cavalli.chello.at) [84.113.130.155] F= rejected RCPT : No Such User Here
2014-04-13 06:36:26 unexpected disconnection while reading SMTP command from (cavalli.chello.at) [84.113.130.155]
03:55:34 127.0.0.1 [1]USER anonymous 331
03:55:42 127.0.0.1 [1]PASS me@herongyang.com 230
03:55:49 127.0.0.1 [1]QUIT - 226
04:07:57 127.0.0.1 [2]sent /ftp.html 226
04:07:57 127.0.0.1 [2]sent /index.html 226
04:07:58 127.0.0.1 [2]sent /reference.html 226
03:55:49 127.0.0.1 [1]QUIT - 226
- 46.248.163.70 - - [12/Apr/2014:06:36:49 +0200] "HEAD / HTTP/1.1" 200 244 "-" "check_http/v1.4.16 (nagios-plugins 1.4.16)"
- 176.31.15.134 - - [12/Apr/2014:06:37:18 +0200] "HEAD / HTTP/1.1" 200 244 "-" "check_http/v1.4.16 (nagios-plugins 1.4.16)"
- 88.198.233.245 - - [12/Apr/2014:06:37:21 +0200] "HEAD / HTTP/1.1" 200 244 "-" "check_http/v1.5 (nagios-plugins 1.5)"
- 46.248.163.70 - - [12/Apr/2014:06:37:49 +0200] "HEAD / HTTP/1.1" 200 244 "-" "check_http/v1.4.16 (nagios-plugins 1.4.16)"
- 176.31.15.134 - - [12/Apr/2014:06:38:18 +0200] "HEAD / HTTP/1.1" 200 244 "-" "check_http/v1.4.16 (nagios-plugins 1.4.16)"
- 88.198.233.245 - - [12/Apr/2014:06:38:21 +0200] "HEAD / HTTP/1.1" 200 244 "-" "check_http/v1.5 (nagios-plugins 1.5)"
- 46.248.163.70 - - [12/Apr/2014:06:38:49 +0200] "HEAD / HTTP/1.1" 200 244 "-" "check_http/v1.4.16 (nagios-plugins 1.4.16)"
- 176.31.15.134 - - [12/Apr/2014:06:39:18 +0200] "HEAD / HTTP/1.1" 200 244 "-" "check_http/v1.4.16 (nagios-plugins 1.4.16)"
- 88.198.233.245 - - [12/Apr/2014:06:39:21 +0200] "HEAD / HTTP/1.1" 200 244 "-" "check_http/v1.5 (nagios-plugins 1.5)"
- 46.248.163.70 - - [12/Apr/2014:06:39:49 +0200] "HEAD / HTTP/1.1" 200 244 "-" "check_http/v1.4.16 (nagios-plugins 1.4.16)"
- 176.31.15.134 - - [12/Apr/2014:06:40:18 +0200] "HEAD / HTTP/1.1" 200 244 "-" "check_http/v1.4.16 (nagios-plugins 1.4.16)"
- 88.198.233.245 - - [12/Apr/2014:06:40:21 +0200] "HEAD / HTTP/1.1" 200 244 "-" "check_http/v1.5 (nagios-plugins 1.5)"
- 46.248.163.70 - - [12/Apr/2014:06:40:49 +0200] "HEAD / HTTP/1.1" 200 244 "-" "check_http/v1.4.16 (nagios-plugins 1.4.16)"
- 176.31.15.134 - - [12/Apr/2014:06:41:18 +0200] "HEAD / HTTP/1.1" 200 244 "-" "check_http/v1.4.16 (nagios-plugins 1.4.16)"
- 88.198.233.245 - - [12/Apr/2014:06:41:21 +0200] "HEAD / HTTP/1.1" 200 244 "-" "check_http/v1.5 (nagios-plugins 1.5)"
- 46.248.163.70 - - [12/Apr/2014:06:41:49 +0200] "HEAD / HTTP/1.1" 200 244 "-" "check_http/v1.4.16 (nagios-plugins 1.4.16)"
- 176.31.15.134 - - [12/Apr/2014:06:42:18 +0200] "HEAD / HTTP/1.1" 200 244 "-" "check_http/v1.4.16 (nagios-plugins 1.4.16)"
- 88.198.233.245 - - [12/Apr/2014:06:42:21 +0200] "HEAD / HTTP/1.1" 200 244 "-" "check_http/v1.5 (nagios-plugins 1.5)"
- 46.248.163.70 - - [12/Apr/2014:06:42:49 +0200] "HEAD / HTTP/1.1" 200 244 "-" "check_http/v1.4.16 (nagios-plugins 1.4.16)"
- 176.31.15.134 - - [12/Apr/2014:06:43:18 +0200] "HEAD / HTTP/1.1" 200 244 "-" "check_http/v1.4.16 (nagios-plugins 1.4.16)"
- 88.198.233.245 - - [12/Apr/2014:06:43:21 +0200] "HEAD / HTTP/1.1" 200 244 "-" "check_http/v1.5 (nagios-plugins 1.5)"
- 46.248.163.70 - - [12/Apr/2014:06:43:49 +0200] "HEAD / HTTP/1.1" 200 244 "-" "check_http/v1.4.16 (nagios-plugins 1.4.16)"
- 176.31.15.134 - - [12/Apr/2014:06:44:18 +0200] "HEAD / HTTP/1.1" 200 244 "-" "check_http/v1.4.16 (nagios-plugins 1.4.16)"
- 88.198.233.245 - - [12/Apr/2014:06:44:21 +0200] "HEAD / HTTP/1.1" 200 244 "-" "check_http/v1.5 (nagios-plugins 1.5)"
- 46.248.163.70 - - [12/Apr/2014:06:44:49 +0200] "HEAD / HTTP/1.1" 200 244 "-" "check_http/v1.4.16 (nagios-plugins 1.4.16)"
- 176.31.15.134 - - [12/Apr/2014:06:45:18 +0200] "HEAD / HTTP/1.1" 200 244 "-" "check_http/v1.4.16 (nagios-plugins 1.4.16)"
- 88.198.233.245 - - [12/Apr/2014:06:45:21 +0200] "HEAD / HTTP/1.1" 200 244 "-" "check_http/v1.5 (nagios-plugins 1.5)"
- 46.248.163.70 - - [12/Apr/2014:06:45:49 +0200] "HEAD / HTTP/1.1" 200 244 "-" "check_http/v1.4.16 (nagios-plugins 1.4.16)"
- 176.31.15.134 - - [12/Apr/2014:06:46:18 +0200] "HEAD / HTTP/1.1" 200 244 "-" "check_http/v1.4.16 (nagios-plugins 1.4.16)"
- 88.198.233.245 - - [12/Apr/2014:06:46:21 +0200] "HEAD / HTTP/1.1" 200 244 "-" "check_http/v1.5 (nagios-plugins 1.5)"
- 46.248.163.70 - - [12/Apr/2014:06:46:49 +0200] "HEAD / HTTP/1.1" 200 244 "-" "check_http/v1.4.16 (nagios-plugins 1.4.16)"
- 176.31.15.134 - - [12/Apr/2014:06:47:18 +0200] "HEAD / HTTP/1.1" 200 244 "-" "check_http/v1.4.16 (nagios-plugins 1.4.16)"
- 88.198.233.245 - - [12/Apr/2014:06:47:21 +0200] "HEAD / HTTP/1.1" 200 244 "-" "check_http/v1.5 (nagios-plugins 1.5)"
- 46.248.163.70 - - [12/Apr/2014:06:47:49 +0200] "HEAD / HTTP/1.1" 200 244 "-" "check_http/v1.4.16 (nagios-plugins 1.4.16)"
- 176.31.15.134 - - [12/Apr/2014:06:48:18 +0200] "HEAD / HTTP/1.1" 200 244 "-" "check_http/v1.4.16 (nagios-plugins 1.4.16)"
- 88.198.233.245 - - [12/Apr/2014:06:48:21 +0200] "HEAD / HTTP/1.1" 200 244 "-" "check_http/v1.5 (nagios-plugins 1.5)"
- 46.248.163.70 - - [12/Apr/2014:06:48:49 +0200] "HEAD / HTTP/1.1" 200 244 "-" "check_http/v1.4.16 (nagios-plugins 1.4.16)"
- 157.56.93.187 - - [12/Apr/2014:06:48:52 +0200] "GET /robots.txt HTTP/1.1" 200 412 "-" "Mozilla/5.0 (compatible; bingbot/2.0; +http://www.bing.com/bingbot.htm)"
- 157.56.93.187 - - [12/Apr/2014:06:48:53 +0200] "GET /s/156 HTTP/1.1" 301 561 "-" "Mozilla/5.0 (compatible; bingbot/2.0; +http://www.bing.com/bingbot.htm)"
- 176.31.15.134 - - [12/Apr/2014:06:49:18 +0200] "HEAD / HTTP/1.1" 200 244 "-" "check_http/v1.4.16 (nagios-plugins 1.4.16)"
- 88.198.233.245 - - [12/Apr/2014:06:49:21 +0200] "HEAD / HTTP/1.1" 200 244 "-" "check_http/v1.5 (nagios-plugins 1.5)"
- 66.249.68.136 - - [12/Apr/2014:06:49:23 +0200] "GET /source/new/cloudflare HTTP/1.1" 200 4014 "-" "Mozilla/5.0 (compatible; Googlebot/2.1; +http://www.google.com/bot.html)"
- 46.248.163.70 - - [12/Apr/2014:06:49:49 +0200] "HEAD / HTTP/1.1" 200 244 "-" "check_http/v1.4.16 (nagios-plugins 1.4.16)"
- 176.31.15.134 - - [12/Apr/2014:06:50:18 +0200] "HEAD / HTTP/1.1" 200 244 "-" "check_http/v1.4.16 (nagios-plugins 1.4.16)"
- 88.198.233.245 - - [12/Apr/2014:06:50:21 +0200] "HEAD / HTTP/1.1" 200 244 "-" "check_http/v1.5 (nagios-plugins 1.5)"
- 46.248.163.70 - - [12/Apr/2014:06:50:49 +0200] "HEAD / HTTP/1.1" 200 244 "-" "check_http/v1.4.16 (nagios-plugins 1.4.16)"
- 176.31.15.134 - - [12/Apr/2014:06:51:18 +0200] "HEAD / HTTP/1.1" 200 244 "-" "check_http/v1.4.16 (nagios-plugins 1.4.16)"
- 88.198.233.245 - - [12/Apr/2014:06:51:21 +0200] "HEAD / HTTP/1.1" 200 244 "-" "check_http/v1.5 (nagios-plugins 1.5)"
- 46.248.163.70 - - [12/Apr/2014:06:51:49 +0200] "HEAD / HTTP/1.1" 200 244 "-" "check_http/v1.4.16 (nagios-plugins 1.4.16)"
- 176.31.15.134 - - [12/Apr/2014:06:52:18 +0200] "HEAD / HTTP/1.1" 200 244 "-" "check_http/v1.4.16 (nagios-plugins 1.4.16)"
- 88.198.233.245 - - [12/Apr/2014:06:52:21 +0200] "HEAD / HTTP/1.1" 200 244 "-" "check_http/v1.5 (nagios-plugins 1.5)"
- 46.248.163.70 - - [12/Apr/2014:06:52:49 +0200] "HEAD / HTTP/1.1" 200 244 "-" "check_http/v1.4.16 (nagios-plugins 1.4.16)"
- 176.31.15.134 - - [12/Apr/2014:06:53:18 +0200] "HEAD / HTTP/1.1" 200 244 "-" "check_http/v1.4.16 (nagios-plugins 1.4.16)"
- 88.198.233.245 - - [12/Apr/2014:06:53:21 +0200] "HEAD / HTTP/1.1" 200 244 "-" "check_http/v1.5 (nagios-plugins 1.5)"
- 46.248.163.70 - - [12/Apr/2014:06:53:49 +0200] "HEAD / HTTP/1.1" 200 244 "-" "check_http/v1.4.16 (nagios-plugins 1.4.16)"
- 176.31.15.134 - - [12/Apr/2014:06:54:18 +0200] "HEAD / HTTP/1.1" 200 244 "-" "check_http/v1.4.16 (nagios-plugins 1.4.16)"
- 88.198.233.245 - - [12/Apr/2014:06:54:21 +0200] "HEAD / HTTP/1.1" 200 244 "-" "check_http/v1.5 (nagios-plugins 1.5)"
- 46.248.163.70 - - [12/Apr/2014:06:54:49 +0200] "HEAD / HTTP/1.1" 200 244 "-" "check_http/v1.4.16 (nagios-plugins 1.4.16)"
- 176.31.15.134 - - [12/Apr/2014:06:55:18 +0200] "HEAD / HTTP/1.1" 200 244 "-" "check_http/v1.4.16 (nagios-plugins 1.4.16)"
- 88.198.233.245 - - [12/Apr/2014:06:55:21 +0200] "HEAD / HTTP/1.1" 200 244 "-" "check_http/v1.5 (nagios-plugins 1.5)"
- 46.248.163.70 - - [12/Apr/2014:06:55:49 +0200] "HEAD / HTTP/1.1" 200 244 "-" "check_http/v1.4.16 (nagios-plugins 1.4.16)"
- 176.31.15.134 - - [12/Apr/2014:06:56:18 +0200] "HEAD / HTTP/1.1" 200 244 "-" "check_http/v1.4.16 (nagios-plugins 1.4.16)"
- 88.198.233.245 - - [12/Apr/2014:06:56:21 +0200] "HEAD / HTTP/1.1" 200 244 "-" "check_http/v1.5 (nagios-plugins 1.5)"
- 46.248.163.70 - - [12/Apr/2014:06:56:49 +0200] "HEAD / HTTP/1.1" 200 244 "-" "check_http/v1.4.16 (nagios-plugins 1.4.16)"
- 176.31.15.134 - - [12/Apr/2014:06:57:18 +0200] "HEAD / HTTP/1.1" 200 244 "-" "check_http/v1.4.16 (nagios-plugins 1.4.16)"
- 88.198.233.245 - - [12/Apr/2014:06:57:21 +0200] "HEAD / HTTP/1.1" 200 244 "-" "check_http/v1.5 (nagios-plugins 1.5)"
- 46.248.163.70 - - [12/Apr/2014:06:57:49 +0200] "HEAD / HTTP/1.1" 200 244 "-" "check_http/v1.4.16 (nagios-plugins 1.4.16)"
- 176.31.15.134 - - [12/Apr/2014:06:58:18 +0200] "HEAD / HTTP/1.1" 200 244 "-" "check_http/v1.4.16 (nagios-plugins 1.4.16)"
- 88.198.233.245 - - [12/Apr/2014:06:58:21 +0200] "HEAD / HTTP/1.1" 200 244 "-" "check_http/v1.5 (nagios-plugins 1.5)"
- 46.248.163.70 - - [12/Apr/2014:06:58:49 +0200] "HEAD / HTTP/1.1" 200 244 "-" "check_http/v1.4.16 (nagios-plugins 1.4.16)"
- 176.31.15.134 - - [12/Apr/2014:06:59:18 +0200] "HEAD / HTTP/1.1" 200 244 "-" "check_http/v1.4.16 (nagios-plugins 1.4.16)"
- 88.198.233.245 - - [12/Apr/2014:06:59:21 +0200] "HEAD / HTTP/1.1" 200 244 "-" "check_http/v1.5 (nagios-plugins 1.5)"
- 46.248.163.70 - - [12/Apr/2014:06:59:49 +0200] "HEAD / HTTP/1.1" 200 244 "-" "check_http/v1.4.16 (nagios-plugins 1.4.16)"
- 176.31.15.134 - - [12/Apr/2014:07:00:18 +0200] "HEAD / HTTP/1.1" 200 244 "-" "check_http/v1.4.16 (nagios-plugins 1.4.16)"
- 88.198.233.245 - - [12/Apr/2014:07:00:21 +0200] "HEAD / HTTP/1.1" 200 244 "-" "check_http/v1.5 (nagios-plugins 1.5)"
- 46.248.163.70 - - [12/Apr/2014:07:00:49 +0200] "HEAD / HTTP/1.1" 200 244 "-" "check_http/v1.4.16 (nagios-plugins 1.4.16)"
- 176.31.15.134 - - [12/Apr/2014:07:01:18 +0200] "HEAD / HTTP/1.1" 200 244 "-" "check_http/v1.4.16 (nagios-plugins 1.4.16)"
- 88.198.233.245 - - [12/Apr/2014:07:01:21 +0200] "HEAD / HTTP/1.1" 200 244 "-" "check_http/v1.5 (nagios-plugins 1.5)"
- 46.248.163.70 - - [12/Apr/2014:07:01:49 +0200] "HEAD / HTTP/1.1" 200 244 "-" "check_http/v1.4.16 (nagios-plugins 1.4.16)"
- 176.31.15.134 - - [12/Apr/2014:07:02:18 +0200] "HEAD / HTTP/1.1" 200 244 "-" "check_http/v1.4.16 (nagios-plugins 1.4.16)"
- 88.198.233.245 - - [12/Apr/2014:07:02:21 +0200] "HEAD / HTTP/1.1" 200 244 "-" "check_http/v1.5 (nagios-plugins 1.5)"
- 46.248.163.70 - - [12/Apr/2014:07:02:49 +0200] "HEAD / HTTP/1.1" 200 244 "-" "check_http/v1.4.16 (nagios-plugins 1.4.16)"
- 176.31.15.134 - - [12/Apr/2014:07:03:18 +0200] "HEAD / HTTP/1.1" 200 244 "-" "check_http/v1.4.16 (nagios-plugins 1.4.16)"
- 88.198.233.245 - - [12/Apr/2014:07:03:21 +0200] "HEAD / HTTP/1.1" 200 244 "-" "check_http/v1.5 (nagios-plugins 1.5)"
- 46.248.163.70 - - [12/Apr/2014:07:03:49 +0200] "HEAD / HTTP/1.1" 200 244 "-" "check_http/v1.4.16 (nagios-plugins 1.4.16)"
- 176.31.15.134 - - [12/Apr/2014:07:04:18 +0200] "HEAD / HTTP/1.1" 200 244 "-" "check_http/v1.4.16 (nagios-plugins 1.4.16)"
- 88.198.233.245 - - [12/Apr/2014:07:04:21 +0200] "HEAD / HTTP/1.1" 200 244 "-" "check_http/v1.5 (nagios-plugins 1.5)"
- 46.248.163.70 - - [12/Apr/2014:07:04:49 +0200] "HEAD / HTTP/1.1" 200 244 "-" "check_http/v1.4.16 (nagios-plugins 1.4.16)"
- 176.31.15.134 - - [12/Apr/2014:07:05:18 +0200] "HEAD / HTTP/1.1" 200 244 "-" "check_http/v1.4.16 (nagios-plugins 1.4.16)"
- 88.198.233.245 - - [12/Apr/2014:07:05:21 +0200] "HEAD / HTTP/1.1" 200 244 "-" "check_http/v1.5 (nagios-plugins 1.5)"
- 46.248.163.70 - - [12/Apr/2014:07:05:49 +0200] "HEAD / HTTP/1.1" 200 244 "-" "check_http/v1.4.16 (nagios-plugins 1.4.16)"
- 176.31.15.134 - - [12/Apr/2014:07:06:18 +0200] "HEAD / HTTP/1.1" 200 244 "-" "check_http/v1.4.16 (nagios-plugins 1.4.16)"
- 88.198.233.245 - - [12/Apr/2014:07:06:21 +0200] "HEAD / HTTP/1.1" 200 244 "-" "check_http/v1.5 (nagios-plugins 1.5)"
- 46.248.163.70 - - [12/Apr/2014:07:06:49 +0200] "HEAD / HTTP/1.1" 200 244 "-" "check_http/v1.4.16 (nagios-plugins 1.4.16)"
- 176.31.15.134 - - [12/Apr/2014:07:07:18 +0200] "HEAD / HTTP/1.1" 200 244 "-" "check_http/v1.4.16 (nagios-plugins 1.4.16)"
- 88.198.233.245 - - [12/Apr/2014:07:07:21 +0200] "HEAD / HTTP/1.1" 200 244 "-" "check_http/v1.5 (nagios-plugins 1.5)"
- 5.10.83.25 - - [12/Apr/2014:07:07:41 +0200] "GET /source/new/stack-overflow HTTP/1.1" 200 3959 "-" "Mozilla/5.0 (compatible; AhrefsBot/5.0; +http://ahrefs.com/robot/)"
- 46.248.163.70 - - [12/Apr/2014:07:07:49 +0200] "HEAD / HTTP/1.1" 200 244 "-" "check_http/v1.4.16 (nagios-plugins 1.4.16)"
- 176.31.15.134 - - [12/Apr/2014:07:08:18 +0200] "HEAD / HTTP/1.1" 200 244 "-" "check_http/v1.4.16 (nagios-plugins 1.4.16)"
- 88.198.233.245 - - [12/Apr/2014:07:08:21 +0200] "HEAD / HTTP/1.1" 200 244 "-" "check_http/v1.5 (nagios-plugins 1.5)"
- 46.248.163.70 - - [12/Apr/2014:07:08:49 +0200] "HEAD / HTTP/1.1" 200 244 "-" "check_http/v1.4.16 (nagios-plugins 1.4.16)"
- 176.31.15.134 - - [12/Apr/2014:07:09:18 +0200] "HEAD / HTTP/1.1" 200 244 "-" "check_http/v1.4.16 (nagios-plugins 1.4.16)"
- 88.198.233.245 - - [12/Apr/2014:07:09:21 +0200] "HEAD / HTTP/1.1" 200 244 "-" "check_http/v1.5 (nagios-plugins 1.5)"
- 46.248.163.70 - - [12/Apr/2014:07:09:49 +0200] "HEAD / HTTP/1.1" 200 244 "-" "check_http/v1.4.16 (nagios-plugins 1.4.16)"
- 208.115.111.71 - - [12/Apr/2014:07:09:54 +0200] "GET /robots.txt HTTP/1.1" 200 355 "-" "Mozilla/5.0 (compatible; Ezooms/1.0; help@moz.com)"
- 176.31.15.134 - - [12/Apr/2014:07:10:18 +0200] "HEAD / HTTP/1.1" 200 244 "-" "check_http/v1.4.16 (nagios-plugins 1.4.16)"
- 88.198.233.245 - - [12/Apr/2014:07:10:21 +0200] "HEAD / HTTP/1.1" 200 244 "-" "check_http/v1.5 (nagios-plugins 1.5)"
- 46.248.163.70 - - [12/Apr/2014:07:10:49 +0200] "HEAD / HTTP/1.1" 200 244 "-" "check_http/v1.4.16 (nagios-plugins 1.4.16)"
- 176.31.15.134 - - [12/Apr/2014:07:11:18 +0200] "HEAD / HTTP/1.1" 200 244 "-" "check_http/v1.4.16 (nagios-plugins 1.4.16)"
- 88.198.233.245 - - [12/Apr/2014:07:11:21 +0200] "HEAD / HTTP/1.1" 200 244 "-" "check_http/v1.5 (nagios-plugins 1.5)"
- 46.248.163.70 - - [12/Apr/2014:07:11:49 +0200] "HEAD / HTTP/1.1" 200 244 "-" "check_http/v1.4.16 (nagios-plugins 1.4.16)"
- 176.31.15.134 - - [12/Apr/2014:07:12:18 +0200] "HEAD / HTTP/1.1" 200 244 "-" "check_http/v1.4.16 (nagios-plugins 1.4.16)"
- 88.198.233.245 - - [12/Apr/2014:07:12:21 +0200] "HEAD / HTTP/1.1" 200 244 "-" "check_http/v1.5 (nagios-plugins 1.5)"
- 46.248.163.70 - - [12/Apr/2014:07:12:49 +0200] "HEAD / HTTP/1.1" 200 244 "-" "check_http/v1.4.16 (nagios-plugins 1.4.16)"
- 176.31.15.134 - - [12/Apr/2014:07:13:18 +0200] "HEAD / HTTP/1.1" 200 244 "-" "check_http/v1.4.16 (nagios-plugins 1.4.16)"
- 88.198.233.245 - - [12/Apr/2014:07:13:21 +0200] "HEAD / HTTP/1.1" 200 244 "-" "check_http/v1.5 (nagios-plugins 1.5)"
- 46.248.163.70 - - [12/Apr/2014:07:13:49 +0200] "HEAD / HTTP/1.1" 200 244 "-" "check_http/v1.4.16 (nagios-plugins 1.4.16)"
- 176.31.15.134 - - [12/Apr/2014:07:14:18 +0200] "HEAD / HTTP/1.1" 200 244 "-" "check_http/v1.4.16 (nagios-plugins 1.4.16)"
- 88.198.233.245 - - [12/Apr/2014:07:14:21 +0200] "HEAD / HTTP/1.1" 200 244 "-" "check_http/v1.5 (nagios-plugins 1.5)"
- 46.248.163.70 - - [12/Apr/2014:07:14:49 +0200] "HEAD / HTTP/1.1" 200 244 "-" "check_http/v1.4.16 (nagios-plugins 1.4.16)"
- 176.31.15.134 - - [12/Apr/2014:07:15:18 +0200] "HEAD / HTTP/1.1" 200 244 "-" "check_http/v1.4.16 (nagios-plugins 1.4.16)"
- 88.198.233.245 - - [12/Apr/2014:07:15:21 +0200] "HEAD / HTTP/1.1" 200 244 "-" "check_http/v1.5 (nagios-plugins 1.5)"
- 46.248.163.70 - - [12/Apr/2014:07:15:49 +0200] "HEAD / HTTP/1.1" 200 244 "-" "check_http/v1.4.16 (nagios-plugins 1.4.16)"
- 176.31.15.134 - - [12/Apr/2014:07:16:18 +0200] "HEAD / HTTP/1.1" 200 244 "-" "check_http/v1.4.16 (nagios-plugins 1.4.16)"
- 88.198.233.245 - - [12/Apr/2014:07:16:21 +0200] "HEAD / HTTP/1.1" 200 244 "-" "check_http/v1.5 (nagios-plugins 1.5)"
- 46.248.163.70 - - [12/Apr/2014:07:16:49 +0200] "HEAD / HTTP/1.1" 200 244 "-" "check_http/v1.4.16 (nagios-plugins 1.4.16)"
- 176.31.15.134 - - [12/Apr/2014:07:17:18 +0200] "HEAD / HTTP/1.1" 200 244 "-" "check_http/v1.4.16 (nagios-plugins 1.4.16)"
- 88.198.233.245 - - [12/Apr/2014:07:17:21 +0200] "HEAD / HTTP/1.1" 200 244 "-" "check_http/v1.5 (nagios-plugins 1.5)"
- 46.248.163.70 - - [12/Apr/2014:07:17:49 +0200] "HEAD / HTTP/1.1" 200 244 "-" "check_http/v1.4.16 (nagios-plugins 1.4.16)"
- 176.31.15.134 - - [12/Apr/2014:07:18:18 +0200] "HEAD / HTTP/1.1" 200 244 "-" "check_http/v1.4.16 (nagios-plugins 1.4.16)"
- 88.198.233.245 - - [12/Apr/2014:07:18:21 +0200] "HEAD / HTTP/1.1" 200 244 "-" "check_http/v1.5 (nagios-plugins 1.5)"
- 46.248.163.70 - - [12/Apr/2014:07:18:49 +0200] "HEAD / HTTP/1.1" 200 244 "-" "check_http/v1.4.16 (nagios-plugins 1.4.16)"
- 176.31.15.134 - - [12/Apr/2014:07:19:18 +0200] "HEAD / HTTP/1.1" 200 244 "-" "check_http/v1.4.16 (nagios-plugins 1.4.16)"
- 88.198.233.245 - - [12/Apr/2014:07:19:21 +0200] "HEAD / HTTP/1.1" 200 244 "-" "check_http/v1.5 (nagios-plugins 1.5)"
- 46.248.163.70 - - [12/Apr/2014:07:19:49 +0200] "HEAD / HTTP/1.1" 200 244 "-" "check_http/v1.4.16 (nagios-plugins 1.4.16)"
- 176.31.15.134 - - [12/Apr/2014:07:20:18 +0200] "HEAD / HTTP/1.1" 200 244 "-" "check_http/v1.4.16 (nagios-plugins 1.4.16)"
- 88.198.233.245 - - [12/Apr/2014:07:20:21 +0200] "HEAD / HTTP/1.1" 200 244 "-" "check_http/v1.5 (nagios-plugins 1.5)"
- 46.248.163.70 - - [12/Apr/2014:07:20:49 +0200] "HEAD / HTTP/1.1" 200 244 "-" "check_http/v1.4.16 (nagios-plugins 1.4.16)"
- 176.31.15.134 - - [12/Apr/2014:07:21:18 +0200] "HEAD / HTTP/1.1" 200 244 "-" "check_http/v1.4.16 (nagios-plugins 1.4.16)"
- 88.198.233.245 - - [12/Apr/2014:07:21:21 +0200] "HEAD / HTTP/1.1" 200 244 "-" "check_http/v1.5 (nagios-plugins 1.5)"
- 46.248.163.70 - - [12/Apr/2014:07:21:49 +0200] "HEAD / HTTP/1.1" 200 244 "-" "check_http/v1.4.16 (nagios-plugins 1.4.16)"
- 176.31.15.134 - - [12/Apr/2014:07:22:18 +0200] "HEAD / HTTP/1.1" 200 244 "-" "check_http/v1.4.16 (nagios-plugins 1.4.16)"
- 88.198.233.245 - - [12/Apr/2014:07:22:21 +0200] "HEAD / HTTP/1.1" 200 244 "-" "check_http/v1.5 (nagios-plugins 1.5)"
- 46.248.163.70 - - [12/Apr/2014:07:22:49 +0200] "HEAD / HTTP/1.1" 200 244 "-" "check_http/v1.4.16 (nagios-plugins 1.4.16)"
- 176.31.15.134 - - [12/Apr/2014:07:23:18 +0200] "HEAD / HTTP/1.1" 200 244 "-" "check_http/v1.4.16 (nagios-plugins 1.4.16)"
- 88.198.233.245 - - [12/Apr/2014:07:23:21 +0200] "HEAD / HTTP/1.1" 200 244 "-" "check_http/v1.5 (nagios-plugins 1.5)"
- 46.248.163.70 - - [12/Apr/2014:07:23:49 +0200] "HEAD / HTTP/1.1" 200 244 "-" "check_http/v1.4.16 (nagios-plugins 1.4.16)"
- 66.249.68.168 - - [12/Apr/2014:07:23:59 +0200] "GET /test HTTP/1.1" 200 4527 "-" "Mozilla/5.0 (iPhone; CPU iPhone OS 6_0 like Mac OS X) AppleWebKit/536.26 (KHTML, like Gecko) Version/6.0 Mobile/10A5376e Safari/8536.25 (compatible; Googlebot/2.1; +http://www.google.com/bot.html)"
- 176.31.15.134 - - [12/Apr/2014:07:24:18 +0200] "HEAD / HTTP/1.1" 200 244 "-" "check_http/v1.4.16 (nagios-plugins 1.4.16)"
- 88.198.233.245 - - [12/Apr/2014:07:24:21 +0200] "HEAD / HTTP/1.1" 200 244 "-" "check_http/v1.5 (nagios-plugins 1.5)"
- 157.55.32.188 - - [12/Apr/2014:07:24:39 +0200] "GET /s/224 HTTP/1.1" 301 566 "-" "Mozilla/5.0 (compatible; bingbot/2.0; +http://www.bing.com/bingbot.htm)"
- 157.55.32.188 - - [12/Apr/2014:07:24:39 +0200] "GET /gunicorn HTTP/1.1" 200 4886 "-" "Mozilla/5.0 (compatible; bingbot/2.0; +http://www.bing.com/bingbot.htm)"
- 46.248.163.70 - - [12/Apr/2014:07:24:49 +0200] "HEAD / HTTP/1.1" 200 244 "-" "check_http/v1.4.16 (nagios-plugins 1.4.16)"
- 176.31.15.134 - - [12/Apr/2014:07:25:18 +0200] "HEAD / HTTP/1.1" 200 244 "-" "check_http/v1.4.16 (nagios-plugins 1.4.16)"
- 88.198.233.245 - - [12/Apr/2014:07:25:21 +0200] "HEAD / HTTP/1.1" 200 244 "-" "check_http/v1.5 (nagios-plugins 1.5)"
- 46.248.163.70 - - [12/Apr/2014:07:25:49 +0200] "HEAD / HTTP/1.1" 200 244 "-" "check_http/v1.4.16 (nagios-plugins 1.4.16)"
- 176.31.15.134 - - [12/Apr/2014:07:26:18 +0200] "HEAD / HTTP/1.1" 200 244 "-" "check_http/v1.4.16 (nagios-plugins 1.4.16)"
- 88.198.233.245 - - [12/Apr/2014:07:26:21 +0200] "HEAD / HTTP/1.1" 200 244 "-" "check_http/v1.5 (nagios-plugins 1.5)"
- 46.248.163.70 - - [12/Apr/2014:07:26:49 +0200] "HEAD / HTTP/1.1" 200 244 "-" "check_http/v1.4.16 (nagios-plugins 1.4.16)"
- 176.31.15.134 - - [12/Apr/2014:07:27:18 +0200] "HEAD / HTTP/1.1" 200 244 "-" "check_http/v1.4.16 (nagios-plugins 1.4.16)"
- 88.198.233.245 - - [12/Apr/2014:07:27:21 +0200] "HEAD / HTTP/1.1" 200 244 "-" "check_http/v1.5 (nagios-plugins 1.5)"
- 46.248.163.70 - - [12/Apr/2014:07:27:49 +0200] "HEAD / HTTP/1.1" 200 244 "-" "check_http/v1.4.16 (nagios-plugins 1.4.16)"
- 176.31.15.134 - - [12/Apr/2014:07:28:18 +0200] "HEAD / HTTP/1.1" 200 244 "-" "check_http/v1.4.16 (nagios-plugins 1.4.16)"
- 88.198.233.245 - - [12/Apr/2014:07:28:21 +0200] "HEAD / HTTP/1.1" 200 244 "-" "check_http/v1.5 (nagios-plugins 1.5)"
- 46.248.163.70 - - [12/Apr/2014:07:28:49 +0200] "HEAD / HTTP/1.1" 200 244 "-" "check_http/v1.4.16 (nagios-plugins 1.4.16)"
- 176.31.15.134 - - [12/Apr/2014:07:29:18 +0200] "HEAD / HTTP/1.1" 200 244 "-" "check_http/v1.4.16 (nagios-plugins 1.4.16)"
- 88.198.233.245 - - [12/Apr/2014:07:29:21 +0200] "HEAD / HTTP/1.1" 200 244 "-" "check_http/v1.5 (nagios-plugins 1.5)"
- 46.248.163.70 - - [12/Apr/2014:07:29:49 +0200] "HEAD / HTTP/1.1" 200 244 "-" "check_http/v1.4.16 (nagios-plugins 1.4.16)"
- 176.31.15.134 - - [12/Apr/2014:07:30:18 +0200] "HEAD / HTTP/1.1" 200 244 "-" "check_http/v1.4.16 (nagios-plugins 1.4.16)"
- 88.198.233.245 - - [12/Apr/2014:07:30:21 +0200] "HEAD / HTTP/1.1" 200 244 "-" "check_http/v1.5 (nagios-plugins 1.5)"
- 46.248.163.70 - - [12/Apr/2014:07:30:49 +0200] "HEAD / HTTP/1.1" 200 244 "-" "check_http/v1.4.16 (nagios-plugins 1.4.16)"
- 176.31.15.134 - - [12/Apr/2014:07:31:18 +0200] "HEAD / HTTP/1.1" 200 244 "-" "check_http/v1.4.16 (nagios-plugins 1.4.16)"
- 88.198.233.245 - - [12/Apr/2014:07:31:21 +0200] "HEAD / HTTP/1.1" 200 244 "-" "check_http/v1.5 (nagios-plugins 1.5)"
- 46.248.163.70 - - [12/Apr/2014:07:31:49 +0200] "HEAD / HTTP/1.1" 200 244 "-" "check_http/v1.4.16 (nagios-plugins 1.4.16)"
- 208.115.111.71 - - [12/Apr/2014:07:32:00 +0200] "GET /website/quora HTTP/1.1" 200 8915 "-" "Mozilla/5.0 (compatible; Ezooms/1.0; help@moz.com)"
- 176.31.15.134 - - [12/Apr/2014:07:32:18 +0200] "HEAD / HTTP/1.1" 200 244 "-" "check_http/v1.4.16 (nagios-plugins 1.4.16)"
- 88.198.233.245 - - [12/Apr/2014:07:32:21 +0200] "HEAD / HTTP/1.1" 200 244 "-" "check_http/v1.5 (nagios-plugins 1.5)"
- 46.248.163.70 - - [12/Apr/2014:07:32:49 +0200] "HEAD / HTTP/1.1" 200 244 "-" "check_http/v1.4.16 (nagios-plugins 1.4.16)"
- 176.31.15.134 - - [12/Apr/2014:07:33:18 +0200] "HEAD / HTTP/1.1" 200 244 "-" "check_http/v1.4.16 (nagios-plugins 1.4.16)"
- 88.198.233.245 - - [12/Apr/2014:07:33:21 +0200] "HEAD / HTTP/1.1" 200 244 "-" "check_http/v1.5 (nagios-plugins 1.5)"
- 46.248.163.70 - - [12/Apr/2014:07:33:49 +0200] "HEAD / HTTP/1.1" 200 244 "-" "check_http/v1.4.16 (nagios-plugins 1.4.16)"
- 176.31.15.134 - - [12/Apr/2014:07:34:18 +0200] "HEAD / HTTP/1.1" 200 244 "-" "check_http/v1.4.16 (nagios-plugins 1.4.16)"
- 88.198.233.245 - - [12/Apr/2014:07:34:21 +0200] "HEAD / HTTP/1.1" 200 244 "-" "check_http/v1.5 (nagios-plugins 1.5)"
- 46.248.163.70 - - [12/Apr/2014:07:34:49 +0200] "HEAD / HTTP/1.1" 200 244 "-" "check_http/v1.4.16 (nagios-plugins 1.4.16)"
- 176.31.15.134 - - [12/Apr/2014:07:35:18 +0200] "HEAD / HTTP/1.1" 200 244 "-" "check_http/v1.4.16 (nagios-plugins 1.4.16)"
- 88.198.233.245 - - [12/Apr/2014:07:35:21 +0200] "HEAD / HTTP/1.1" 200 244 "-" "check_http/v1.5 (nagios-plugins 1.5)"
- 46.248.163.70 - - [12/Apr/2014:07:35:49 +0200] "HEAD / HTTP/1.1" 200 244 "-" "check_http/v1.4.16 (nagios-plugins 1.4.16)"
- 178.154.243.93 - - [12/Apr/2014:07:36:01 +0200] "GET / HTTP/1.1" 200 12769 "-" "Mozilla/5.0 (compatible; YandexBot/3.0; +http://yandex.com/bots)"
- 178.154.243.93 - - [12/Apr/2014:07:36:05 +0200] "GET /website/facebook HTTP/1.1" 200 6450 "-" "Mozilla/5.0 (compatible; YandexBot/3.0; +http://yandex.com/bots)"
- 178.154.243.93 - - [12/Apr/2014:07:36:07 +0200] "GET /uploads/cache/thumb_small/uploads/files/2012/12/26/50db53ca28b6e.png HTTP/1.1" 304 180 "-" "Mozilla/5.0 (compatible; YandexImages/3.0; +http://yandex.com/bots)"
- 176.31.15.134 - - [12/Apr/2014:07:36:18 +0200] "HEAD / HTTP/1.1" 200 244 "-" "check_http/v1.4.16 (nagios-plugins 1.4.16)"
- 88.198.233.245 - - [12/Apr/2014:07:36:21 +0200] "HEAD / HTTP/1.1" 200 244 "-" "check_http/v1.5 (nagios-plugins 1.5)"
- 46.248.163.70 - - [12/Apr/2014:07:36:49 +0200] "HEAD / HTTP/1.1" 200 244 "-" "check_http/v1.4.16 (nagios-plugins 1.4.16)"
- 176.31.15.134 - - [12/Apr/2014:07:37:18 +0200] "HEAD / HTTP/1.1" 200 244 "-" "check_http/v1.4.16 (nagios-plugins 1.4.16)"
- 88.198.233.245 - - [12/Apr/2014:07:37:21 +0200] "HEAD / HTTP/1.1" 200 244 "-" "check_http/v1.5 (nagios-plugins 1.5)"
- 46.248.163.70 - - [12/Apr/2014:07:37:49 +0200] "HEAD / HTTP/1.1" 200 244 "-" "check_http/v1.4.16 (nagios-plugins 1.4.16)"
- 176.31.15.134 - - [12/Apr/2014:07:38:18 +0200] "HEAD / HTTP/1.1" 200 244 "-" "check_http/v1.4.16 (nagios-plugins 1.4.16)"
- 88.198.233.245 - - [12/Apr/2014:07:38:21 +0200] "HEAD / HTTP/1.1" 200 244 "-" "check_http/v1.5 (nagios-plugins 1.5)"
- 46.248.163.70 - - [12/Apr/2014:07:38:49 +0200] "HEAD / HTTP/1.1" 200 244 "-" "check_http/v1.4.16 (nagios-plugins 1.4.16)"
- 176.31.15.134 - - [12/Apr/2014:07:39:18 +0200] "HEAD / HTTP/1.1" 200 244 "-" "check_http/v1.4.16 (nagios-plugins 1.4.16)"
- 88.198.233.245 - - [12/Apr/2014:07:39:21 +0200] "HEAD / HTTP/1.1" 200 244 "-" "check_http/v1.5 (nagios-plugins 1.5)"
- 46.248.163.70 - - [12/Apr/2014:07:39:49 +0200] "HEAD / HTTP/1.1" 200 244 "-" "check_http/v1.4.16 (nagios-plugins 1.4.16)"
- 176.31.15.134 - - [12/Apr/2014:07:40:18 +0200] "HEAD / HTTP/1.1" 200 244 "-" "check_http/v1.4.16 (nagios-plugins 1.4.16)"
- 88.198.233.245 - - [12/Apr/2014:07:40:21 +0200] "HEAD / HTTP/1.1" 200 244 "-" "check_http/v1.5 (nagios-plugins 1.5)"
- 46.248.163.70 - - [12/Apr/2014:07:40:49 +0200] "HEAD / HTTP/1.1" 200 244 "-" "check_http/v1.4.16 (nagios-plugins 1.4.16)"
- 176.31.15.134 - - [12/Apr/2014:07:41:18 +0200] "HEAD / HTTP/1.1" 200 244 "-" "check_http/v1.4.16 (nagios-plugins 1.4.16)"
- 88.198.233.245 - - [12/Apr/2014:07:41:21 +0200] "HEAD / HTTP/1.1" 200 244 "-" "check_http/v1.5 (nagios-plugins 1.5)"
- 46.248.163.70 - - [12/Apr/2014:07:41:49 +0200] "HEAD / HTTP/1.1" 200 244 "-" "check_http/v1.4.16 (nagios-plugins 1.4.16)"
- 176.31.15.134 - - [12/Apr/2014:07:42:18 +0200] "HEAD / HTTP/1.1" 200 244 "-" "check_http/v1.4.16 (nagios-plugins 1.4.16)"
- 88.198.233.245 - - [12/Apr/2014:07:42:21 +0200] "HEAD / HTTP/1.1" 200 244 "-" "check_http/v1.5 (nagios-plugins 1.5)"
- 46.248.163.70 - - [12/Apr/2014:07:42:49 +0200] "HEAD / HTTP/1.1" 200 244 "-" "check_http/v1.4.16 (nagios-plugins 1.4.16)"
- 176.31.15.134 - - [12/Apr/2014:07:43:18 +0200] "HEAD / HTTP/1.1" 200 244 "-" "check_http/v1.4.16 (nagios-plugins 1.4.16)"
- 88.198.233.245 - - [12/Apr/2014:07:43:21 +0200] "HEAD / HTTP/1.1" 200 244 "-" "check_http/v1.5 (nagios-plugins 1.5)"
- 46.248.163.70 - - [12/Apr/2014:07:43:49 +0200] "HEAD / HTTP/1.1" 200 244 "-" "check_http/v1.4.16 (nagios-plugins 1.4.16)"
- 176.31.15.134 - - [12/Apr/2014:07:44:18 +0200] "HEAD / HTTP/1.1" 200 244 "-" "check_http/v1.4.16 (nagios-plugins 1.4.16)"
- 88.198.233.245 - - [12/Apr/2014:07:44:21 +0200] "HEAD / HTTP/1.1" 200 244 "-" "check_http/v1.5 (nagios-plugins 1.5)"
- 46.248.163.70 - - [12/Apr/2014:07:44:49 +0200] "HEAD / HTTP/1.1" 200 244 "-" "check_http/v1.4.16 (nagios-plugins 1.4.16)"
- 176.31.15.134 - - [12/Apr/2014:07:45:18 +0200] "HEAD / HTTP/1.1" 200 244 "-" "check_http/v1.4.16 (nagios-plugins 1.4.16)"
- 88.198.233.245 - - [12/Apr/2014:07:45:21 +0200] "HEAD / HTTP/1.1" 200 244 "-" "check_http/v1.5 (nagios-plugins 1.5)"
- 46.248.163.70 - - [12/Apr/2014:07:45:49 +0200] "HEAD / HTTP/1.1" 200 244 "-" "check_http/v1.4.16 (nagios-plugins 1.4.16)"
- 176.31.15.134 - - [12/Apr/2014:07:46:18 +0200] "HEAD / HTTP/1.1" 200 244 "-" "check_http/v1.4.16 (nagios-plugins 1.4.16)"
- 88.198.233.245 - - [12/Apr/2014:07:46:21 +0200] "HEAD / HTTP/1.1" 200 244 "-" "check_http/v1.5 (nagios-plugins 1.5)"
- 46.248.163.70 - - [12/Apr/2014:07:46:49 +0200] "HEAD / HTTP/1.1" 200 244 "-" "check_http/v1.4.16 (nagios-plugins 1.4.16)"
- 176.31.15.134 - - [12/Apr/2014:07:47:18 +0200] "HEAD / HTTP/1.1" 200 244 "-" "check_http/v1.4.16 (nagios-plugins 1.4.16)"
- 88.198.233.245 - - [12/Apr/2014:07:47:21 +0200] "HEAD / HTTP/1.1" 200 244 "-" "check_http/v1.5 (nagios-plugins 1.5)"
- 46.248.163.70 - - [12/Apr/2014:07:47:49 +0200] "HEAD / HTTP/1.1" 200 244 "-" "check_http/v1.4.16 (nagios-plugins 1.4.16)"
- 176.31.15.134 - - [12/Apr/2014:07:48:18 +0200] "HEAD / HTTP/1.1" 200 244 "-" "check_http/v1.4.16 (nagios-plugins 1.4.16)"
- 88.198.233.245 - - [12/Apr/2014:07:48:21 +0200] "HEAD / HTTP/1.1" 200 244 "-" "check_http/v1.5 (nagios-plugins 1.5)"
- 46.248.163.70 - - [12/Apr/2014:07:48:49 +0200] "HEAD / HTTP/1.1" 200 244 "-" "check_http/v1.4.16 (nagios-plugins 1.4.16)"
- 176.31.15.134 - - [12/Apr/2014:07:49:18 +0200] "HEAD / HTTP/1.1" 200 244 "-" "check_http/v1.4.16 (nagios-plugins 1.4.16)"
- 88.198.233.245 - - [12/Apr/2014:07:49:21 +0200] "HEAD / HTTP/1.1" 200 244 "-" "check_http/v1.5 (nagios-plugins 1.5)"
- 46.248.163.70 - - [12/Apr/2014:07:49:49 +0200] "HEAD / HTTP/1.1" 200 244 "-" "check_http/v1.4.16 (nagios-plugins 1.4.16)"
- 176.31.15.134 - - [12/Apr/2014:07:50:18 +0200] "HEAD / HTTP/1.1" 200 244 "-" "check_http/v1.4.16 (nagios-plugins 1.4.16)"
- 88.198.233.245 - - [12/Apr/2014:07:50:21 +0200] "HEAD / HTTP/1.1" 200 244 "-" "check_http/v1.5 (nagios-plugins 1.5)"
- 46.248.163.70 - - [12/Apr/2014:07:50:49 +0200] "HEAD / HTTP/1.1" 200 244 "-" "check_http/v1.4.16 (nagios-plugins 1.4.16)"
- 176.31.15.134 - - [12/Apr/2014:07:51:18 +0200] "HEAD / HTTP/1.1" 200 244 "-" "check_http/v1.4.16 (nagios-plugins 1.4.16)"
- 88.198.233.245 - - [12/Apr/2014:07:51:21 +0200] "HEAD / HTTP/1.1" 200 244 "-" "check_http/v1.5 (nagios-plugins 1.5)"
- 46.248.163.70 - - [12/Apr/2014:07:51:49 +0200] "HEAD / HTTP/1.1" 200 244 "-" "check_http/v1.4.16 (nagios-plugins 1.4.16)"
- 176.31.15.134 - - [12/Apr/2014:07:52:18 +0200] "HEAD / HTTP/1.1" 200 244 "-" "check_http/v1.4.16 (nagios-plugins 1.4.16)"
- 88.198.233.245 - - [12/Apr/2014:07:52:21 +0200] "HEAD / HTTP/1.1" 200 244 "-" "check_http/v1.5 (nagios-plugins 1.5)"
- 46.248.163.70 - - [12/Apr/2014:07:52:49 +0200] "HEAD / HTTP/1.1" 200 244 "-" "check_http/v1.4.16 (nagios-plugins 1.4.16)"
- 176.31.15.134 - - [12/Apr/2014:07:53:18 +0200] "HEAD / HTTP/1.1" 200 244 "-" "check_http/v1.4.16 (nagios-plugins 1.4.16)"
- 88.198.233.245 - - [12/Apr/2014:07:53:21 +0200] "HEAD / HTTP/1.1" 200 244 "-" "check_http/v1.5 (nagios-plugins 1.5)"
- 46.248.163.70 - - [12/Apr/2014:07:53:49 +0200] "HEAD / HTTP/1.1" 200 244 "-" "check_http/v1.4.16 (nagios-plugins 1.4.16)"
- 176.31.15.134 - - [12/Apr/2014:07:54:18 +0200] "HEAD / HTTP/1.1" 200 244 "-" "check_http/v1.4.16 (nagios-plugins 1.4.16)"
- 88.198.233.245 - - [12/Apr/2014:07:54:21 +0200] "HEAD / HTTP/1.1" 200 244 "-" "check_http/v1.5 (nagios-plugins 1.5)"
- 46.248.163.70 - - [12/Apr/2014:07:54:49 +0200] "HEAD / HTTP/1.1" 200 244 "-" "check_http/v1.4.16 (nagios-plugins 1.4.16)"
- 176.31.15.134 - - [12/Apr/2014:07:55:18 +0200] "HEAD / HTTP/1.1" 200 244 "-" "check_http/v1.4.16 (nagios-plugins 1.4.16)"
- 88.198.233.245 - - [12/Apr/2014:07:55:21 +0200] "HEAD / HTTP/1.1" 200 244 "-" "check_http/v1.5 (nagios-plugins 1.5)"
- 46.248.163.70 - - [12/Apr/2014:07:55:49 +0200] "HEAD / HTTP/1.1" 200 244 "-" "check_http/v1.4.16 (nagios-plugins 1.4.16)"
- 176.31.15.134 - - [12/Apr/2014:07:56:18 +0200] "HEAD / HTTP/1.1" 200 244 "-" "check_http/v1.4.16 (nagios-plugins 1.4.16)"
- 88.198.233.245 - - [12/Apr/2014:07:56:21 +0200] "HEAD / HTTP/1.1" 200 244 "-" "check_http/v1.5 (nagios-plugins 1.5)"
- 46.248.163.70 - - [12/Apr/2014:07:56:49 +0200] "HEAD / HTTP/1.1" 200 244 "-" "check_http/v1.4.16 (nagios-plugins 1.4.16)"
- 176.31.15.134 - - [12/Apr/2014:07:57:18 +0200] "HEAD / HTTP/1.1" 200 244 "-" "check_http/v1.4.16 (nagios-plugins 1.4.16)"
- 88.198.233.245 - - [12/Apr/2014:07:57:21 +0200] "HEAD / HTTP/1.1" 200 244 "-" "check_http/v1.5 (nagios-plugins 1.5)"
- 66.249.68.168 - - [12/Apr/2014:07:57:36 +0200] "GET /beanstalkd HTTP/1.1" 200 4711 "-" "Mozilla/5.0 (iPhone; CPU iPhone OS 6_0 like Mac OS X) AppleWebKit/536.26 (KHTML, like Gecko) Version/6.0 Mobile/10A5376e Safari/8536.25 (compatible; Googlebot/2.1; +http://www.google.com/bot.html)"
- 46.248.163.70 - - [12/Apr/2014:07:57:49 +0200] "HEAD / HTTP/1.1" 200 244 "-" "check_http/v1.4.16 (nagios-plugins 1.4.16)"
- 176.31.15.134 - - [12/Apr/2014:07:58:18 +0200] "HEAD / HTTP/1.1" 200 244 "-" "check_http/v1.4.16 (nagios-plugins 1.4.16)"
- 88.198.233.245 - - [12/Apr/2014:07:58:21 +0200] "HEAD / HTTP/1.1" 200 244 "-" "check_http/v1.5 (nagios-plugins 1.5)"
- 46.248.163.70 - - [12/Apr/2014:07:58:49 +0200] "HEAD / HTTP/1.1" 200 244 "-" "check_http/v1.4.16 (nagios-plugins 1.4.16)"
- 176.31.15.134 - - [12/Apr/2014:07:59:18 +0200] "HEAD / HTTP/1.1" 200 244 "-" "check_http/v1.4.16 (nagios-plugins 1.4.16)"
- 88.198.233.245 - - [12/Apr/2014:07:59:21 +0200] "HEAD / HTTP/1.1" 200 244 "-" "check_http/v1.5 (nagios-plugins 1.5)"
- 46.248.163.70 - - [12/Apr/2014:07:59:49 +0200] "HEAD / HTTP/1.1" 200 244 "-" "check_http/v1.4.16 (nagios-plugins 1.4.16)"
- 176.31.15.134 - - [12/Apr/2014:08:00:18 +0200] "HEAD / HTTP/1.1" 200 244 "-" "check_http/v1.4.16 (nagios-plugins 1.4.16)"
- 88.198.233.245 - - [12/Apr/2014:08:00:21 +0200] "HEAD / HTTP/1.1" 200 244 "-" "check_http/v1.5 (nagios-plugins 1.5)"
- 46.248.163.70 - - [12/Apr/2014:08:00:49 +0200] "HEAD / HTTP/1.1" 200 244 "-" "check_http/v1.4.16 (nagios-plugins 1.4.16)"
- 176.31.15.134 - - [12/Apr/2014:08:01:18 +0200] "HEAD / HTTP/1.1" 200 244 "-" "check_http/v1.4.16 (nagios-plugins 1.4.16)"
- 88.198.233.245 - - [12/Apr/2014:08:01:21 +0200] "HEAD / HTTP/1.1" 200 244 "-" "check_http/v1.5 (nagios-plugins 1.5)"
- 46.248.163.70 - - [12/Apr/2014:08:01:49 +0200] "HEAD / HTTP/1.1" 200 244 "-" "check_http/v1.4.16 (nagios-plugins 1.4.16)"
- 176.31.15.134 - - [12/Apr/2014:08:02:18 +0200] "HEAD / HTTP/1.1" 200 244 "-" "check_http/v1.4.16 (nagios-plugins 1.4.16)"
- 88.198.233.245 - - [12/Apr/2014:08:02:21 +0200] "HEAD / HTTP/1.1" 200 244 "-" "check_http/v1.5 (nagios-plugins 1.5)"
- 46.248.163.70 - - [12/Apr/2014:08:02:49 +0200] "HEAD / HTTP/1.1" 200 244 "-" "check_http/v1.4.16 (nagios-plugins 1.4.16)"
- 176.31.15.134 - - [12/Apr/2014:08:03:18 +0200] "HEAD / HTTP/1.1" 200 244 "-" "check_http/v1.4.16 (nagios-plugins 1.4.16)"
- 88.198.233.245 - - [12/Apr/2014:08:03:21 +0200] "HEAD / HTTP/1.1" 200 244 "-" "check_http/v1.5 (nagios-plugins 1.5)"
- 46.248.163.70 - - [12/Apr/2014:08:03:49 +0200] "HEAD / HTTP/1.1" 200 244 "-" "check_http/v1.4.16 (nagios-plugins 1.4.16)"
- 176.31.15.134 - - [12/Apr/2014:08:04:18 +0200] "HEAD / HTTP/1.1" 200 244 "-" "check_http/v1.4.16 (nagios-plugins 1.4.16)"
- 88.198.233.245 - - [12/Apr/2014:08:04:21 +0200] "HEAD / HTTP/1.1" 200 244 "-" "check_http/v1.5 (nagios-plugins 1.5)"
- 46.248.163.70 - - [12/Apr/2014:08:04:49 +0200] "HEAD / HTTP/1.1" 200 244 "-" "check_http/v1.4.16 (nagios-plugins 1.4.16)"
- 176.31.15.134 - - [12/Apr/2014:08:05:18 +0200] "HEAD / HTTP/1.1" 200 244 "-" "check_http/v1.4.16 (nagios-plugins 1.4.16)"
- 88.198.233.245 - - [12/Apr/2014:08:05:21 +0200] "HEAD / HTTP/1.1" 200 244 "-" "check_http/v1.5 (nagios-plugins 1.5)"
- 46.248.163.70 - - [12/Apr/2014:08:05:49 +0200] "HEAD / HTTP/1.1" 200 244 "-" "check_http/v1.4.16 (nagios-plugins 1.4.16)"
- 176.31.15.134 - - [12/Apr/2014:08:06:18 +0200] "HEAD / HTTP/1.1" 200 244 "-" "check_http/v1.4.16 (nagios-plugins 1.4.16)"
- 88.198.233.245 - - [12/Apr/2014:08:06:21 +0200] "HEAD / HTTP/1.1" 200 244 "-" "check_http/v1.5 (nagios-plugins 1.5)"
- 46.248.163.70 - - [12/Apr/2014:08:06:49 +0200] "HEAD / HTTP/1.1" 200 244 "-" "check_http/v1.4.16 (nagios-plugins 1.4.16)"
- 176.31.15.134 - - [12/Apr/2014:08:07:18 +0200] "HEAD / HTTP/1.1" 200 244 "-" "check_http/v1.4.16 (nagios-plugins 1.4.16)"
- 88.198.233.245 - - [12/Apr/2014:08:07:21 +0200] "HEAD / HTTP/1.1" 200 244 "-" "check_http/v1.5 (nagios-plugins 1.5)"
- 46.248.163.70 - - [12/Apr/2014:08:07:49 +0200] "HEAD / HTTP/1.1" 200 244 "-" "check_http/v1.4.16 (nagios-plugins 1.4.16)"
- 176.31.15.134 - - [12/Apr/2014:08:08:18 +0200] "HEAD / HTTP/1.1" 200 244 "-" "check_http/v1.4.16 (nagios-plugins 1.4.16)"
- 88.198.233.245 - - [12/Apr/2014:08:08:21 +0200] "HEAD / HTTP/1.1" 200 244 "-" "check_http/v1.5 (nagios-plugins 1.5)"
- 46.248.163.70 - - [12/Apr/2014:08:08:49 +0200] "HEAD / HTTP/1.1" 200 244 "-" "check_http/v1.4.16 (nagios-plugins 1.4.16)"
- 176.31.15.134 - - [12/Apr/2014:08:09:18 +0200] "HEAD / HTTP/1.1" 200 244 "-" "check_http/v1.4.16 (nagios-plugins 1.4.16)"
- 88.198.233.245 - - [12/Apr/2014:08:09:21 +0200] "HEAD / HTTP/1.1" 200 244 "-" "check_http/v1.5 (nagios-plugins 1.5)"
- 46.248.163.70 - - [12/Apr/2014:08:09:49 +0200] "HEAD / HTTP/1.1" 200 244 "-" "check_http/v1.4.16 (nagios-plugins 1.4.16)"
- 176.31.15.134 - - [12/Apr/2014:08:10:18 +0200] "HEAD / HTTP/1.1" 200 244 "-" "check_http/v1.4.16 (nagios-plugins 1.4.16)"
- 88.198.233.245 - - [12/Apr/2014:08:10:21 +0200] "HEAD / HTTP/1.1" 200 244 "-" "check_http/v1.5 (nagios-plugins 1.5)"
- 46.248.163.70 - - [12/Apr/2014:08:10:49 +0200] "HEAD / HTTP/1.1" 200 244 "-" "check_http/v1.4.16 (nagios-plugins 1.4.16)"
- 176.31.15.134 - - [12/Apr/2014:08:11:18 +0200] "HEAD / HTTP/1.1" 200 244 "-" "check_http/v1.4.16 (nagios-plugins 1.4.16)"
- 88.198.233.245 - - [12/Apr/2014:08:11:21 +0200] "HEAD / HTTP/1.1" 200 244 "-" "check_http/v1.5 (nagios-plugins 1.5)"
- 46.248.163.70 - - [12/Apr/2014:08:11:49 +0200] "HEAD / HTTP/1.1" 200 244 "-" "check_http/v1.4.16 (nagios-plugins 1.4.16)"
- 176.31.15.134 - - [12/Apr/2014:08:12:18 +0200] "HEAD / HTTP/1.1" 200 244 "-" "check_http/v1.4.16 (nagios-plugins 1.4.16)"
- 88.198.233.245 - - [12/Apr/2014:08:12:21 +0200] "HEAD / HTTP/1.1" 200 244 "-" "check_http/v1.5 (nagios-plugins 1.5)"
- 46.248.163.70 - - [12/Apr/2014:08:12:49 +0200] "HEAD / HTTP/1.1" 200 244 "-" "check_http/v1.4.16 (nagios-plugins 1.4.16)"
- 176.31.15.134 - - [12/Apr/2014:08:13:18 +0200] "HEAD / HTTP/1.1" 200 244 "-" "check_http/v1.4.16 (nagios-plugins 1.4.16)"
- 88.198.233.245 - - [12/Apr/2014:08:13:21 +0200] "HEAD / HTTP/1.1" 200 244 "-" "check_http/v1.5 (nagios-plugins 1.5)"
- 46.248.163.70 - - [12/Apr/2014:08:13:49 +0200] "HEAD / HTTP/1.1" 200 244 "-" "check_http/v1.4.16 (nagios-plugins 1.4.16)"
- 176.31.15.134 - - [12/Apr/2014:08:14:18 +0200] "HEAD / HTTP/1.1" 200 244 "-" "check_http/v1.4.16 (nagios-plugins 1.4.16)"
- 88.198.233.245 - - [12/Apr/2014:08:14:21 +0200] "HEAD / HTTP/1.1" 200 244 "-" "check_http/v1.5 (nagios-plugins 1.5)"
- 46.248.163.70 - - [12/Apr/2014:08:14:49 +0200] "HEAD / HTTP/1.1" 200 244 "-" "check_http/v1.4.16 (nagios-plugins 1.4.16)"
- 176.31.15.134 - - [12/Apr/2014:08:15:18 +0200] "HEAD / HTTP/1.1" 200 244 "-" "check_http/v1.4.16 (nagios-plugins 1.4.16)"
- 88.198.233.245 - - [12/Apr/2014:08:15:21 +0200] "HEAD / HTTP/1.1" 200 244 "-" "check_http/v1.5 (nagios-plugins 1.5)"
- 46.248.163.70 - - [12/Apr/2014:08:15:49 +0200] "HEAD / HTTP/1.1" 200 244 "-" "check_http/v1.4.16 (nagios-plugins 1.4.16)"
- 176.31.15.134 - - [12/Apr/2014:08:16:18 +0200] "HEAD / HTTP/1.1" 200 244 "-" "check_http/v1.4.16 (nagios-plugins 1.4.16)"
- 88.198.233.245 - - [12/Apr/2014:08:16:21 +0200] "HEAD / HTTP/1.1" 200 244 "-" "check_http/v1.5 (nagios-plugins 1.5)"
- 46.248.163.70 - - [12/Apr/2014:08:16:49 +0200] "HEAD / HTTP/1.1" 200 244 "-" "check_http/v1.4.16 (nagios-plugins 1.4.16)"
- 157.55.35.36 - - [12/Apr/2014:08:17:03 +0200] "GET /s/152 HTTP/1.1" 301 561 "-" "Mozilla/5.0 (compatible; bingbot/2.0; +http://www.bing.com/bingbot.htm)"
- 176.31.15.134 - - [12/Apr/2014:08:17:18 +0200] "HEAD / HTTP/1.1" 200 244 "-" "check_http/v1.4.16 (nagios-plugins 1.4.16)"
- 88.198.233.245 - - [12/Apr/2014:08:17:21 +0200] "HEAD / HTTP/1.1" 200 244 "-" "check_http/v1.5 (nagios-plugins 1.5)"
- 46.248.163.70 - - [12/Apr/2014:08:17:49 +0200] "HEAD / HTTP/1.1" 200 244 "-" "check_http/v1.4.16 (nagios-plugins 1.4.16)"
- 176.31.15.134 - - [12/Apr/2014:08:18:18 +0200] "HEAD / HTTP/1.1" 200 244 "-" "check_http/v1.4.16 (nagios-plugins 1.4.16)"
- 88.198.233.245 - - [12/Apr/2014:08:18:21 +0200] "HEAD / HTTP/1.1" 200 244 "-" "check_http/v1.5 (nagios-plugins 1.5)"
- 46.248.163.70 - - [12/Apr/2014:08:18:49 +0200] "HEAD / HTTP/1.1" 200 244 "-" "check_http/v1.4.16 (nagios-plugins 1.4.16)"
- 176.31.15.134 - - [12/Apr/2014:08:19:18 +0200] "HEAD / HTTP/1.1" 200 244 "-" "check_http/v1.4.16 (nagios-plugins 1.4.16)"
- 88.198.233.245 - - [12/Apr/2014:08:19:21 +0200] "HEAD / HTTP/1.1" 200 244 "-" "check_http/v1.5 (nagios-plugins 1.5)"
- 46.248.163.70 - - [12/Apr/2014:08:19:49 +0200] "HEAD / HTTP/1.1" 200 244 "-" "check_http/v1.4.16 (nagios-plugins 1.4.16)"
- 176.31.15.134 - - [12/Apr/2014:08:20:18 +0200] "HEAD / HTTP/1.1" 200 244 "-" "check_http/v1.4.16 (nagios-plugins 1.4.16)"
- 88.198.233.245 - - [12/Apr/2014:08:20:21 +0200] "HEAD / HTTP/1.1" 200 244 "-" "check_http/v1.5 (nagios-plugins 1.5)"
- 46.248.163.70 - - [12/Apr/2014:08:20:49 +0200] "HEAD / HTTP/1.1" 200 244 "-" "check_http/v1.4.16 (nagios-plugins 1.4.16)"
- 176.31.15.134 - - [12/Apr/2014:08:21:18 +0200] "HEAD / HTTP/1.1" 200 244 "-" "check_http/v1.4.16 (nagios-plugins 1.4.16)"
- 88.198.233.245 - - [12/Apr/2014:08:21:21 +0200] "HEAD / HTTP/1.1" 200 244 "-" "check_http/v1.5 (nagios-plugins 1.5)"
- 46.248.163.70 - - [12/Apr/2014:08:21:49 +0200] "HEAD / HTTP/1.1" 200 244 "-" "check_http/v1.4.16 (nagios-plugins 1.4.16)"
- 176.31.15.134 - - [12/Apr/2014:08:22:18 +0200] "HEAD / HTTP/1.1" 200 244 "-" "check_http/v1.4.16 (nagios-plugins 1.4.16)"
- 88.198.233.245 - - [12/Apr/2014:08:22:21 +0200] "HEAD / HTTP/1.1" 200 244 "-" "check_http/v1.5 (nagios-plugins 1.5)"
- 46.248.163.70 - - [12/Apr/2014:08:22:49 +0200] "HEAD / HTTP/1.1" 200 244 "-" "check_http/v1.4.16 (nagios-plugins 1.4.16)"
- 176.31.15.134 - - [12/Apr/2014:08:23:18 +0200] "HEAD / HTTP/1.1" 200 244 "-" "check_http/v1.4.16 (nagios-plugins 1.4.16)"
- 88.198.233.245 - - [12/Apr/2014:08:23:21 +0200] "HEAD / HTTP/1.1" 200 244 "-" "check_http/v1.5 (nagios-plugins 1.5)"
- 46.248.163.70 - - [12/Apr/2014:08:23:49 +0200] "HEAD / HTTP/1.1" 200 244 "-" "check_http/v1.4.16 (nagios-plugins 1.4.16)"
- 176.31.15.134 - - [12/Apr/2014:08:24:18 +0200] "HEAD / HTTP/1.1" 200 244 "-" "check_http/v1.4.16 (nagios-plugins 1.4.16)"
- 88.198.233.245 - - [12/Apr/2014:08:24:21 +0200] "HEAD / HTTP/1.1" 200 244 "-" "check_http/v1.5 (nagios-plugins 1.5)"
- 46.248.163.70 - - [12/Apr/2014:08:24:49 +0200] "HEAD / HTTP/1.1" 200 244 "-" "check_http/v1.4.16 (nagios-plugins 1.4.16)"
- 176.31.15.134 - - [12/Apr/2014:08:25:18 +0200] "HEAD / HTTP/1.1" 200 244 "-" "check_http/v1.4.16 (nagios-plugins 1.4.16)"
- 88.198.233.245 - - [12/Apr/2014:08:25:21 +0200] "HEAD / HTTP/1.1" 200 244 "-" "check_http/v1.5 (nagios-plugins 1.5)"
- 46.248.163.70 - - [12/Apr/2014:08:25:49 +0200] "HEAD / HTTP/1.1" 200 244 "-" "check_http/v1.4.16 (nagios-plugins 1.4.16)"
- 176.31.15.134 - - [12/Apr/2014:08:26:18 +0200] "HEAD / HTTP/1.1" 200 244 "-" "check_http/v1.4.16 (nagios-plugins 1.4.16)"
- 88.198.233.245 - - [12/Apr/2014:08:26:21 +0200] "HEAD / HTTP/1.1" 200 244 "-" "check_http/v1.5 (nagios-plugins 1.5)"
- 46.248.163.70 - - [12/Apr/2014:08:26:49 +0200] "HEAD / HTTP/1.1" 200 244 "-" "check_http/v1.4.16 (nagios-plugins 1.4.16)"
- 176.31.15.134 - - [12/Apr/2014:08:27:18 +0200] "HEAD / HTTP/1.1" 200 244 "-" "check_http/v1.4.16 (nagios-plugins 1.4.16)"
- 88.198.233.245 - - [12/Apr/2014:08:27:21 +0200] "HEAD / HTTP/1.1" 200 244 "-" "check_http/v1.5 (nagios-plugins 1.5)"
- 46.248.163.70 - - [12/Apr/2014:08:27:49 +0200] "HEAD / HTTP/1.1" 200 244 "-" "check_http/v1.4.16 (nagios-plugins 1.4.16)"
- 176.31.15.134 - - [12/Apr/2014:08:28:18 +0200] "HEAD / HTTP/1.1" 200 244 "-" "check_http/v1.4.16 (nagios-plugins 1.4.16)"
- 88.198.233.245 - - [12/Apr/2014:08:28:21 +0200] "HEAD / HTTP/1.1" 200 244 "-" "check_http/v1.5 (nagios-plugins 1.5)"
- 46.248.163.70 - - [12/Apr/2014:08:28:49 +0200] "HEAD / HTTP/1.1" 200 244 "-" "check_http/v1.4.16 (nagios-plugins 1.4.16)"
- 176.31.15.134 - - [12/Apr/2014:08:29:18 +0200] "HEAD / HTTP/1.1" 200 244 "-" "check_http/v1.4.16 (nagios-plugins 1.4.16)"
- 88.198.233.245 - - [12/Apr/2014:08:29:21 +0200] "HEAD / HTTP/1.1" 200 244 "-" "check_http/v1.5 (nagios-plugins 1.5)"
- 46.248.163.70 - - [12/Apr/2014:08:29:49 +0200] "HEAD / HTTP/1.1" 200 244 "-" "check_http/v1.4.16 (nagios-plugins 1.4.16)"
- 176.31.15.134 - - [12/Apr/2014:08:30:18 +0200] "HEAD / HTTP/1.1" 200 244 "-" "check_http/v1.4.16 (nagios-plugins 1.4.16)"
- 88.198.233.245 - - [12/Apr/2014:08:30:21 +0200] "HEAD / HTTP/1.1" 200 244 "-" "check_http/v1.5 (nagios-plugins 1.5)"
- 46.248.163.70 - - [12/Apr/2014:08:30:49 +0200] "HEAD / HTTP/1.1" 200 244 "-" "check_http/v1.4.16 (nagios-plugins 1.4.16)"
- 66.249.68.136 - - [12/Apr/2014:08:31:13 +0200] "GET /psyco HTTP/1.1" 200 4691 "-" "Mozilla/5.0 (iPhone; CPU iPhone OS 6_0 like Mac OS X) AppleWebKit/536.26 (KHTML, like Gecko) Version/6.0 Mobile/10A5376e Safari/8536.25 (compatible; Googlebot/2.1; +http://www.google.com/bot.html)"
- 176.31.15.134 - - [12/Apr/2014:08:31:18 +0200] "HEAD / HTTP/1.1" 200 244 "-" "check_http/v1.4.16 (nagios-plugins 1.4.16)"
- 88.198.233.245 - - [12/Apr/2014:08:31:21 +0200] "HEAD / HTTP/1.1" 200 244 "-" "check_http/v1.5 (nagios-plugins 1.5)"
- 46.248.163.70 - - [12/Apr/2014:08:31:49 +0200] "HEAD / HTTP/1.1" 200 244 "-" "check_http/v1.4.16 (nagios-plugins 1.4.16)"
- 176.31.15.134 - - [12/Apr/2014:08:32:18 +0200] "HEAD / HTTP/1.1" 200 244 "-" "check_http/v1.4.16 (nagios-plugins 1.4.16)"
- 88.198.233.245 - - [12/Apr/2014:08:32:21 +0200] "HEAD / HTTP/1.1" 200 244 "-" "check_http/v1.5 (nagios-plugins 1.5)"
- 46.248.163.70 - - [12/Apr/2014:08:32:49 +0200] "HEAD / HTTP/1.1" 200 244 "-" "check_http/v1.4.16 (nagios-plugins 1.4.16)"
- 176.31.15.134 - - [12/Apr/2014:08:33:18 +0200] "HEAD / HTTP/1.1" 200 244 "-" "check_http/v1.4.16 (nagios-plugins 1.4.16)"
- 88.198.233.245 - - [12/Apr/2014:08:33:21 +0200] "HEAD / HTTP/1.1" 200 244 "-" "check_http/v1.5 (nagios-plugins 1.5)"
- 46.248.163.70 - - [12/Apr/2014:08:33:49 +0200] "HEAD / HTTP/1.1" 200 244 "-" "check_http/v1.4.16 (nagios-plugins 1.4.16)"
- 176.31.15.134 - - [12/Apr/2014:08:34:18 +0200] "HEAD / HTTP/1.1" 200 244 "-" "check_http/v1.4.16 (nagios-plugins 1.4.16)"
- 88.198.233.245 - - [12/Apr/2014:08:34:21 +0200] "HEAD / HTTP/1.1" 200 244 "-" "check_http/v1.5 (nagios-plugins 1.5)"
- 46.248.163.70 - - [12/Apr/2014:08:34:49 +0200] "HEAD / HTTP/1.1" 200 244 "-" "check_http/v1.4.16 (nagios-plugins 1.4.16)"
- 176.31.15.134 - - [12/Apr/2014:08:35:18 +0200] "HEAD / HTTP/1.1" 200 244 "-" "check_http/v1.4.16 (nagios-plugins 1.4.16)"
- 88.198.233.245 - - [12/Apr/2014:08:35:21 +0200] "HEAD / HTTP/1.1" 200 244 "-" "check_http/v1.5 (nagios-plugins 1.5)"
- 46.248.163.70 - - [12/Apr/2014:08:35:49 +0200] "HEAD / HTTP/1.1" 200 244 "-" "check_http/v1.4.16 (nagios-plugins 1.4.16)"
- 176.31.15.134 - - [12/Apr/2014:08:36:18 +0200] "HEAD / HTTP/1.1" 200 244 "-" "check_http/v1.4.16 (nagios-plugins 1.4.16)"
- 88.198.233.245 - - [12/Apr/2014:08:36:21 +0200] "HEAD / HTTP/1.1" 200 244 "-" "check_http/v1.5 (nagios-plugins 1.5)"
- 46.248.163.70 - - [12/Apr/2014:08:36:49 +0200] "HEAD / HTTP/1.1" 200 244 "-" "check_http/v1.4.16 (nagios-plugins 1.4.16)"
- 176.31.15.134 - - [12/Apr/2014:08:37:18 +0200] "HEAD / HTTP/1.1" 200 244 "-" "check_http/v1.4.16 (nagios-plugins 1.4.16)"
- 88.198.233.245 - - [12/Apr/2014:08:37:21 +0200] "HEAD / HTTP/1.1" 200 244 "-" "check_http/v1.5 (nagios-plugins 1.5)"
- 46.248.163.70 - - [12/Apr/2014:08:37:49 +0200] "HEAD / HTTP/1.1" 200 244 "-" "check_http/v1.4.16 (nagios-plugins 1.4.16)"
- 176.31.15.134 - - [12/Apr/2014:08:38:18 +0200] "HEAD / HTTP/1.1" 200 244 "-" "check_http/v1.4.16 (nagios-plugins 1.4.16)"
- 88.198.233.245 - - [12/Apr/2014:08:38:21 +0200] "HEAD / HTTP/1.1" 200 244 "-" "check_http/v1.5 (nagios-plugins 1.5)"
- 46.248.163.70 - - [12/Apr/2014:08:38:49 +0200] "HEAD / HTTP/1.1" 200 244 "-" "check_http/v1.4.16 (nagios-plugins 1.4.16)"
- 176.31.15.134 - - [12/Apr/2014:08:39:18 +0200] "HEAD / HTTP/1.1" 200 244 "-" "check_http/v1.4.16 (nagios-plugins 1.4.16)"
- 88.198.233.245 - - [12/Apr/2014:08:39:21 +0200] "HEAD / HTTP/1.1" 200 244 "-" "check_http/v1.5 (nagios-plugins 1.5)"
- 46.248.163.70 - - [12/Apr/2014:08:39:49 +0200] "HEAD / HTTP/1.1" 200 244 "-" "check_http/v1.4.16 (nagios-plugins 1.4.16)"
- 176.31.15.134 - - [12/Apr/2014:08:40:18 +0200] "HEAD / HTTP/1.1" 200 244 "-" "check_http/v1.4.16 (nagios-plugins 1.4.16)"
- 88.198.233.245 - - [12/Apr/2014:08:40:21 +0200] "HEAD / HTTP/1.1" 200 244 "-" "check_http/v1.5 (nagios-plugins 1.5)"
- 46.248.163.70 - - [12/Apr/2014:08:40:49 +0200] "HEAD / HTTP/1.1" 200 244 "-" "check_http/v1.4.16 (nagios-plugins 1.4.16)"
- 176.31.15.134 - - [12/Apr/2014:08:41:18 +0200] "HEAD / HTTP/1.1" 200 244 "-" "check_http/v1.4.16 (nagios-plugins 1.4.16)"
- 88.198.233.245 - - [12/Apr/2014:08:41:21 +0200] "HEAD / HTTP/1.1" 200 244 "-" "check_http/v1.5 (nagios-plugins 1.5)"
- 46.248.163.70 - - [12/Apr/2014:08:41:49 +0200] "HEAD / HTTP/1.1" 200 244 "-" "check_http/v1.4.16 (nagios-plugins 1.4.16)"
