- 46.248.163.70 - - [12/Apr/2014:12:59:49 +0200] "HEAD / HTTP/1.1" 200 244 "-" "check_http/v1.4.16 (nagios-plugins 1.4.16)"
- 176.31.15.134 - - [12/Apr/2014:13:00:18 +0200] "HEAD / HTTP/1.1" 200 244 "-" "check_http/v1.4.16 (nagios-plugins 1.4.16)"
- 88.198.233.245 - - [12/Apr/2014:13:00:21 +0200] "HEAD / HTTP/1.1" 200 244 "-" "check_http/v1.5 (nagios-plugins 1.5)"
- 46.248.163.70 - - [12/Apr/2014:13:00:49 +0200] "HEAD / HTTP/1.1" 200 244 "-" "check_http/v1.4.16 (nagios-plugins 1.4.16)"
- 176.31.15.134 - - [12/Apr/2014:13:01:18 +0200] "HEAD / HTTP/1.1" 200 244 "-" "check_http/v1.4.16 (nagios-plugins 1.4.16)"
- 88.198.233.245 - - [12/Apr/2014:13:01:21 +0200] "HEAD / HTTP/1.1" 200 244 "-" "check_http/v1.5 (nagios-plugins 1.5)"
- 46.248.163.70 - - [12/Apr/2014:13:01:49 +0200] "HEAD / HTTP/1.1" 200 244 "-" "check_http/v1.4.16 (nagios-plugins 1.4.16)"
- 176.31.15.134 - - [12/Apr/2014:13:02:18 +0200] "HEAD / HTTP/1.1" 200 244 "-" "check_http/v1.4.16 (nagios-plugins 1.4.16)"
- 88.198.233.245 - - [12/Apr/2014:13:02:21 +0200] "HEAD / HTTP/1.1" 200 244 "-" "check_http/v1.5 (nagios-plugins 1.5)"
- 46.248.163.70 - - [12/Apr/2014:13:02:49 +0200] "HEAD / HTTP/1.1" 200 244 "-" "check_http/v1.4.16 (nagios-plugins 1.4.16)"
- 176.31.15.134 - - [12/Apr/2014:13:03:18 +0200] "HEAD / HTTP/1.1" 200 244 "-" "check_http/v1.4.16 (nagios-plugins 1.4.16)"
- 88.198.233.245 - - [12/Apr/2014:13:03:21 +0200] "HEAD / HTTP/1.1" 200 244 "-" "check_http/v1.5 (nagios-plugins 1.5)"
- 46.248.163.70 - - [12/Apr/2014:13:03:49 +0200] "HEAD / HTTP/1.1" 200 244 "-" "check_http/v1.4.16 (nagios-plugins 1.4.16)"
- 5.10.83.48 - - [12/Apr/2014:13:03:50 +0200] "GET /subcon HTTP/1.1" 200 4522 "-" "Mozilla/5.0 (compatible; AhrefsBot/5.0; +http://ahrefs.com/robot/)"
- 176.31.15.134 - - [12/Apr/2014:13:04:18 +0200] "HEAD / HTTP/1.1" 200 244 "-" "check_http/v1.4.16 (nagios-plugins 1.4.16)"
- 88.198.233.245 - - [12/Apr/2014:13:04:21 +0200] "HEAD / HTTP/1.1" 200 244 "-" "check_http/v1.5 (nagios-plugins 1.5)"
- 46.248.163.70 - - [12/Apr/2014:13:04:49 +0200] "HEAD / HTTP/1.1" 200 244 "-" "check_http/v1.4.16 (nagios-plugins 1.4.16)"
- 178.154.243.93 - - [12/Apr/2014:13:05:11 +0200] "GET /robots.txt HTTP/1.1" 200 412 "-" "Mozilla/5.0 (compatible; YandexBot/3.0; +http://yandex.com/bots)"
- 176.31.15.134 - - [12/Apr/2014:13:05:18 +0200] "HEAD / HTTP/1.1" 200 244 "-" "check_http/v1.4.16 (nagios-plugins 1.4.16)"
- 88.198.233.245 - - [12/Apr/2014:13:05:21 +0200] "HEAD / HTTP/1.1" 200 244 "-" "check_http/v1.5 (nagios-plugins 1.5)"
- 46.248.163.70 - - [12/Apr/2014:13:05:49 +0200] "HEAD / HTTP/1.1" 200 244 "-" "check_http/v1.4.16 (nagios-plugins 1.4.16)"
- 208.115.113.87 - - [12/Apr/2014:13:06:07 +0200] "GET /robots.txt HTTP/1.1" 200 355 "-" "Mozilla/5.0 (compatible; Ezooms/1.0; help@moz.com)"
- 176.31.15.134 - - [12/Apr/2014:13:06:18 +0200] "HEAD / HTTP/1.1" 200 244 "-" "check_http/v1.4.16 (nagios-plugins 1.4.16)"
- 88.198.233.245 - - [12/Apr/2014:13:06:21 +0200] "HEAD / HTTP/1.1" 200 244 "-" "check_http/v1.5 (nagios-plugins 1.5)"
- 217.69.133.219 - - [12/Apr/2014:13:06:32 +0200] "GET /robots.txt HTTP/1.1" 200 374 "-" "Mozilla/5.0 (compatible; Linux x86_64; Mail.RU_Bot/2.0; +http://go.mail.ru/help/robots)"
- 217.69.133.215 - - [12/Apr/2014:13:06:33 +0200] "GET /xfs HTTP/1.1" 200 12384 "-" "Mozilla/5.0 (compatible; Linux x86_64; Mail.RU_Bot/2.0; +http://go.mail.ru/help/robots)"
- 46.248.163.70 - - [12/Apr/2014:13:06:49 +0200] "HEAD / HTTP/1.1" 200 244 "-" "check_http/v1.4.16 (nagios-plugins 1.4.16)"
- 176.31.15.134 - - [12/Apr/2014:13:07:18 +0200] "HEAD / HTTP/1.1" 200 244 "-" "check_http/v1.4.16 (nagios-plugins 1.4.16)"
- 88.198.233.245 - - [12/Apr/2014:13:07:21 +0200] "HEAD / HTTP/1.1" 200 244 "-" "check_http/v1.5 (nagios-plugins 1.5)"
- 46.248.163.70 - - [12/Apr/2014:13:07:49 +0200] "HEAD / HTTP/1.1" 200 244 "-" "check_http/v1.4.16 (nagios-plugins 1.4.16)"
- 176.31.15.134 - - [12/Apr/2014:13:08:18 +0200] "HEAD / HTTP/1.1" 200 244 "-" "check_http/v1.4.16 (nagios-plugins 1.4.16)"
- 88.198.233.245 - - [12/Apr/2014:13:08:21 +0200] "HEAD / HTTP/1.1" 200 244 "-" "check_http/v1.5 (nagios-plugins 1.5)"
- 46.248.163.70 - - [12/Apr/2014:13:08:49 +0200] "HEAD / HTTP/1.1" 200 244 "-" "check_http/v1.4.16 (nagios-plugins 1.4.16)"
- 176.31.15.134 - - [12/Apr/2014:13:09:18 +0200] "HEAD / HTTP/1.1" 200 244 "-" "check_http/v1.4.16 (nagios-plugins 1.4.16)"
- 88.198.233.245 - - [12/Apr/2014:13:09:21 +0200] "HEAD / HTTP/1.1" 200 244 "-" "check_http/v1.5 (nagios-plugins 1.5)"
- 46.248.163.70 - - [12/Apr/2014:13:09:49 +0200] "HEAD / HTTP/1.1" 200 244 "-" "check_http/v1.4.16 (nagios-plugins 1.4.16)"
- 176.31.15.134 - - [12/Apr/2014:13:10:18 +0200] "HEAD / HTTP/1.1" 200 244 "-" "check_http/v1.4.16 (nagios-plugins 1.4.16)"
- 88.198.233.245 - - [12/Apr/2014:13:10:21 +0200] "HEAD / HTTP/1.1" 200 244 "-" "check_http/v1.5 (nagios-plugins 1.5)"
- 46.248.163.70 - - [12/Apr/2014:13:10:49 +0200] "HEAD / HTTP/1.1" 200 244 "-" "check_http/v1.4.16 (nagios-plugins 1.4.16)"
- 176.31.15.134 - - [12/Apr/2014:13:11:18 +0200] "HEAD / HTTP/1.1" 200 244 "-" "check_http/v1.4.16 (nagios-plugins 1.4.16)"
- 88.198.233.245 - - [12/Apr/2014:13:11:21 +0200] "HEAD / HTTP/1.1" 200 244 "-" "check_http/v1.5 (nagios-plugins 1.5)"
- 46.248.163.70 - - [12/Apr/2014:13:11:49 +0200] "HEAD / HTTP/1.1" 200 244 "-" "check_http/v1.4.16 (nagios-plugins 1.4.16)"
- 176.31.15.134 - - [12/Apr/2014:13:12:18 +0200] "HEAD / HTTP/1.1" 200 244 "-" "check_http/v1.4.16 (nagios-plugins 1.4.16)"
- 88.198.233.245 - - [12/Apr/2014:13:12:21 +0200] "HEAD / HTTP/1.1" 200 244 "-" "check_http/v1.5 (nagios-plugins 1.5)"
- 46.248.163.70 - - [12/Apr/2014:13:12:49 +0200] "HEAD / HTTP/1.1" 200 244 "-" "check_http/v1.4.16 (nagios-plugins 1.4.16)"
- 176.31.15.134 - - [12/Apr/2014:13:13:18 +0200] "HEAD / HTTP/1.1" 200 244 "-" "check_http/v1.4.16 (nagios-plugins 1.4.16)"
- 88.198.233.245 - - [12/Apr/2014:13:13:21 +0200] "HEAD / HTTP/1.1" 200 244 "-" "check_http/v1.5 (nagios-plugins 1.5)"
- 46.248.163.70 - - [12/Apr/2014:13:13:49 +0200] "HEAD / HTTP/1.1" 200 244 "-" "check_http/v1.4.16 (nagios-plugins 1.4.16)"
- 176.31.15.134 - - [12/Apr/2014:13:14:18 +0200] "HEAD / HTTP/1.1" 200 244 "-" "check_http/v1.4.16 (nagios-plugins 1.4.16)"
- 88.198.233.245 - - [12/Apr/2014:13:14:21 +0200] "HEAD / HTTP/1.1" 200 244 "-" "check_http/v1.5 (nagios-plugins 1.5)"
- 46.248.163.70 - - [12/Apr/2014:13:14:49 +0200] "HEAD / HTTP/1.1" 200 244 "-" "check_http/v1.4.16 (nagios-plugins 1.4.16)"
- 176.31.15.134 - - [12/Apr/2014:13:15:18 +0200] "HEAD / HTTP/1.1" 200 244 "-" "check_http/v1.4.16 (nagios-plugins 1.4.16)"
- 88.198.233.245 - - [12/Apr/2014:13:15:21 +0200] "HEAD / HTTP/1.1" 200 244 "-" "check_http/v1.5 (nagios-plugins 1.5)"
- 46.248.163.70 - - [12/Apr/2014:13:15:49 +0200] "HEAD / HTTP/1.1" 200 244 "-" "check_http/v1.4.16 (nagios-plugins 1.4.16)"
- 176.31.15.134 - - [12/Apr/2014:13:16:18 +0200] "HEAD / HTTP/1.1" 200 244 "-" "check_http/v1.4.16 (nagios-plugins 1.4.16)"
- 88.198.233.245 - - [12/Apr/2014:13:16:21 +0200] "HEAD / HTTP/1.1" 200 244 "-" "check_http/v1.5 (nagios-plugins 1.5)"
- 46.248.163.70 - - [12/Apr/2014:13:16:49 +0200] "HEAD / HTTP/1.1" 200 244 "-" "check_http/v1.4.16 (nagios-plugins 1.4.16)"
- 176.31.15.134 - - [12/Apr/2014:13:17:18 +0200] "HEAD / HTTP/1.1" 200 244 "-" "check_http/v1.4.16 (nagios-plugins 1.4.16)"
- 88.198.233.245 - - [12/Apr/2014:13:17:21 +0200] "HEAD / HTTP/1.1" 200 244 "-" "check_http/v1.5 (nagios-plugins 1.5)"
- 46.248.163.70 - - [12/Apr/2014:13:17:49 +0200] "HEAD / HTTP/1.1" 200 244 "-" "check_http/v1.4.16 (nagios-plugins 1.4.16)"
- 176.31.15.134 - - [12/Apr/2014:13:18:18 +0200] "HEAD / HTTP/1.1" 200 244 "-" "check_http/v1.4.16 (nagios-plugins 1.4.16)"
- 88.198.233.245 - - [12/Apr/2014:13:18:21 +0200] "HEAD / HTTP/1.1" 200 244 "-" "check_http/v1.5 (nagios-plugins 1.5)"
- 46.248.163.70 - - [12/Apr/2014:13:18:49 +0200] "HEAD / HTTP/1.1" 200 244 "-" "check_http/v1.4.16 (nagios-plugins 1.4.16)"
- 176.31.15.134 - - [12/Apr/2014:13:19:18 +0200] "HEAD / HTTP/1.1" 200 244 "-" "check_http/v1.4.16 (nagios-plugins 1.4.16)"
- 88.198.233.245 - - [12/Apr/2014:13:19:21 +0200] "HEAD / HTTP/1.1" 200 244 "-" "check_http/v1.5 (nagios-plugins 1.5)"
- 46.248.163.70 - - [12/Apr/2014:13:19:49 +0200] "HEAD / HTTP/1.1" 200 244 "-" "check_http/v1.4.16 (nagios-plugins 1.4.16)"
- 176.31.15.134 - - [12/Apr/2014:13:20:18 +0200] "HEAD / HTTP/1.1" 200 244 "-" "check_http/v1.4.16 (nagios-plugins 1.4.16)"
- 88.198.233.245 - - [12/Apr/2014:13:20:21 +0200] "HEAD / HTTP/1.1" 200 244 "-" "check_http/v1.5 (nagios-plugins 1.5)"
- 46.248.163.70 - - [12/Apr/2014:13:20:49 +0200] "HEAD / HTTP/1.1" 200 244 "-" "check_http/v1.4.16 (nagios-plugins 1.4.16)"
- 176.31.15.134 - - [12/Apr/2014:13:21:18 +0200] "HEAD / HTTP/1.1" 200 244 "-" "check_http/v1.4.16 (nagios-plugins 1.4.16)"
- 88.198.233.245 - - [12/Apr/2014:13:21:21 +0200] "HEAD / HTTP/1.1" 200 244 "-" "check_http/v1.5 (nagios-plugins 1.5)"
- 46.248.163.70 - - [12/Apr/2014:13:21:49 +0200] "HEAD / HTTP/1.1" 200 244 "-" "check_http/v1.4.16 (nagios-plugins 1.4.16)"
- 176.31.15.134 - - [12/Apr/2014:13:22:18 +0200] "HEAD / HTTP/1.1" 200 244 "-" "check_http/v1.4.16 (nagios-plugins 1.4.16)"
- 88.198.233.245 - - [12/Apr/2014:13:22:21 +0200] "HEAD / HTTP/1.1" 200 244 "-" "check_http/v1.5 (nagios-plugins 1.5)"
- 46.248.163.70 - - [12/Apr/2014:13:22:49 +0200] "HEAD / HTTP/1.1" 200 244 "-" "check_http/v1.4.16 (nagios-plugins 1.4.16)"
- 176.31.15.134 - - [12/Apr/2014:13:23:18 +0200] "HEAD / HTTP/1.1" 200 244 "-" "check_http/v1.4.16 (nagios-plugins 1.4.16)"
- 88.198.233.245 - - [12/Apr/2014:13:23:21 +0200] "HEAD / HTTP/1.1" 200 244 "-" "check_http/v1.5 (nagios-plugins 1.5)"
- 46.248.163.70 - - [12/Apr/2014:13:23:49 +0200] "HEAD / HTTP/1.1" 200 244 "-" "check_http/v1.4.16 (nagios-plugins 1.4.16)"
- 176.31.15.134 - - [12/Apr/2014:13:24:18 +0200] "HEAD / HTTP/1.1" 200 244 "-" "check_http/v1.4.16 (nagios-plugins 1.4.16)"
- 88.198.233.245 - - [12/Apr/2014:13:24:21 +0200] "HEAD / HTTP/1.1" 200 244 "-" "check_http/v1.5 (nagios-plugins 1.5)"
- 46.248.163.70 - - [12/Apr/2014:13:24:49 +0200] "HEAD / HTTP/1.1" 200 244 "-" "check_http/v1.4.16 (nagios-plugins 1.4.16)"
- 176.31.15.134 - - [12/Apr/2014:13:25:18 +0200] "HEAD / HTTP/1.1" 200 244 "-" "check_http/v1.4.16 (nagios-plugins 1.4.16)"
- 88.198.233.245 - - [12/Apr/2014:13:25:21 +0200] "HEAD / HTTP/1.1" 200 244 "-" "check_http/v1.5 (nagios-plugins 1.5)"
- 46.248.163.70 - - [12/Apr/2014:13:25:49 +0200] "HEAD / HTTP/1.1" 200 244 "-" "check_http/v1.4.16 (nagios-plugins 1.4.16)"
- 176.31.15.134 - - [12/Apr/2014:13:26:18 +0200] "HEAD / HTTP/1.1" 200 244 "-" "check_http/v1.4.16 (nagios-plugins 1.4.16)"
- 88.198.233.245 - - [12/Apr/2014:13:26:21 +0200] "HEAD / HTTP/1.1" 200 244 "-" "check_http/v1.5 (nagios-plugins 1.5)"
- 46.248.163.70 - - [12/Apr/2014:13:26:49 +0200] "HEAD / HTTP/1.1" 200 244 "-" "check_http/v1.4.16 (nagios-plugins 1.4.16)"
- 176.31.15.134 - - [12/Apr/2014:13:27:18 +0200] "HEAD / HTTP/1.1" 200 244 "-" "check_http/v1.4.16 (nagios-plugins 1.4.16)"
- 88.198.233.245 - - [12/Apr/2014:13:27:21 +0200] "HEAD / HTTP/1.1" 200 244 "-" "check_http/v1.5 (nagios-plugins 1.5)"
- 157.56.93.96 - - [12/Apr/2014:13:27:34 +0200] "GET /s/132 HTTP/1.1" 301 566 "-" "Mozilla/5.0 (compatible; bingbot/2.0; +http://www.bing.com/bingbot.htm)"
- 208.115.113.87 - - [12/Apr/2014:13:27:39 +0200] "GET / HTTP/1.1" 200 190364 "-" "Mozilla/5.0 (compatible; Ezooms/1.0; help@moz.com)"
- 46.248.163.70 - - [12/Apr/2014:13:27:49 +0200] "HEAD / HTTP/1.1" 200 244 "-" "check_http/v1.4.16 (nagios-plugins 1.4.16)"
- 176.31.15.134 - - [12/Apr/2014:13:28:18 +0200] "HEAD / HTTP/1.1" 200 244 "-" "check_http/v1.4.16 (nagios-plugins 1.4.16)"
- 88.198.233.245 - - [12/Apr/2014:13:28:21 +0200] "HEAD / HTTP/1.1" 200 244 "-" "check_http/v1.5 (nagios-plugins 1.5)"
- 46.248.163.70 - - [12/Apr/2014:13:28:49 +0200] "HEAD / HTTP/1.1" 200 244 "-" "check_http/v1.4.16 (nagios-plugins 1.4.16)"
- 157.55.35.82 - - [12/Apr/2014:13:28:55 +0200] "GET /s/210 HTTP/1.1" 301 564 "-" "Mozilla/5.0 (compatible; bingbot/2.0; +http://www.bing.com/bingbot.htm)"
- 176.31.15.134 - - [12/Apr/2014:13:29:18 +0200] "HEAD / HTTP/1.1" 200 244 "-" "check_http/v1.4.16 (nagios-plugins 1.4.16)"
- 88.198.233.245 - - [12/Apr/2014:13:29:21 +0200] "HEAD / HTTP/1.1" 200 244 "-" "check_http/v1.5 (nagios-plugins 1.5)"
- 46.248.163.70 - - [12/Apr/2014:13:29:49 +0200] "HEAD / HTTP/1.1" 200 244 "-" "check_http/v1.4.16 (nagios-plugins 1.4.16)"
- 176.31.15.134 - - [12/Apr/2014:13:30:18 +0200] "HEAD / HTTP/1.1" 200 244 "-" "check_http/v1.4.16 (nagios-plugins 1.4.16)"
- 88.198.233.245 - - [12/Apr/2014:13:30:21 +0200] "HEAD / HTTP/1.1" 200 244 "-" "check_http/v1.5 (nagios-plugins 1.5)"
- 46.248.163.70 - - [12/Apr/2014:13:30:49 +0200] "HEAD / HTTP/1.1" 200 244 "-" "check_http/v1.4.16 (nagios-plugins 1.4.16)"
- 176.31.15.134 - - [12/Apr/2014:13:31:18 +0200] "HEAD / HTTP/1.1" 200 244 "-" "check_http/v1.4.16 (nagios-plugins 1.4.16)"
- 88.198.233.245 - - [12/Apr/2014:13:31:21 +0200] "HEAD / HTTP/1.1" 200 244 "-" "check_http/v1.5 (nagios-plugins 1.5)"
- 46.248.163.70 - - [12/Apr/2014:13:31:49 +0200] "HEAD / HTTP/1.1" 200 244 "-" "check_http/v1.4.16 (nagios-plugins 1.4.16)"
- 176.31.15.134 - - [12/Apr/2014:13:32:18 +0200] "HEAD / HTTP/1.1" 200 244 "-" "check_http/v1.4.16 (nagios-plugins 1.4.16)"
- 88.198.233.245 - - [12/Apr/2014:13:32:21 +0200] "HEAD / HTTP/1.1" 200 244 "-" "check_http/v1.5 (nagios-plugins 1.5)"
- 46.248.163.70 - - [12/Apr/2014:13:32:49 +0200] "HEAD / HTTP/1.1" 200 244 "-" "check_http/v1.4.16 (nagios-plugins 1.4.16)"
- 176.31.15.134 - - [12/Apr/2014:13:33:18 +0200] "HEAD / HTTP/1.1" 200 244 "-" "check_http/v1.4.16 (nagios-plugins 1.4.16)"
- 88.198.233.245 - - [12/Apr/2014:13:33:21 +0200] "HEAD / HTTP/1.1" 200 244 "-" "check_http/v1.5 (nagios-plugins 1.5)"
- 46.248.163.70 - - [12/Apr/2014:13:33:49 +0200] "HEAD / HTTP/1.1" 200 244 "-" "check_http/v1.4.16 (nagios-plugins 1.4.16)"
- 176.31.15.134 - - [12/Apr/2014:13:34:18 +0200] "HEAD / HTTP/1.1" 200 244 "-" "check_http/v1.4.16 (nagios-plugins 1.4.16)"
- 88.198.233.245 - - [12/Apr/2014:13:34:21 +0200] "HEAD / HTTP/1.1" 200 244 "-" "check_http/v1.5 (nagios-plugins 1.5)"
- 46.248.163.70 - - [12/Apr/2014:13:34:49 +0200] "HEAD / HTTP/1.1" 200 244 "-" "check_http/v1.4.16 (nagios-plugins 1.4.16)"
- 157.56.93.96 - - [12/Apr/2014:13:35:14 +0200] "GET /fabric HTTP/1.1" 200 4810 "-" "Mozilla/5.0 (compatible; bingbot/2.0; +http://www.bing.com/bingbot.htm)"
- 176.31.15.134 - - [12/Apr/2014:13:35:18 +0200] "HEAD / HTTP/1.1" 200 244 "-" "check_http/v1.4.16 (nagios-plugins 1.4.16)"
- 88.198.233.245 - - [12/Apr/2014:13:35:21 +0200] "HEAD / HTTP/1.1" 200 244 "-" "check_http/v1.5 (nagios-plugins 1.5)"
- 46.248.163.70 - - [12/Apr/2014:13:35:49 +0200] "HEAD / HTTP/1.1" 200 244 "-" "check_http/v1.4.16 (nagios-plugins 1.4.16)"
- 176.31.15.134 - - [12/Apr/2014:13:36:18 +0200] "HEAD / HTTP/1.1" 200 244 "-" "check_http/v1.4.16 (nagios-plugins 1.4.16)"
- 88.198.233.245 - - [12/Apr/2014:13:36:21 +0200] "HEAD / HTTP/1.1" 200 244 "-" "check_http/v1.5 (nagios-plugins 1.5)"
- 46.248.163.70 - - [12/Apr/2014:13:36:49 +0200] "HEAD / HTTP/1.1" 200 244 "-" "check_http/v1.4.16 (nagios-plugins 1.4.16)"
- 176.31.15.134 - - [12/Apr/2014:13:37:18 +0200] "HEAD / HTTP/1.1" 200 244 "-" "check_http/v1.4.16 (nagios-plugins 1.4.16)"
- 88.198.233.245 - - [12/Apr/2014:13:37:21 +0200] "HEAD / HTTP/1.1" 200 244 "-" "check_http/v1.5 (nagios-plugins 1.5)"
- 46.248.163.70 - - [12/Apr/2014:13:37:49 +0200] "HEAD / HTTP/1.1" 200 244 "-" "check_http/v1.4.16 (nagios-plugins 1.4.16)"
- 176.31.15.134 - - [12/Apr/2014:13:38:18 +0200] "HEAD / HTTP/1.1" 200 244 "-" "check_http/v1.4.16 (nagios-plugins 1.4.16)"
- 88.198.233.245 - - [12/Apr/2014:13:38:21 +0200] "HEAD / HTTP/1.1" 200 244 "-" "check_http/v1.5 (nagios-plugins 1.5)"
- 91.121.170.197 - - [12/Apr/2014:13:38:45 +0200] "GET /website/new HTTP/1.1" 200 12084 "-" "Mozilla/4.0 (compatible; MSIE 6.0; Windows NT 5.1; SV1)"
- 91.121.170.197 - - [12/Apr/2014:13:38:45 +0200] "POST /website/create HTTP/1.1" 200 13100 "http://whoisusing.it/website/new" "Mozilla/4.0 (compatible; MSIE 6.0; Windows NT 5.1; SV1)"
- 91.121.170.197 - - [12/Apr/2014:13:38:45 +0200] "POST /website/create HTTP/1.1" 200 13100 "http://whoisusing.it/website/create" "Mozilla/4.0 (compatible; MSIE 6.0; Windows NT 5.1; SV1)"
- 91.121.170.197 - - [12/Apr/2014:13:38:46 +0200] "POST /website/create HTTP/1.1" 200 13121 "http://whoisusing.it/website/new" "Mozilla/4.0 (compatible; MSIE 6.0; Windows NT 5.1; SV1)"
- 91.121.170.197 - - [12/Apr/2014:13:38:47 +0200] "POST /website/create HTTP/1.1" 200 13121 "http://whoisusing.it/website/create" "Mozilla/4.0 (compatible; MSIE 6.0; Windows NT 5.1; SV1)"
- 91.121.170.197 - - [12/Apr/2014:13:38:48 +0200] "POST /website/create HTTP/1.1" 200 12946 "http://whoisusing.it/website/new" "Mozilla/4.0 (compatible; MSIE 6.0; Windows NT 5.1; SV1)"
- 91.121.170.197 - - [12/Apr/2014:13:38:48 +0200] "POST /website/create HTTP/1.1" 200 12946 "http://whoisusing.it/website/create" "Mozilla/4.0 (compatible; MSIE 6.0; Windows NT 5.1; SV1)"
- 91.121.170.197 - - [12/Apr/2014:13:38:48 +0200] "POST /website/create HTTP/1.1" 200 12896 "http://whoisusing.it/website/new" "Mozilla/4.0 (compatible; MSIE 6.0; Windows NT 5.1; SV1)"
- 91.121.170.197 - - [12/Apr/2014:13:38:49 +0200] "POST /website/create HTTP/1.1" 200 12896 "http://whoisusing.it/website/create" "Mozilla/4.0 (compatible; MSIE 6.0; Windows NT 5.1; SV1)"
- 46.248.163.70 - - [12/Apr/2014:13:38:49 +0200] "HEAD / HTTP/1.1" 200 244 "-" "check_http/v1.4.16 (nagios-plugins 1.4.16)"
- 91.121.170.197 - - [12/Apr/2014:13:38:49 +0200] "POST /website/create HTTP/1.1" 200 12939 "http://whoisusing.it/website/new" "Mozilla/4.0 (compatible; MSIE 6.0; Windows NT 5.1; SV1)"
- 91.121.170.197 - - [12/Apr/2014:13:38:50 +0200] "POST /website/create HTTP/1.1" 200 12941 "http://whoisusing.it/website/create" "Mozilla/4.0 (compatible; MSIE 6.0; Windows NT 5.1; SV1)"
- 176.31.15.134 - - [12/Apr/2014:13:39:18 +0200] "HEAD / HTTP/1.1" 200 244 "-" "check_http/v1.4.16 (nagios-plugins 1.4.16)"
- 88.198.233.245 - - [12/Apr/2014:13:39:21 +0200] "HEAD / HTTP/1.1" 200 244 "-" "check_http/v1.5 (nagios-plugins 1.5)"
- 46.248.163.70 - - [12/Apr/2014:13:39:49 +0200] "HEAD / HTTP/1.1" 200 244 "-" "check_http/v1.4.16 (nagios-plugins 1.4.16)"
- 176.31.15.134 - - [12/Apr/2014:13:40:18 +0200] "HEAD / HTTP/1.1" 200 244 "-" "check_http/v1.4.16 (nagios-plugins 1.4.16)"
- 88.198.233.245 - - [12/Apr/2014:13:40:21 +0200] "HEAD / HTTP/1.1" 200 244 "-" "check_http/v1.5 (nagios-plugins 1.5)"
- 46.248.163.70 - - [12/Apr/2014:13:40:49 +0200] "HEAD / HTTP/1.1" 200 244 "-" "check_http/v1.4.16 (nagios-plugins 1.4.16)"
- 176.31.15.134 - - [12/Apr/2014:13:41:18 +0200] "HEAD / HTTP/1.1" 200 244 "-" "check_http/v1.4.16 (nagios-plugins 1.4.16)"
- 88.198.233.245 - - [12/Apr/2014:13:41:21 +0200] "HEAD / HTTP/1.1" 200 244 "-" "check_http/v1.5 (nagios-plugins 1.5)"
- 46.248.163.70 - - [12/Apr/2014:13:41:49 +0200] "HEAD / HTTP/1.1" 200 244 "-" "check_http/v1.4.16 (nagios-plugins 1.4.16)"
- 176.31.15.134 - - [12/Apr/2014:13:42:18 +0200] "HEAD / HTTP/1.1" 200 244 "-" "check_http/v1.4.16 (nagios-plugins 1.4.16)"
- 88.198.233.245 - - [12/Apr/2014:13:42:21 +0200] "HEAD / HTTP/1.1" 200 244 "-" "check_http/v1.5 (nagios-plugins 1.5)"
- 46.248.163.70 - - [12/Apr/2014:13:42:49 +0200] "HEAD / HTTP/1.1" 200 244 "-" "check_http/v1.4.16 (nagios-plugins 1.4.16)"
- 176.31.15.134 - - [12/Apr/2014:13:43:18 +0200] "HEAD / HTTP/1.1" 200 244 "-" "check_http/v1.4.16 (nagios-plugins 1.4.16)"
- 88.198.233.245 - - [12/Apr/2014:13:43:21 +0200] "HEAD / HTTP/1.1" 200 244 "-" "check_http/v1.5 (nagios-plugins 1.5)"
- 46.248.163.70 - - [12/Apr/2014:13:43:49 +0200] "HEAD / HTTP/1.1" 200 244 "-" "check_http/v1.4.16 (nagios-plugins 1.4.16)"
- 176.31.15.134 - - [12/Apr/2014:13:44:18 +0200] "HEAD / HTTP/1.1" 200 244 "-" "check_http/v1.4.16 (nagios-plugins 1.4.16)"
- 88.198.233.245 - - [12/Apr/2014:13:44:21 +0200] "HEAD / HTTP/1.1" 200 244 "-" "check_http/v1.5 (nagios-plugins 1.5)"
- 46.248.163.70 - - [12/Apr/2014:13:44:49 +0200] "HEAD / HTTP/1.1" 200 244 "-" "check_http/v1.4.16 (nagios-plugins 1.4.16)"
- 176.31.15.134 - - [12/Apr/2014:13:45:18 +0200] "HEAD / HTTP/1.1" 200 244 "-" "check_http/v1.4.16 (nagios-plugins 1.4.16)"
- 88.198.233.245 - - [12/Apr/2014:13:45:21 +0200] "HEAD / HTTP/1.1" 200 244 "-" "check_http/v1.5 (nagios-plugins 1.5)"
- 46.248.163.70 - - [12/Apr/2014:13:45:49 +0200] "HEAD / HTTP/1.1" 200 244 "-" "check_http/v1.4.16 (nagios-plugins 1.4.16)"
- 176.31.15.134 - - [12/Apr/2014:13:46:18 +0200] "HEAD / HTTP/1.1" 200 244 "-" "check_http/v1.4.16 (nagios-plugins 1.4.16)"
- 88.198.233.245 - - [12/Apr/2014:13:46:21 +0200] "HEAD / HTTP/1.1" 200 244 "-" "check_http/v1.5 (nagios-plugins 1.5)"
- 46.248.163.70 - - [12/Apr/2014:13:46:49 +0200] "HEAD / HTTP/1.1" 200 244 "-" "check_http/v1.4.16 (nagios-plugins 1.4.16)"
- 176.31.15.134 - - [12/Apr/2014:13:47:18 +0200] "HEAD / HTTP/1.1" 200 244 "-" "check_http/v1.4.16 (nagios-plugins 1.4.16)"
- 88.198.233.245 - - [12/Apr/2014:13:47:21 +0200] "HEAD / HTTP/1.1" 200 244 "-" "check_http/v1.5 (nagios-plugins 1.5)"
- 46.248.163.70 - - [12/Apr/2014:13:47:49 +0200] "HEAD / HTTP/1.1" 200 244 "-" "check_http/v1.4.16 (nagios-plugins 1.4.16)"
- 176.31.15.134 - - [12/Apr/2014:13:48:18 +0200] "HEAD / HTTP/1.1" 200 244 "-" "check_http/v1.4.16 (nagios-plugins 1.4.16)"
- 88.198.233.245 - - [12/Apr/2014:13:48:21 +0200] "HEAD / HTTP/1.1" 200 244 "-" "check_http/v1.5 (nagios-plugins 1.5)"
- 46.248.163.70 - - [12/Apr/2014:13:48:49 +0200] "HEAD / HTTP/1.1" 200 244 "-" "check_http/v1.4.16 (nagios-plugins 1.4.16)"
- 176.31.15.134 - - [12/Apr/2014:13:49:18 +0200] "HEAD / HTTP/1.1" 200 244 "-" "check_http/v1.4.16 (nagios-plugins 1.4.16)"
- 88.198.233.245 - - [12/Apr/2014:13:49:21 +0200] "HEAD / HTTP/1.1" 200 244 "-" "check_http/v1.5 (nagios-plugins 1.5)"
- 46.248.163.70 - - [12/Apr/2014:13:49:49 +0200] "HEAD / HTTP/1.1" 200 244 "-" "check_http/v1.4.16 (nagios-plugins 1.4.16)"
- 176.31.15.134 - - [12/Apr/2014:13:50:18 +0200] "HEAD / HTTP/1.1" 200 244 "-" "check_http/v1.4.16 (nagios-plugins 1.4.16)"
- 88.198.233.245 - - [12/Apr/2014:13:50:21 +0200] "HEAD / HTTP/1.1" 200 244 "-" "check_http/v1.5 (nagios-plugins 1.5)"
- 46.248.163.70 - - [12/Apr/2014:13:50:49 +0200] "HEAD / HTTP/1.1" 200 244 "-" "check_http/v1.4.16 (nagios-plugins 1.4.16)"
- 176.31.15.134 - - [12/Apr/2014:13:51:18 +0200] "HEAD / HTTP/1.1" 200 244 "-" "check_http/v1.4.16 (nagios-plugins 1.4.16)"
- 88.198.233.245 - - [12/Apr/2014:13:51:21 +0200] "HEAD / HTTP/1.1" 200 244 "-" "check_http/v1.5 (nagios-plugins 1.5)"
- 46.248.163.70 - - [12/Apr/2014:13:51:49 +0200] "HEAD / HTTP/1.1" 200 244 "-" "check_http/v1.4.16 (nagios-plugins 1.4.16)"
- 176.31.15.134 - - [12/Apr/2014:13:52:18 +0200] "HEAD / HTTP/1.1" 200 244 "-" "check_http/v1.4.16 (nagios-plugins 1.4.16)"
- 88.198.233.245 - - [12/Apr/2014:13:52:21 +0200] "HEAD / HTTP/1.1" 200 244 "-" "check_http/v1.5 (nagios-plugins 1.5)"
- 46.248.163.70 - - [12/Apr/2014:13:52:49 +0200] "HEAD / HTTP/1.1" 200 244 "-" "check_http/v1.4.16 (nagios-plugins 1.4.16)"
- 176.31.15.134 - - [12/Apr/2014:13:53:18 +0200] "HEAD / HTTP/1.1" 200 244 "-" "check_http/v1.4.16 (nagios-plugins 1.4.16)"
- 88.198.233.245 - - [12/Apr/2014:13:53:21 +0200] "HEAD / HTTP/1.1" 200 244 "-" "check_http/v1.5 (nagios-plugins 1.5)"
- 46.248.163.70 - - [12/Apr/2014:13:53:49 +0200] "HEAD / HTTP/1.1" 200 244 "-" "check_http/v1.4.16 (nagios-plugins 1.4.16)"
- 176.31.15.134 - - [12/Apr/2014:13:54:18 +0200] "HEAD / HTTP/1.1" 200 244 "-" "check_http/v1.4.16 (nagios-plugins 1.4.16)"
- 88.198.233.245 - - [12/Apr/2014:13:54:21 +0200] "HEAD / HTTP/1.1" 200 244 "-" "check_http/v1.5 (nagios-plugins 1.5)"
- 46.248.163.70 - - [12/Apr/2014:13:54:49 +0200] "HEAD / HTTP/1.1" 200 244 "-" "check_http/v1.4.16 (nagios-plugins 1.4.16)"
- 176.31.15.134 - - [12/Apr/2014:13:55:18 +0200] "HEAD / HTTP/1.1" 200 244 "-" "check_http/v1.4.16 (nagios-plugins 1.4.16)"
- 88.198.233.245 - - [12/Apr/2014:13:55:21 +0200] "HEAD / HTTP/1.1" 200 244 "-" "check_http/v1.5 (nagios-plugins 1.5)"
- 46.248.163.70 - - [12/Apr/2014:13:55:49 +0200] "HEAD / HTTP/1.1" 200 244 "-" "check_http/v1.4.16 (nagios-plugins 1.4.16)"
- 176.31.15.134 - - [12/Apr/2014:13:56:18 +0200] "HEAD / HTTP/1.1" 200 244 "-" "check_http/v1.4.16 (nagios-plugins 1.4.16)"
- 88.198.233.245 - - [12/Apr/2014:13:56:21 +0200] "HEAD / HTTP/1.1" 200 244 "-" "check_http/v1.5 (nagios-plugins 1.5)"
- 46.248.163.70 - - [12/Apr/2014:13:56:49 +0200] "HEAD / HTTP/1.1" 200 244 "-" "check_http/v1.4.16 (nagios-plugins 1.4.16)"
- 5.10.83.49 - - [12/Apr/2014:13:56:57 +0200] "GET /systemimager HTTP/1.1" 200 5002 "-" "Mozilla/5.0 (compatible; AhrefsBot/5.0; +http://ahrefs.com/robot/)"
- 176.31.15.134 - - [12/Apr/2014:13:57:18 +0200] "HEAD / HTTP/1.1" 200 244 "-" "check_http/v1.4.16 (nagios-plugins 1.4.16)"
- 88.198.233.245 - - [12/Apr/2014:13:57:21 +0200] "HEAD / HTTP/1.1" 200 244 "-" "check_http/v1.5 (nagios-plugins 1.5)"
- 46.248.163.70 - - [12/Apr/2014:13:57:49 +0200] "HEAD / HTTP/1.1" 200 244 "-" "check_http/v1.4.16 (nagios-plugins 1.4.16)"
- 176.31.15.134 - - [12/Apr/2014:13:58:18 +0200] "HEAD / HTTP/1.1" 200 244 "-" "check_http/v1.4.16 (nagios-plugins 1.4.16)"
- 88.198.233.245 - - [12/Apr/2014:13:58:21 +0200] "HEAD / HTTP/1.1" 200 244 "-" "check_http/v1.5 (nagios-plugins 1.5)"
- 46.248.163.70 - - [12/Apr/2014:13:58:49 +0200] "HEAD / HTTP/1.1" 200 244 "-" "check_http/v1.4.16 (nagios-plugins 1.4.16)"
- 176.31.15.134 - - [12/Apr/2014:13:59:18 +0200] "HEAD / HTTP/1.1" 200 244 "-" "check_http/v1.4.16 (nagios-plugins 1.4.16)"
- 88.198.233.245 - - [12/Apr/2014:13:59:21 +0200] "HEAD / HTTP/1.1" 200 244 "-" "check_http/v1.5 (nagios-plugins 1.5)"
- 46.248.163.70 - - [12/Apr/2014:13:59:49 +0200] "HEAD / HTTP/1.1" 200 244 "-" "check_http/v1.4.16 (nagios-plugins 1.4.16)"
- 66.249.68.104 - - [12/Apr/2014:14:00:16 +0200] "GET /robots.txt HTTP/1.1" 200 447 "-" "Mozilla/5.0 (compatible; Googlebot/2.1; +http://www.google.com/bot.html)"
- 66.249.68.168 - - [12/Apr/2014:14:00:16 +0200] "GET /source/suggestTechnologies HTTP/1.1" 500 2207 "-" "Mozilla/5.0 (compatible; Googlebot/2.1; +http://www.google.com/bot.html)"
- 176.31.15.134 - - [12/Apr/2014:14:00:18 +0200] "HEAD / HTTP/1.1" 200 244 "-" "check_http/v1.4.16 (nagios-plugins 1.4.16)"
- 88.198.233.245 - - [12/Apr/2014:14:00:21 +0200] "HEAD / HTTP/1.1" 200 244 "-" "check_http/v1.5 (nagios-plugins 1.5)"
- 46.248.163.70 - - [12/Apr/2014:14:00:49 +0200] "HEAD / HTTP/1.1" 200 244 "-" "check_http/v1.4.16 (nagios-plugins 1.4.16)"
- 157.55.33.178 - - [12/Apr/2014:14:00:55 +0200] "GET /source/new/internet-archive HTTP/1.1" 200 4020 "-" "Mozilla/5.0 (compatible; bingbot/2.0; +http://www.bing.com/bingbot.htm)"
- 176.31.15.134 - - [12/Apr/2014:14:01:18 +0200] "HEAD / HTTP/1.1" 200 244 "-" "check_http/v1.4.16 (nagios-plugins 1.4.16)"
- 88.198.233.245 - - [12/Apr/2014:14:01:21 +0200] "HEAD / HTTP/1.1" 200 244 "-" "check_http/v1.5 (nagios-plugins 1.5)"
- 46.248.163.70 - - [12/Apr/2014:14:01:49 +0200] "HEAD / HTTP/1.1" 200 244 "-" "check_http/v1.4.16 (nagios-plugins 1.4.16)"
- 176.31.15.134 - - [12/Apr/2014:14:02:18 +0200] "HEAD / HTTP/1.1" 200 244 "-" "check_http/v1.4.16 (nagios-plugins 1.4.16)"
- 88.198.233.245 - - [12/Apr/2014:14:02:21 +0200] "HEAD / HTTP/1.1" 200 244 "-" "check_http/v1.5 (nagios-plugins 1.5)"
- 46.248.163.70 - - [12/Apr/2014:14:02:49 +0200] "HEAD / HTTP/1.1" 200 244 "-" "check_http/v1.4.16 (nagios-plugins 1.4.16)"
- 176.31.15.134 - - [12/Apr/2014:14:03:18 +0200] "HEAD / HTTP/1.1" 200 244 "-" "check_http/v1.4.16 (nagios-plugins 1.4.16)"
- 88.198.233.245 - - [12/Apr/2014:14:03:21 +0200] "HEAD / HTTP/1.1" 200 244 "-" "check_http/v1.5 (nagios-plugins 1.5)"
- 46.248.163.70 - - [12/Apr/2014:14:03:49 +0200] "HEAD / HTTP/1.1" 200 244 "-" "check_http/v1.4.16 (nagios-plugins 1.4.16)"
- 176.31.15.134 - - [12/Apr/2014:14:04:18 +0200] "HEAD / HTTP/1.1" 200 244 "-" "check_http/v1.4.16 (nagios-plugins 1.4.16)"
- 88.198.233.245 - - [12/Apr/2014:14:04:21 +0200] "HEAD / HTTP/1.1" 200 244 "-" "check_http/v1.5 (nagios-plugins 1.5)"
- 46.248.163.70 - - [12/Apr/2014:14:04:49 +0200] "HEAD / HTTP/1.1" 200 244 "-" "check_http/v1.4.16 (nagios-plugins 1.4.16)"
- 176.31.15.134 - - [12/Apr/2014:14:05:18 +0200] "HEAD / HTTP/1.1" 200 244 "-" "check_http/v1.4.16 (nagios-plugins 1.4.16)"
- 88.198.233.245 - - [12/Apr/2014:14:05:21 +0200] "HEAD / HTTP/1.1" 200 244 "-" "check_http/v1.5 (nagios-plugins 1.5)"
- 46.248.163.70 - - [12/Apr/2014:14:05:49 +0200] "HEAD / HTTP/1.1" 200 244 "-" "check_http/v1.4.16 (nagios-plugins 1.4.16)"
- 176.31.15.134 - - [12/Apr/2014:14:06:18 +0200] "HEAD / HTTP/1.1" 200 244 "-" "check_http/v1.4.16 (nagios-plugins 1.4.16)"
- 88.198.233.245 - - [12/Apr/2014:14:06:21 +0200] "HEAD / HTTP/1.1" 200 244 "-" "check_http/v1.5 (nagios-plugins 1.5)"
- 46.248.163.70 - - [12/Apr/2014:14:06:49 +0200] "HEAD / HTTP/1.1" 200 244 "-" "check_http/v1.4.16 (nagios-plugins 1.4.16)"
- 176.31.15.134 - - [12/Apr/2014:14:07:18 +0200] "HEAD / HTTP/1.1" 200 244 "-" "check_http/v1.4.16 (nagios-plugins 1.4.16)"
- 88.198.233.245 - - [12/Apr/2014:14:07:21 +0200] "HEAD / HTTP/1.1" 200 244 "-" "check_http/v1.5 (nagios-plugins 1.5)"
- 46.248.163.70 - - [12/Apr/2014:14:07:49 +0200] "HEAD / HTTP/1.1" 200 244 "-" "check_http/v1.4.16 (nagios-plugins 1.4.16)"
- 5.10.83.53 - - [12/Apr/2014:14:08:17 +0200] "GET /source/new/nk HTTP/1.1" 200 3957 "-" "Mozilla/5.0 (compatible; AhrefsBot/5.0; +http://ahrefs.com/robot/)"
- 176.31.15.134 - - [12/Apr/2014:14:08:18 +0200] "HEAD / HTTP/1.1" 200 244 "-" "check_http/v1.4.16 (nagios-plugins 1.4.16)"
- 88.198.233.245 - - [12/Apr/2014:14:08:21 +0200] "HEAD / HTTP/1.1" 200 244 "-" "check_http/v1.5 (nagios-plugins 1.5)"
- 46.248.163.70 - - [12/Apr/2014:14:08:49 +0200] "HEAD / HTTP/1.1" 200 244 "-" "check_http/v1.4.16 (nagios-plugins 1.4.16)"
- 176.31.15.134 - - [12/Apr/2014:14:09:18 +0200] "HEAD / HTTP/1.1" 200 244 "-" "check_http/v1.4.16 (nagios-plugins 1.4.16)"
- 88.198.233.245 - - [12/Apr/2014:14:09:21 +0200] "HEAD / HTTP/1.1" 200 244 "-" "check_http/v1.5 (nagios-plugins 1.5)"
- 46.248.163.70 - - [12/Apr/2014:14:09:49 +0200] "HEAD / HTTP/1.1" 200 244 "-" "check_http/v1.4.16 (nagios-plugins 1.4.16)"
- 176.31.15.134 - - [12/Apr/2014:14:10:18 +0200] "HEAD / HTTP/1.1" 200 244 "-" "check_http/v1.4.16 (nagios-plugins 1.4.16)"
- 88.198.233.245 - - [12/Apr/2014:14:10:21 +0200] "HEAD / HTTP/1.1" 200 244 "-" "check_http/v1.5 (nagios-plugins 1.5)"
- 46.248.163.70 - - [12/Apr/2014:14:10:49 +0200] "HEAD / HTTP/1.1" 200 244 "-" "check_http/v1.4.16 (nagios-plugins 1.4.16)"
- 176.31.15.134 - - [12/Apr/2014:14:11:18 +0200] "HEAD / HTTP/1.1" 200 244 "-" "check_http/v1.4.16 (nagios-plugins 1.4.16)"
- 88.198.233.245 - - [12/Apr/2014:14:11:21 +0200] "HEAD / HTTP/1.1" 200 244 "-" "check_http/v1.5 (nagios-plugins 1.5)"
- 46.248.163.70 - - [12/Apr/2014:14:11:49 +0200] "HEAD / HTTP/1.1" 200 244 "-" "check_http/v1.4.16 (nagios-plugins 1.4.16)"
- 176.31.15.134 - - [12/Apr/2014:14:12:18 +0200] "HEAD / HTTP/1.1" 200 244 "-" "check_http/v1.4.16 (nagios-plugins 1.4.16)"
- 88.198.233.245 - - [12/Apr/2014:14:12:21 +0200] "HEAD / HTTP/1.1" 200 244 "-" "check_http/v1.5 (nagios-plugins 1.5)"
- 46.248.163.70 - - [12/Apr/2014:14:12:49 +0200] "HEAD / HTTP/1.1" 200 244 "-" "check_http/v1.4.16 (nagios-plugins 1.4.16)"
- 176.31.15.134 - - [12/Apr/2014:14:13:18 +0200] "HEAD / HTTP/1.1" 200 244 "-" "check_http/v1.4.16 (nagios-plugins 1.4.16)"
- 88.198.233.245 - - [12/Apr/2014:14:13:21 +0200] "HEAD / HTTP/1.1" 200 244 "-" "check_http/v1.5 (nagios-plugins 1.5)"
- 46.248.163.70 - - [12/Apr/2014:14:13:49 +0200] "HEAD / HTTP/1.1" 200 244 "-" "check_http/v1.4.16 (nagios-plugins 1.4.16)"
- 176.31.15.134 - - [12/Apr/2014:14:14:18 +0200] "HEAD / HTTP/1.1" 200 244 "-" "check_http/v1.4.16 (nagios-plugins 1.4.16)"
- 88.198.233.245 - - [12/Apr/2014:14:14:21 +0200] "HEAD / HTTP/1.1" 200 244 "-" "check_http/v1.5 (nagios-plugins 1.5)"
- 46.248.163.70 - - [12/Apr/2014:14:14:49 +0200] "HEAD / HTTP/1.1" 200 244 "-" "check_http/v1.4.16 (nagios-plugins 1.4.16)"
- 178.137.19.70 - - [12/Apr/2014:14:14:59 +0200] "GET /perl HTTP/1.1" 200 33738 "http://brendasport.ru/" "Mozilla/4.0 (compatible; MSIE 6.0; Windows NT 5.1; SV1; .NET CLR 1.1.4322; XMPP Tiscali Communicator v.10.0.2; .NET CLR 2.0.50727)"
- 178.137.19.70 - - [12/Apr/2014:14:15:00 +0200] "GET /perl HTTP/1.1" 200 33738 "http://brendasport.ru/" "Mozilla/4.0 (compatible; MSIE 6.0; Windows NT 5.1; SV1; .NET CLR 1.1.4322; XMPP Tiscali Communicator v.10.0.2; .NET CLR 2.0.50727)"
- 178.137.19.70 - - [12/Apr/2014:14:15:00 +0200] "GET /perl HTTP/1.1" 200 33738 "http://brendasport.ru/" "Mozilla/4.0 (compatible; MSIE 6.0; Windows NT 5.1; SV1; .NET CLR 1.1.4322; XMPP Tiscali Communicator v.10.0.2; .NET CLR 2.0.50727)"
- 176.31.15.134 - - [12/Apr/2014:14:15:18 +0200] "HEAD / HTTP/1.1" 200 244 "-" "check_http/v1.4.16 (nagios-plugins 1.4.16)"
- 88.198.233.245 - - [12/Apr/2014:14:15:21 +0200] "HEAD / HTTP/1.1" 200 244 "-" "check_http/v1.5 (nagios-plugins 1.5)"
- 46.248.163.70 - - [12/Apr/2014:14:15:49 +0200] "HEAD / HTTP/1.1" 200 244 "-" "check_http/v1.4.16 (nagios-plugins 1.4.16)"
- 176.31.15.134 - - [12/Apr/2014:14:16:18 +0200] "HEAD / HTTP/1.1" 200 244 "-" "check_http/v1.4.16 (nagios-plugins 1.4.16)"
- 88.198.233.245 - - [12/Apr/2014:14:16:21 +0200] "HEAD / HTTP/1.1" 200 244 "-" "check_http/v1.5 (nagios-plugins 1.5)"
- 46.248.163.70 - - [12/Apr/2014:14:16:49 +0200] "HEAD / HTTP/1.1" 200 244 "-" "check_http/v1.4.16 (nagios-plugins 1.4.16)"
- 176.31.15.134 - - [12/Apr/2014:14:17:18 +0200] "HEAD / HTTP/1.1" 200 244 "-" "check_http/v1.4.16 (nagios-plugins 1.4.16)"
- 88.198.233.245 - - [12/Apr/2014:14:17:21 +0200] "HEAD / HTTP/1.1" 200 244 "-" "check_http/v1.5 (nagios-plugins 1.5)"
- 46.248.163.70 - - [12/Apr/2014:14:17:49 +0200] "HEAD / HTTP/1.1" 200 244 "-" "check_http/v1.4.16 (nagios-plugins 1.4.16)"
- 176.31.15.134 - - [12/Apr/2014:14:18:18 +0200] "HEAD / HTTP/1.1" 200 244 "-" "check_http/v1.4.16 (nagios-plugins 1.4.16)"
- 88.198.233.245 - - [12/Apr/2014:14:18:21 +0200] "HEAD / HTTP/1.1" 200 244 "-" "check_http/v1.5 (nagios-plugins 1.5)"
- 46.248.163.70 - - [12/Apr/2014:14:18:49 +0200] "HEAD / HTTP/1.1" 200 244 "-" "check_http/v1.4.16 (nagios-plugins 1.4.16)"
- 176.31.15.134 - - [12/Apr/2014:14:19:18 +0200] "HEAD / HTTP/1.1" 200 244 "-" "check_http/v1.4.16 (nagios-plugins 1.4.16)"
- 88.198.233.245 - - [12/Apr/2014:14:19:21 +0200] "HEAD / HTTP/1.1" 200 244 "-" "check_http/v1.5 (nagios-plugins 1.5)"
- 46.248.163.70 - - [12/Apr/2014:14:19:49 +0200] "HEAD / HTTP/1.1" 200 244 "-" "check_http/v1.4.16 (nagios-plugins 1.4.16)"
- 176.31.15.134 - - [12/Apr/2014:14:20:18 +0200] "HEAD / HTTP/1.1" 200 244 "-" "check_http/v1.4.16 (nagios-plugins 1.4.16)"
- 88.198.233.245 - - [12/Apr/2014:14:20:21 +0200] "HEAD / HTTP/1.1" 200 244 "-" "check_http/v1.5 (nagios-plugins 1.5)"
- 46.248.163.70 - - [12/Apr/2014:14:20:49 +0200] "HEAD / HTTP/1.1" 200 244 "-" "check_http/v1.4.16 (nagios-plugins 1.4.16)"
- 176.31.15.134 - - [12/Apr/2014:14:21:18 +0200] "HEAD / HTTP/1.1" 200 244 "-" "check_http/v1.4.16 (nagios-plugins 1.4.16)"
- 88.198.233.245 - - [12/Apr/2014:14:21:21 +0200] "HEAD / HTTP/1.1" 200 244 "-" "check_http/v1.5 (nagios-plugins 1.5)"
- 46.248.163.70 - - [12/Apr/2014:14:21:49 +0200] "HEAD / HTTP/1.1" 200 244 "-" "check_http/v1.4.16 (nagios-plugins 1.4.16)"
- 176.31.15.134 - - [12/Apr/2014:14:22:18 +0200] "HEAD / HTTP/1.1" 200 244 "-" "check_http/v1.4.16 (nagios-plugins 1.4.16)"
- 88.198.233.245 - - [12/Apr/2014:14:22:21 +0200] "HEAD / HTTP/1.1" 200 244 "-" "check_http/v1.5 (nagios-plugins 1.5)"
- 46.248.163.70 - - [12/Apr/2014:14:22:49 +0200] "HEAD / HTTP/1.1" 200 244 "-" "check_http/v1.4.16 (nagios-plugins 1.4.16)"
- 176.31.15.134 - - [12/Apr/2014:14:23:18 +0200] "HEAD / HTTP/1.1" 200 244 "-" "check_http/v1.4.16 (nagios-plugins 1.4.16)"
- 88.198.233.245 - - [12/Apr/2014:14:23:21 +0200] "HEAD / HTTP/1.1" 200 244 "-" "check_http/v1.5 (nagios-plugins 1.5)"
- 46.248.163.70 - - [12/Apr/2014:14:23:49 +0200] "HEAD / HTTP/1.1" 200 244 "-" "check_http/v1.4.16 (nagios-plugins 1.4.16)"
- 176.31.15.134 - - [12/Apr/2014:14:24:18 +0200] "HEAD / HTTP/1.1" 200 244 "-" "check_http/v1.4.16 (nagios-plugins 1.4.16)"
- 88.198.233.245 - - [12/Apr/2014:14:24:21 +0200] "HEAD / HTTP/1.1" 200 244 "-" "check_http/v1.5 (nagios-plugins 1.5)"
- 46.248.163.70 - - [12/Apr/2014:14:24:49 +0200] "HEAD / HTTP/1.1" 200 244 "-" "check_http/v1.4.16 (nagios-plugins 1.4.16)"
- 176.31.15.134 - - [12/Apr/2014:14:25:18 +0200] "HEAD / HTTP/1.1" 200 244 "-" "check_http/v1.4.16 (nagios-plugins 1.4.16)"
- 88.198.233.245 - - [12/Apr/2014:14:25:21 +0200] "HEAD / HTTP/1.1" 200 244 "-" "check_http/v1.5 (nagios-plugins 1.5)"
- 46.248.163.70 - - [12/Apr/2014:14:25:49 +0200] "HEAD / HTTP/1.1" 200 244 "-" "check_http/v1.4.16 (nagios-plugins 1.4.16)"
- 176.31.15.134 - - [12/Apr/2014:14:26:18 +0200] "HEAD / HTTP/1.1" 200 244 "-" "check_http/v1.4.16 (nagios-plugins 1.4.16)"
- 88.198.233.245 - - [12/Apr/2014:14:26:21 +0200] "HEAD / HTTP/1.1" 200 244 "-" "check_http/v1.5 (nagios-plugins 1.5)"
- 46.248.163.70 - - [12/Apr/2014:14:26:49 +0200] "HEAD / HTTP/1.1" 200 244 "-" "check_http/v1.4.16 (nagios-plugins 1.4.16)"
- 176.31.15.134 - - [12/Apr/2014:14:27:18 +0200] "HEAD / HTTP/1.1" 200 244 "-" "check_http/v1.4.16 (nagios-plugins 1.4.16)"
- 88.198.233.245 - - [12/Apr/2014:14:27:21 +0200] "HEAD / HTTP/1.1" 200 244 "-" "check_http/v1.5 (nagios-plugins 1.5)"
- 46.248.163.70 - - [12/Apr/2014:14:27:49 +0200] "HEAD / HTTP/1.1" 200 244 "-" "check_http/v1.4.16 (nagios-plugins 1.4.16)"
- 176.31.15.134 - - [12/Apr/2014:14:28:18 +0200] "HEAD / HTTP/1.1" 200 244 "-" "check_http/v1.4.16 (nagios-plugins 1.4.16)"
- 88.198.233.245 - - [12/Apr/2014:14:28:21 +0200] "HEAD / HTTP/1.1" 200 244 "-" "check_http/v1.5 (nagios-plugins 1.5)"
- 46.248.163.70 - - [12/Apr/2014:14:28:49 +0200] "HEAD / HTTP/1.1" 200 244 "-" "check_http/v1.4.16 (nagios-plugins 1.4.16)"
- 176.31.15.134 - - [12/Apr/2014:14:29:18 +0200] "HEAD / HTTP/1.1" 200 244 "-" "check_http/v1.4.16 (nagios-plugins 1.4.16)"
- 88.198.233.245 - - [12/Apr/2014:14:29:21 +0200] "HEAD / HTTP/1.1" 200 244 "-" "check_http/v1.5 (nagios-plugins 1.5)"
- 46.248.163.70 - - [12/Apr/2014:14:29:49 +0200] "HEAD / HTTP/1.1" 200 244 "-" "check_http/v1.4.16 (nagios-plugins 1.4.16)"
- 176.31.15.134 - - [12/Apr/2014:14:30:18 +0200] "HEAD / HTTP/1.1" 200 244 "-" "check_http/v1.4.16 (nagios-plugins 1.4.16)"
- 88.198.233.245 - - [12/Apr/2014:14:30:21 +0200] "HEAD / HTTP/1.1" 200 244 "-" "check_http/v1.5 (nagios-plugins 1.5)"
- 46.248.163.70 - - [12/Apr/2014:14:30:49 +0200] "HEAD / HTTP/1.1" 200 244 "-" "check_http/v1.4.16 (nagios-plugins 1.4.16)"
- 176.31.15.134 - - [12/Apr/2014:14:31:18 +0200] "HEAD / HTTP/1.1" 200 244 "-" "check_http/v1.4.16 (nagios-plugins 1.4.16)"
- 88.198.233.245 - - [12/Apr/2014:14:31:21 +0200] "HEAD / HTTP/1.1" 200 244 "-" "check_http/v1.5 (nagios-plugins 1.5)"
- 46.248.163.70 - - [12/Apr/2014:14:31:49 +0200] "HEAD / HTTP/1.1" 200 244 "-" "check_http/v1.4.16 (nagios-plugins 1.4.16)"
- 176.31.15.134 - - [12/Apr/2014:14:32:18 +0200] "HEAD / HTTP/1.1" 200 244 "-" "check_http/v1.4.16 (nagios-plugins 1.4.16)"
- 88.198.233.245 - - [12/Apr/2014:14:32:21 +0200] "HEAD / HTTP/1.1" 200 244 "-" "check_http/v1.5 (nagios-plugins 1.5)"
- 46.248.163.70 - - [12/Apr/2014:14:32:49 +0200] "HEAD / HTTP/1.1" 200 244 "-" "check_http/v1.4.16 (nagios-plugins 1.4.16)"
- 176.31.15.134 - - [12/Apr/2014:14:33:18 +0200] "HEAD / HTTP/1.1" 200 244 "-" "check_http/v1.4.16 (nagios-plugins 1.4.16)"
- 88.198.233.245 - - [12/Apr/2014:14:33:21 +0200] "HEAD / HTTP/1.1" 200 244 "-" "check_http/v1.5 (nagios-plugins 1.5)"
- 46.248.163.70 - - [12/Apr/2014:14:33:49 +0200] "HEAD / HTTP/1.1" 200 244 "-" "check_http/v1.4.16 (nagios-plugins 1.4.16)"
- 176.31.15.134 - - [12/Apr/2014:14:34:18 +0200] "HEAD / HTTP/1.1" 200 244 "-" "check_http/v1.4.16 (nagios-plugins 1.4.16)"
- 88.198.233.245 - - [12/Apr/2014:14:34:21 +0200] "HEAD / HTTP/1.1" 200 244 "-" "check_http/v1.5 (nagios-plugins 1.5)"
- 46.248.163.70 - - [12/Apr/2014:14:34:49 +0200] "HEAD / HTTP/1.1" 200 244 "-" "check_http/v1.4.16 (nagios-plugins 1.4.16)"
- 176.31.15.134 - - [12/Apr/2014:14:35:18 +0200] "HEAD / HTTP/1.1" 200 244 "-" "check_http/v1.4.16 (nagios-plugins 1.4.16)"
- 88.198.233.245 - - [12/Apr/2014:14:35:21 +0200] "HEAD / HTTP/1.1" 200 244 "-" "check_http/v1.5 (nagios-plugins 1.5)"
- 46.248.163.70 - - [12/Apr/2014:14:35:49 +0200] "HEAD / HTTP/1.1" 200 244 "-" "check_http/v1.4.16 (nagios-plugins 1.4.16)"
- 176.31.15.134 - - [12/Apr/2014:14:36:18 +0200] "HEAD / HTTP/1.1" 200 244 "-" "check_http/v1.4.16 (nagios-plugins 1.4.16)"
- 88.198.233.245 - - [12/Apr/2014:14:36:21 +0200] "HEAD / HTTP/1.1" 200 244 "-" "check_http/v1.5 (nagios-plugins 1.5)"
- 46.248.163.70 - - [12/Apr/2014:14:36:49 +0200] "HEAD / HTTP/1.1" 200 244 "-" "check_http/v1.4.16 (nagios-plugins 1.4.16)"
- 176.31.15.134 - - [12/Apr/2014:14:37:18 +0200] "HEAD / HTTP/1.1" 200 244 "-" "check_http/v1.4.16 (nagios-plugins 1.4.16)"
- 88.198.233.245 - - [12/Apr/2014:14:37:21 +0200] "HEAD / HTTP/1.1" 200 244 "-" "check_http/v1.5 (nagios-plugins 1.5)"
- 46.248.163.70 - - [12/Apr/2014:14:37:49 +0200] "HEAD / HTTP/1.1" 200 244 "-" "check_http/v1.4.16 (nagios-plugins 1.4.16)"
- 176.31.15.134 - - [12/Apr/2014:14:38:18 +0200] "HEAD / HTTP/1.1" 200 244 "-" "check_http/v1.4.16 (nagios-plugins 1.4.16)"
- 88.198.233.245 - - [12/Apr/2014:14:38:21 +0200] "HEAD / HTTP/1.1" 200 244 "-" "check_http/v1.5 (nagios-plugins 1.5)"
- 46.248.163.70 - - [12/Apr/2014:14:38:49 +0200] "HEAD / HTTP/1.1" 200 244 "-" "check_http/v1.4.16 (nagios-plugins 1.4.16)"
- 176.31.15.134 - - [12/Apr/2014:14:39:18 +0200] "HEAD / HTTP/1.1" 200 244 "-" "check_http/v1.4.16 (nagios-plugins 1.4.16)"
- 88.198.233.245 - - [12/Apr/2014:14:39:21 +0200] "HEAD / HTTP/1.1" 200 244 "-" "check_http/v1.5 (nagios-plugins 1.5)"
- 157.56.93.96 - - [12/Apr/2014:14:39:28 +0200] "GET /s/65 HTTP/1.1" 301 571 "-" "Mozilla/5.0 (compatible; bingbot/2.0; +http://www.bing.com/bingbot.htm)"
- 46.248.163.70 - - [12/Apr/2014:14:39:49 +0200] "HEAD / HTTP/1.1" 200 244 "-" "check_http/v1.4.16 (nagios-plugins 1.4.16)"
- 176.31.15.134 - - [12/Apr/2014:14:40:18 +0200] "HEAD / HTTP/1.1" 200 244 "-" "check_http/v1.4.16 (nagios-plugins 1.4.16)"
- 88.198.233.245 - - [12/Apr/2014:14:40:21 +0200] "HEAD / HTTP/1.1" 200 244 "-" "check_http/v1.5 (nagios-plugins 1.5)"
- 46.248.163.70 - - [12/Apr/2014:14:40:49 +0200] "HEAD / HTTP/1.1" 200 244 "-" "check_http/v1.4.16 (nagios-plugins 1.4.16)"
- 176.31.15.134 - - [12/Apr/2014:14:41:18 +0200] "HEAD / HTTP/1.1" 200 244 "-" "check_http/v1.4.16 (nagios-plugins 1.4.16)"
- 88.198.233.245 - - [12/Apr/2014:14:41:21 +0200] "HEAD / HTTP/1.1" 200 244 "-" "check_http/v1.5 (nagios-plugins 1.5)"
- 46.248.163.70 - - [12/Apr/2014:14:41:49 +0200] "HEAD / HTTP/1.1" 200 244 "-" "check_http/v1.4.16 (nagios-plugins 1.4.16)"
- 176.31.15.134 - - [12/Apr/2014:14:42:18 +0200] "HEAD / HTTP/1.1" 200 244 "-" "check_http/v1.4.16 (nagios-plugins 1.4.16)"
- 88.198.233.245 - - [12/Apr/2014:14:42:21 +0200] "HEAD / HTTP/1.1" 200 244 "-" "check_http/v1.5 (nagios-plugins 1.5)"
- 46.248.163.70 - - [12/Apr/2014:14:42:49 +0200] "HEAD / HTTP/1.1" 200 244 "-" "check_http/v1.4.16 (nagios-plugins 1.4.16)"
- 176.31.15.134 - - [12/Apr/2014:14:43:18 +0200] "HEAD / HTTP/1.1" 200 244 "-" "check_http/v1.4.16 (nagios-plugins 1.4.16)"
- 88.198.233.245 - - [12/Apr/2014:14:43:21 +0200] "HEAD / HTTP/1.1" 200 244 "-" "check_http/v1.5 (nagios-plugins 1.5)"
- 46.248.163.70 - - [12/Apr/2014:14:43:49 +0200] "HEAD / HTTP/1.1" 200 244 "-" "check_http/v1.4.16 (nagios-plugins 1.4.16)"
- 5.10.83.49 - - [12/Apr/2014:14:43:56 +0200] "GET /source/new/salesforce HTTP/1.1" 200 3954 "-" "Mozilla/5.0 (compatible; AhrefsBot/5.0; +http://ahrefs.com/robot/)"
- 176.31.15.134 - - [12/Apr/2014:14:44:18 +0200] "HEAD / HTTP/1.1" 200 244 "-" "check_http/v1.4.16 (nagios-plugins 1.4.16)"
- 88.198.233.245 - - [12/Apr/2014:14:44:21 +0200] "HEAD / HTTP/1.1" 200 244 "-" "check_http/v1.5 (nagios-plugins 1.5)"
- 46.248.163.70 - - [12/Apr/2014:14:44:49 +0200] "HEAD / HTTP/1.1" 200 244 "-" "check_http/v1.4.16 (nagios-plugins 1.4.16)"
- 176.31.15.134 - - [12/Apr/2014:14:45:18 +0200] "HEAD / HTTP/1.1" 200 244 "-" "check_http/v1.4.16 (nagios-plugins 1.4.16)"
- 88.198.233.245 - - [12/Apr/2014:14:45:21 +0200] "HEAD / HTTP/1.1" 200 244 "-" "check_http/v1.5 (nagios-plugins 1.5)"
- 46.248.163.70 - - [12/Apr/2014:14:45:49 +0200] "HEAD / HTTP/1.1" 200 244 "-" "check_http/v1.4.16 (nagios-plugins 1.4.16)"
- 176.31.15.134 - - [12/Apr/2014:14:46:18 +0200] "HEAD / HTTP/1.1" 200 244 "-" "check_http/v1.4.16 (nagios-plugins 1.4.16)"
- 88.198.233.245 - - [12/Apr/2014:14:46:21 +0200] "HEAD / HTTP/1.1" 200 244 "-" "check_http/v1.5 (nagios-plugins 1.5)"
- 46.248.163.70 - - [12/Apr/2014:14:46:49 +0200] "HEAD / HTTP/1.1" 200 244 "-" "check_http/v1.4.16 (nagios-plugins 1.4.16)"
- 176.31.15.134 - - [12/Apr/2014:14:47:18 +0200] "HEAD / HTTP/1.1" 200 244 "-" "check_http/v1.4.16 (nagios-plugins 1.4.16)"
- 88.198.233.245 - - [12/Apr/2014:14:47:21 +0200] "HEAD / HTTP/1.1" 200 244 "-" "check_http/v1.5 (nagios-plugins 1.5)"
- 46.248.163.70 - - [12/Apr/2014:14:47:49 +0200] "HEAD / HTTP/1.1" 200 244 "-" "check_http/v1.4.16 (nagios-plugins 1.4.16)"
- 176.31.15.134 - - [12/Apr/2014:14:48:18 +0200] "HEAD / HTTP/1.1" 200 244 "-" "check_http/v1.4.16 (nagios-plugins 1.4.16)"
- 88.198.233.245 - - [12/Apr/2014:14:48:21 +0200] "HEAD / HTTP/1.1" 200 244 "-" "check_http/v1.5 (nagios-plugins 1.5)"
- 46.248.163.70 - - [12/Apr/2014:14:48:49 +0200] "HEAD / HTTP/1.1" 200 244 "-" "check_http/v1.4.16 (nagios-plugins 1.4.16)"
- 176.31.15.134 - - [12/Apr/2014:14:49:18 +0200] "HEAD / HTTP/1.1" 200 244 "-" "check_http/v1.4.16 (nagios-plugins 1.4.16)"
- 88.198.233.245 - - [12/Apr/2014:14:49:21 +0200] "HEAD / HTTP/1.1" 200 244 "-" "check_http/v1.5 (nagios-plugins 1.5)"
- 46.248.163.70 - - [12/Apr/2014:14:49:49 +0200] "HEAD / HTTP/1.1" 200 244 "-" "check_http/v1.4.16 (nagios-plugins 1.4.16)"
- 176.31.15.134 - - [12/Apr/2014:14:50:18 +0200] "HEAD / HTTP/1.1" 200 244 "-" "check_http/v1.4.16 (nagios-plugins 1.4.16)"
- 88.198.233.245 - - [12/Apr/2014:14:50:21 +0200] "HEAD / HTTP/1.1" 200 244 "-" "check_http/v1.5 (nagios-plugins 1.5)"
- 46.248.163.70 - - [12/Apr/2014:14:50:49 +0200] "HEAD / HTTP/1.1" 200 244 "-" "check_http/v1.4.16 (nagios-plugins 1.4.16)"
- 176.31.15.134 - - [12/Apr/2014:14:51:18 +0200] "HEAD / HTTP/1.1" 200 244 "-" "check_http/v1.4.16 (nagios-plugins 1.4.16)"
- 88.198.233.245 - - [12/Apr/2014:14:51:21 +0200] "HEAD / HTTP/1.1" 200 244 "-" "check_http/v1.5 (nagios-plugins 1.5)"
- 46.248.163.70 - - [12/Apr/2014:14:51:49 +0200] "HEAD / HTTP/1.1" 200 244 "-" "check_http/v1.4.16 (nagios-plugins 1.4.16)"
- 176.31.15.134 - - [12/Apr/2014:14:52:18 +0200] "HEAD / HTTP/1.1" 200 244 "-" "check_http/v1.4.16 (nagios-plugins 1.4.16)"
- 88.198.233.245 - - [12/Apr/2014:14:52:21 +0200] "HEAD / HTTP/1.1" 200 244 "-" "check_http/v1.5 (nagios-plugins 1.5)"
- 46.248.163.70 - - [12/Apr/2014:14:52:49 +0200] "HEAD / HTTP/1.1" 200 244 "-" "check_http/v1.4.16 (nagios-plugins 1.4.16)"
- 176.31.15.134 - - [12/Apr/2014:14:53:18 +0200] "HEAD / HTTP/1.1" 200 244 "-" "check_http/v1.4.16 (nagios-plugins 1.4.16)"
- 88.198.233.245 - - [12/Apr/2014:14:53:21 +0200] "HEAD / HTTP/1.1" 200 244 "-" "check_http/v1.5 (nagios-plugins 1.5)"
- 46.248.163.70 - - [12/Apr/2014:14:53:49 +0200] "HEAD / HTTP/1.1" 200 244 "-" "check_http/v1.4.16 (nagios-plugins 1.4.16)"
- 176.31.15.134 - - [12/Apr/2014:14:54:18 +0200] "HEAD / HTTP/1.1" 200 244 "-" "check_http/v1.4.16 (nagios-plugins 1.4.16)"
- 88.198.233.245 - - [12/Apr/2014:14:54:21 +0200] "HEAD / HTTP/1.1" 200 244 "-" "check_http/v1.5 (nagios-plugins 1.5)"
- 46.248.163.70 - - [12/Apr/2014:14:54:49 +0200] "HEAD / HTTP/1.1" 200 244 "-" "check_http/v1.4.16 (nagios-plugins 1.4.16)"
- 176.31.15.134 - - [12/Apr/2014:14:55:18 +0200] "HEAD / HTTP/1.1" 200 244 "-" "check_http/v1.4.16 (nagios-plugins 1.4.16)"
- 88.198.233.245 - - [12/Apr/2014:14:55:21 +0200] "HEAD / HTTP/1.1" 200 244 "-" "check_http/v1.5 (nagios-plugins 1.5)"
- 46.248.163.70 - - [12/Apr/2014:14:55:49 +0200] "HEAD / HTTP/1.1" 200 244 "-" "check_http/v1.4.16 (nagios-plugins 1.4.16)"
- 134.249.48.26 - - [12/Apr/2014:14:55:50 +0200] "GET /perl HTTP/1.1" 200 33738 "http://club-samodelkin.ru/" "Opera/7.54 (Windows NT 5.1; U)  [pl]"
- 134.249.48.26 - - [12/Apr/2014:14:55:50 +0200] "GET /perl HTTP/1.1" 200 33738 "http://club-samodelkin.ru/" "Opera/7.54 (Windows NT 5.1; U)  [pl]"
- 134.249.48.26 - - [12/Apr/2014:14:55:51 +0200] "GET /perl HTTP/1.1" 200 33738 "http://club-samodelkin.ru/" "Opera/7.54 (Windows NT 5.1; U)  [pl]"
- 37.145.27.93 - - [12/Apr/2014:14:55:53 +0200] "GET / HTTP/1.1" 200 12763 "-" "Mozilla/5.0 (X11; Linux i686) AppleWebKit/537.36 (KHTML, like Gecko) Chrome/34.0.1847.116 Safari/537.36"
- 37.145.27.93 - - [12/Apr/2014:14:55:53 +0200] "GET /static/jquery-ui-1.9.2.custom/css/flick/jquery-ui-1.9.2.custom.min.css HTTP/1.1" 200 5550 "http://whoisusing.it/" "Mozilla/5.0 (X11; Linux i686) AppleWebKit/537.36 (KHTML, like Gecko) Chrome/34.0.1847.116 Safari/537.36"
- 37.145.27.93 - - [12/Apr/2014:14:55:53 +0200] "GET /static/tag-it/css/jquery.tagit.css HTTP/1.1" 200 812 "http://whoisusing.it/" "Mozilla/5.0 (X11; Linux i686) AppleWebKit/537.36 (KHTML, like Gecko) Chrome/34.0.1847.116 Safari/537.36"
- 37.145.27.93 - - [12/Apr/2014:14:55:53 +0200] "GET /static/base.css HTTP/1.1" 200 1265 "http://whoisusing.it/" "Mozilla/5.0 (X11; Linux i686) AppleWebKit/537.36 (KHTML, like Gecko) Chrome/34.0.1847.116 Safari/537.36"
- 37.145.27.93 - - [12/Apr/2014:14:55:53 +0200] "GET /static/js/jquery.color-2.1.2.min.js HTTP/1.1" 200 3090 "http://whoisusing.it/" "Mozilla/5.0 (X11; Linux i686) AppleWebKit/537.36 (KHTML, like Gecko) Chrome/34.0.1847.116 Safari/537.36"
- 37.145.27.93 - - [12/Apr/2014:14:55:53 +0200] "GET /static/tag-it/js/tag-it.min.js HTTP/1.1" 200 2821 "http://whoisusing.it/" "Mozilla/5.0 (X11; Linux i686) AppleWebKit/537.36 (KHTML, like Gecko) Chrome/34.0.1847.116 Safari/537.36"
